01:19:53 **** Incremental Build of configuration Debug for project Motor_Controller ****
make -j8 all 
Building file: ../src/Motor/Motor.c
Building file: ../src/Motor/PID.c
Building file: ../src/main.c
Invoking: MCU GCC Compiler
Invoking: MCU GCC Compiler
Invoking: MCU GCC Compiler
/home/simon/Design_3_git/Motor_Controller_SW4STM_Workspace/Motor_Controller/Debug
/home/simon/Design_3_git/Motor_Controller_SW4STM_Workspace/Motor_Controller/Debug
arm-none-eabi-gcc -mcpu=cortex-m4 -mthumb -mfloat-abi=hard -mfpu=fpv4-sp-d16 -DSTM32 -DSTM32F4 -DSTM32F407VGTx -DSTM32F407G_DISC1 -DDEBUG -DSTM32F40XX -DSTM32F40_41xxx -DUSE_STDPERIPH_DRIVER -I"/home/simon/Design_3_git/Motor_Controller_SW4STM_Workspace/Motor_Controller/StdPeriph_Driver/inc" -I"/home/simon/Design_3_git/Motor_Controller_SW4STM_Workspace/Motor_Controller/inc" -I"/home/simon/Design_3_git/Motor_Controller_SW4STM_Workspace/Motor_Controller/CMSIS/device" -I"/home/simon/Design_3_git/Motor_Controller_SW4STM_Workspace/Motor_Controller/CMSIS/core" -O0 -g3 -Wall -fmessage-length=0 -ffunction-sections -c -MMD -MP -MF"src/Motor/Motor.d" -MT"src/Motor/Motor.o" -o "src/Motor/Motor.o" "../src/Motor/Motor.c"
/home/simon/Design_3_git/Motor_Controller_SW4STM_Workspace/Motor_Controller/Debug
arm-none-eabi-gcc -mcpu=cortex-m4 -mthumb -mfloat-abi=hard -mfpu=fpv4-sp-d16 -DSTM32 -DSTM32F4 -DSTM32F407VGTx -DSTM32F407G_DISC1 -DDEBUG -DSTM32F40XX -DSTM32F40_41xxx -DUSE_STDPERIPH_DRIVER -I"/home/simon/Design_3_git/Motor_Controller_SW4STM_Workspace/Motor_Controller/StdPeriph_Driver/inc" -I"/home/simon/Design_3_git/Motor_Controller_SW4STM_Workspace/Motor_Controller/inc" -I"/home/simon/Design_3_git/Motor_Controller_SW4STM_Workspace/Motor_Controller/CMSIS/device" -I"/home/simon/Design_3_git/Motor_Controller_SW4STM_Workspace/Motor_Controller/CMSIS/core" -O0 -g3 -Wall -fmessage-length=0 -ffunction-sections -c -MMD -MP -MF"src/Motor/PID.d" -MT"src/Motor/PID.o" -o "src/Motor/PID.o" "../src/Motor/PID.c"
arm-none-eabi-gcc -mcpu=cortex-m4 -mthumb -mfloat-abi=hard -mfpu=fpv4-sp-d16 -DSTM32 -DSTM32F4 -DSTM32F407VGTx -DSTM32F407G_DISC1 -DDEBUG -DSTM32F40XX -DSTM32F40_41xxx -DUSE_STDPERIPH_DRIVER -I"/home/simon/Design_3_git/Motor_Controller_SW4STM_Workspace/Motor_Controller/StdPeriph_Driver/inc" -I"/home/simon/Design_3_git/Motor_Controller_SW4STM_Workspace/Motor_Controller/inc" -I"/home/simon/Design_3_git/Motor_Controller_SW4STM_Workspace/Motor_Controller/CMSIS/device" -I"/home/simon/Design_3_git/Motor_Controller_SW4STM_Workspace/Motor_Controller/CMSIS/core" -O0 -g3 -Wall -fmessage-length=0 -ffunction-sections -c -MMD -MP -MF"src/main.d" -MT"src/main.o" -o "src/main.o" "../src/main.c"
../src/Motor/PID.c: In function 'PID_compute':
../src/Motor/PID.c:95:17: error: invalid operands to binary + (have 'struct <anonymous>' and 'double')
  PID_1.position += ((float)((int)motor_1_tick - 32762)) * TICK_TO_METER;
                 ^~
../src/Motor/PID.c:96:17: error: invalid operands to binary + (have 'struct <anonymous>' and 'double')
  PID_1.position += ((float)((int)motor_2_tick - 32762)) * TICK_TO_METER;
                 ^~
../src/Motor/PID.c:97:17: error: invalid operands to binary + (have 'struct <anonymous>' and 'double')
  PID_1.position += ((float)((int)motor_3_tick - 32762)) * TICK_TO_METER;
                 ^~
../src/Motor/PID.c:98:17: error: invalid operands to binary + (have 'struct <anonymous>' and 'double')
  PID_1.position += ((float)((int)motor_4_tick - 32762)) * TICK_TO_METER;
                 ^~
../src/Motor/PID.c:102:59: error: invalid operands to binary - (have 'float' and 'struct <anonymous>')
  PID_1.erreur_position.new  = PID_1.consigne_position.new - PID_1.position;
                               ~~~~~~~~~~~~~~~~~~~~~~~~~~~ ^ ~~~~~~~~~~~~~~
../src/Motor/PID.c:127:49: error: invalid operands to binary * (have 'struct <anonymous>' and 'double')
  PID_1.integral.vitesse += PID_1.erreur_vitesse * CONTROL_LOOP_INTERVAL;
                            ~~~~~~~~~~~~~~~~~~~~ ^
make: *** [src/Motor/PID.o] Error 1
src/Motor/subdir.mk:21: recipe for target 'src/Motor/PID.o' failed
make: *** Waiting for unfinished jobs....
Finished building: ../src/main.c
 
Finished building: ../src/Motor/Motor.c
 
01:20:42 **** Incremental Build of configuration Debug for project Motor_Controller ****
make -j8 all 
Building file: ../src/Motor/PID.c
Invoking: MCU GCC Compiler
/home/simon/Design_3_git/Motor_Controller_SW4STM_Workspace/Motor_Controller/Debug
arm-none-eabi-gcc -mcpu=cortex-m4 -mthumb -mfloat-abi=hard -mfpu=fpv4-sp-d16 -DSTM32 -DSTM32F4 -DSTM32F407VGTx -DSTM32F407G_DISC1 -DDEBUG -DSTM32F40XX -DSTM32F40_41xxx -DUSE_STDPERIPH_DRIVER -I"/home/simon/Design_3_git/Motor_Controller_SW4STM_Workspace/Motor_Controller/StdPeriph_Driver/inc" -I"/home/simon/Design_3_git/Motor_Controller_SW4STM_Workspace/Motor_Controller/inc" -I"/home/simon/Design_3_git/Motor_Controller_SW4STM_Workspace/Motor_Controller/CMSIS/device" -I"/home/simon/Design_3_git/Motor_Controller_SW4STM_Workspace/Motor_Controller/CMSIS/core" -O0 -g3 -Wall -fmessage-length=0 -ffunction-sections -c -MMD -MP -MF"src/Motor/PID.d" -MT"src/Motor/PID.o" -o "src/Motor/PID.o" "../src/Motor/PID.c"
../src/Motor/PID.c: In function 'PID_compute':
../src/Motor/PID.c:127:49: error: invalid operands to binary * (have 'struct <anonymous>' and 'double')
  PID_1.integral.vitesse += PID_1.erreur_vitesse * CONTROL_LOOP_INTERVAL;
                            ~~~~~~~~~~~~~~~~~~~~ ^
src/Motor/subdir.mk:21: recipe for target 'src/Motor/PID.o' failed
make: *** [src/Motor/PID.o] Error 1
01:21:04 **** Incremental Build of configuration Debug for project Motor_Controller ****
make -j8 all 
Building file: ../src/Motor/PID.c
Invoking: MCU GCC Compiler
/home/simon/Design_3_git/Motor_Controller_SW4STM_Workspace/Motor_Controller/Debug
arm-none-eabi-gcc -mcpu=cortex-m4 -mthumb -mfloat-abi=hard -mfpu=fpv4-sp-d16 -DSTM32 -DSTM32F4 -DSTM32F407VGTx -DSTM32F407G_DISC1 -DDEBUG -DSTM32F40XX -DSTM32F40_41xxx -DUSE_STDPERIPH_DRIVER -I"/home/simon/Design_3_git/Motor_Controller_SW4STM_Workspace/Motor_Controller/StdPeriph_Driver/inc" -I"/home/simon/Design_3_git/Motor_Controller_SW4STM_Workspace/Motor_Controller/inc" -I"/home/simon/Design_3_git/Motor_Controller_SW4STM_Workspace/Motor_Controller/CMSIS/device" -I"/home/simon/Design_3_git/Motor_Controller_SW4STM_Workspace/Motor_Controller/CMSIS/core" -O0 -g3 -Wall -fmessage-length=0 -ffunction-sections -c -MMD -MP -MF"src/Motor/PID.d" -MT"src/Motor/PID.o" -o "src/Motor/PID.o" "../src/Motor/PID.c"
Finished building: ../src/Motor/PID.c
 
Building target: Motor_Controller.elf
Invoking: MCU G++ Linker
arm-none-eabi-g++ -mcpu=cortex-m4 -mthumb -mfloat-abi=hard -mfpu=fpv4-sp-d16 -u _printf_float -T"/home/simon/Design_3_git/Motor_Controller_SW4STM_Workspace/Motor_Controller/LinkerScript.ld" -Wl,-Map=output.map -Wl,--gc-sections -fno-exceptions -fno-rtti -o "Motor_Controller.elf" @"objects.list"   -lm
src/main.o: In function `main':
/home/simon/Design_3_git/Motor_Controller_SW4STM_Workspace/Motor_Controller/Debug/../src/main.c:65: undefined reference to `motor_1'
collect2: error: ld returned 1 exit status
make: *** [Motor_Controller.elf] Error 1
makefile:52: recipe for target 'Motor_Controller.elf' failed
01:21:09 **** Incremental Build of configuration Debug for project Motor_Controller ****
make -j8 all 
Building target: Motor_Controller.elf
Invoking: MCU G++ Linker
arm-none-eabi-g++ -mcpu=cortex-m4 -mthumb -mfloat-abi=hard -mfpu=fpv4-sp-d16 -u _printf_float -T"/home/simon/Design_3_git/Motor_Controller_SW4STM_Workspace/Motor_Controller/LinkerScript.ld" -Wl,-Map=output.map -Wl,--gc-sections -fno-exceptions -fno-rtti -o "Motor_Controller.elf" @"objects.list"   -lm
src/main.o: In function `main':
/home/simon/Design_3_git/Motor_Controller_SW4STM_Workspace/Motor_Controller/Debug/../src/main.c:65: undefined reference to `motor_1'
collect2: error: ld returned 1 exit status
makefile:52: recipe for target 'Motor_Controller.elf' failed
make: *** [Motor_Controller.elf] Error 1
01:21:26 **** Incremental Build of configuration Debug for project Motor_Controller ****
make -j8 all 
Building file: ../src/main.c
Invoking: MCU GCC Compiler
/home/simon/Design_3_git/Motor_Controller_SW4STM_Workspace/Motor_Controller/Debug
arm-none-eabi-gcc -mcpu=cortex-m4 -mthumb -mfloat-abi=hard -mfpu=fpv4-sp-d16 -DSTM32 -DSTM32F4 -DSTM32F407VGTx -DSTM32F407G_DISC1 -DDEBUG -DSTM32F40XX -DSTM32F40_41xxx -DUSE_STDPERIPH_DRIVER -I"/home/simon/Design_3_git/Motor_Controller_SW4STM_Workspace/Motor_Controller/StdPeriph_Driver/inc" -I"/home/simon/Design_3_git/Motor_Controller_SW4STM_Workspace/Motor_Controller/inc" -I"/home/simon/Design_3_git/Motor_Controller_SW4STM_Workspace/Motor_Controller/CMSIS/device" -I"/home/simon/Design_3_git/Motor_Controller_SW4STM_Workspace/Motor_Controller/CMSIS/core" -O0 -g3 -Wall -fmessage-length=0 -ffunction-sections -c -MMD -MP -MF"src/main.d" -MT"src/main.o" -o "src/main.o" "../src/main.c"
../src/main.c: In function 'main':
../src/main.c:54:106: error: 'motor_1' undeclared (first use in this function)
    sprintf(s,"Motor 1 displacement : <%f m> Motor 1 speed : <%f m/s> Motor1 acceleration : <%f m/s^2>\n",motor_1.displacement,motor_1.speed.new,motor_1.acceleration);
                                                                                                          ^~~~~~~
../src/main.c:54:106: note: each undeclared identifier is reported only once for each function it appears in
make: *** [src/main.o] Error 1
src/subdir.mk:24: recipe for target 'src/main.o' failed
01:22:19 **** Incremental Build of configuration Debug for project Motor_Controller ****
make -j8 all 
Building file: ../src/main.c
Invoking: MCU GCC Compiler
/home/simon/Design_3_git/Motor_Controller_SW4STM_Workspace/Motor_Controller/Debug
arm-none-eabi-gcc -mcpu=cortex-m4 -mthumb -mfloat-abi=hard -mfpu=fpv4-sp-d16 -DSTM32 -DSTM32F4 -DSTM32F407VGTx -DSTM32F407G_DISC1 -DDEBUG -DSTM32F40XX -DSTM32F40_41xxx -DUSE_STDPERIPH_DRIVER -I"/home/simon/Design_3_git/Motor_Controller_SW4STM_Workspace/Motor_Controller/StdPeriph_Driver/inc" -I"/home/simon/Design_3_git/Motor_Controller_SW4STM_Workspace/Motor_Controller/inc" -I"/home/simon/Design_3_git/Motor_Controller_SW4STM_Workspace/Motor_Controller/CMSIS/device" -I"/home/simon/Design_3_git/Motor_Controller_SW4STM_Workspace/Motor_Controller/CMSIS/core" -O0 -g3 -Wall -fmessage-length=0 -ffunction-sections -c -MMD -MP -MF"src/main.d" -MT"src/main.o" -o "src/main.o" "../src/main.c"
../src/main.c: In function 'main':
../src/main.c:83:7: warning: unused variable 's' [-Wunused-variable]
  char s[1000];
       ^
Finished building: ../src/main.c
 
Building target: Motor_Controller.elf
Invoking: MCU G++ Linker
arm-none-eabi-g++ -mcpu=cortex-m4 -mthumb -mfloat-abi=hard -mfpu=fpv4-sp-d16 -u _printf_float -T"/home/simon/Design_3_git/Motor_Controller_SW4STM_Workspace/Motor_Controller/LinkerScript.ld" -Wl,-Map=output.map -Wl,--gc-sections -fno-exceptions -fno-rtti -o "Motor_Controller.elf" @"objects.list"   -lm
Finished building target: Motor_Controller.elf
 
make --no-print-directory post-build
Generating binary and Printing size information:
arm-none-eabi-objcopy -O binary "Motor_Controller.elf" "Motor_Controller.bin"
arm-none-eabi-size "Motor_Controller.elf"
   text	   data	    bss	    dec	    hex	filename
  10388	   1120	   1524	  13032	   32e8	Motor_Controller.elf
 
01:22:24 **** Incremental Build of configuration Debug for project Motor_Controller ****
make -j8 all 
make: Nothing to be done for 'all'.
01:23:08 **** Incremental Build of configuration Debug for project Motor_Controller ****
make -j8 all 
Building file: ../src/Motor/PID.c
Building file: ../src/main.c
Invoking: MCU GCC Compiler
Invoking: MCU GCC Compiler
/home/simon/Design_3_git/Motor_Controller_SW4STM_Workspace/Motor_Controller/Debug
arm-none-eabi-gcc -mcpu=cortex-m4 -mthumb -mfloat-abi=hard -mfpu=fpv4-sp-d16 -DSTM32 -DSTM32F4 -DSTM32F407VGTx -DSTM32F407G_DISC1 -DDEBUG -DSTM32F40XX -DSTM32F40_41xxx -DUSE_STDPERIPH_DRIVER -I"/home/simon/Design_3_git/Motor_Controller_SW4STM_Workspace/Motor_Controller/StdPeriph_Driver/inc" -I"/home/simon/Design_3_git/Motor_Controller_SW4STM_Workspace/Motor_Controller/inc" -I"/home/simon/Design_3_git/Motor_Controller_SW4STM_Workspace/Motor_Controller/CMSIS/device" -I"/home/simon/Design_3_git/Motor_Controller_SW4STM_Workspace/Motor_Controller/CMSIS/core" -O0 -g3 -Wall -fmessage-length=0 -ffunction-sections -c -MMD -MP -MF"src/Motor/PID.d" -MT"src/Motor/PID.o" -o "src/Motor/PID.o" "../src/Motor/PID.c"
/home/simon/Design_3_git/Motor_Controller_SW4STM_Workspace/Motor_Controller/Debug
arm-none-eabi-gcc -mcpu=cortex-m4 -mthumb -mfloat-abi=hard -mfpu=fpv4-sp-d16 -DSTM32 -DSTM32F4 -DSTM32F407VGTx -DSTM32F407G_DISC1 -DDEBUG -DSTM32F40XX -DSTM32F40_41xxx -DUSE_STDPERIPH_DRIVER -I"/home/simon/Design_3_git/Motor_Controller_SW4STM_Workspace/Motor_Controller/StdPeriph_Driver/inc" -I"/home/simon/Design_3_git/Motor_Controller_SW4STM_Workspace/Motor_Controller/inc" -I"/home/simon/Design_3_git/Motor_Controller_SW4STM_Workspace/Motor_Controller/CMSIS/device" -I"/home/simon/Design_3_git/Motor_Controller_SW4STM_Workspace/Motor_Controller/CMSIS/core" -O0 -g3 -Wall -fmessage-length=0 -ffunction-sections -c -MMD -MP -MF"src/main.d" -MT"src/main.o" -o "src/main.o" "../src/main.c"
../src/main.c: In function 'main':
../src/main.c:83:7: warning: unused variable 's' [-Wunused-variable]
  char s[1000];
       ^
Finished building: ../src/Motor/PID.c
 
Finished building: ../src/main.c
 
Building target: Motor_Controller.elf
Invoking: MCU G++ Linker
arm-none-eabi-g++ -mcpu=cortex-m4 -mthumb -mfloat-abi=hard -mfpu=fpv4-sp-d16 -u _printf_float -T"/home/simon/Design_3_git/Motor_Controller_SW4STM_Workspace/Motor_Controller/LinkerScript.ld" -Wl,-Map=output.map -Wl,--gc-sections -fno-exceptions -fno-rtti -o "Motor_Controller.elf" @"objects.list"   -lm
Finished building target: Motor_Controller.elf
 
make --no-print-directory post-build
Generating binary and Printing size information:
arm-none-eabi-objcopy -O binary "Motor_Controller.elf" "Motor_Controller.bin"
arm-none-eabi-size "Motor_Controller.elf"
   text	   data	    bss	    dec	    hex	filename
  10404	   1120	   1524	  13048	   32f8	Motor_Controller.elf
 
01:23:31 **** Incremental Build of configuration Debug for project Motor_Controller ****
make -j8 all 
Building file: ../src/Motor/PID.c
Building file: ../src/main.c
Invoking: MCU GCC Compiler
Invoking: MCU GCC Compiler
/home/simon/Design_3_git/Motor_Controller_SW4STM_Workspace/Motor_Controller/Debug
arm-none-eabi-gcc -mcpu=cortex-m4 -mthumb -mfloat-abi=hard -mfpu=fpv4-sp-d16 -DSTM32 -DSTM32F4 -DSTM32F407VGTx -DSTM32F407G_DISC1 -DDEBUG -DSTM32F40XX -DSTM32F40_41xxx -DUSE_STDPERIPH_DRIVER -I"/home/simon/Design_3_git/Motor_Controller_SW4STM_Workspace/Motor_Controller/StdPeriph_Driver/inc" -I"/home/simon/Design_3_git/Motor_Controller_SW4STM_Workspace/Motor_Controller/inc" -I"/home/simon/Design_3_git/Motor_Controller_SW4STM_Workspace/Motor_Controller/CMSIS/device" -I"/home/simon/Design_3_git/Motor_Controller_SW4STM_Workspace/Motor_Controller/CMSIS/core" -O0 -g3 -Wall -fmessage-length=0 -ffunction-sections -c -MMD -MP -MF"src/Motor/PID.d" -MT"src/Motor/PID.o" -o "src/Motor/PID.o" "../src/Motor/PID.c"
/home/simon/Design_3_git/Motor_Controller_SW4STM_Workspace/Motor_Controller/Debug
arm-none-eabi-gcc -mcpu=cortex-m4 -mthumb -mfloat-abi=hard -mfpu=fpv4-sp-d16 -DSTM32 -DSTM32F4 -DSTM32F407VGTx -DSTM32F407G_DISC1 -DDEBUG -DSTM32F40XX -DSTM32F40_41xxx -DUSE_STDPERIPH_DRIVER -I"/home/simon/Design_3_git/Motor_Controller_SW4STM_Workspace/Motor_Controller/StdPeriph_Driver/inc" -I"/home/simon/Design_3_git/Motor_Controller_SW4STM_Workspace/Motor_Controller/inc" -I"/home/simon/Design_3_git/Motor_Controller_SW4STM_Workspace/Motor_Controller/CMSIS/device" -I"/home/simon/Design_3_git/Motor_Controller_SW4STM_Workspace/Motor_Controller/CMSIS/core" -O0 -g3 -Wall -fmessage-length=0 -ffunction-sections -c -MMD -MP -MF"src/main.d" -MT"src/main.o" -o "src/main.o" "../src/main.c"
../src/main.c: In function 'main':
../src/main.c:83:7: warning: unused variable 's' [-Wunused-variable]
  char s[1000];
       ^
Finished building: ../src/Motor/PID.c
 
Finished building: ../src/main.c
 
Building target: Motor_Controller.elf
Invoking: MCU G++ Linker
arm-none-eabi-g++ -mcpu=cortex-m4 -mthumb -mfloat-abi=hard -mfpu=fpv4-sp-d16 -u _printf_float -T"/home/simon/Design_3_git/Motor_Controller_SW4STM_Workspace/Motor_Controller/LinkerScript.ld" -Wl,-Map=output.map -Wl,--gc-sections -fno-exceptions -fno-rtti -o "Motor_Controller.elf" @"objects.list"   -lm
Finished building target: Motor_Controller.elf
 
make --no-print-directory post-build
Generating binary and Printing size information:
arm-none-eabi-objcopy -O binary "Motor_Controller.elf" "Motor_Controller.bin"
arm-none-eabi-size "Motor_Controller.elf"
   text	   data	    bss	    dec	    hex	filename
  10412	   1120	   1524	  13056	   3300	Motor_Controller.elf
 
01:23:44 **** Incremental Build of configuration Debug for project Motor_Controller ****
make -j8 all 
Building file: ../src/Motor/PID.c
Building file: ../src/main.c
Invoking: MCU GCC Compiler
Invoking: MCU GCC Compiler
/home/simon/Design_3_git/Motor_Controller_SW4STM_Workspace/Motor_Controller/Debug
/home/simon/Design_3_git/Motor_Controller_SW4STM_Workspace/Motor_Controller/Debug
arm-none-eabi-gcc -mcpu=cortex-m4 -mthumb -mfloat-abi=hard -mfpu=fpv4-sp-d16 -DSTM32 -DSTM32F4 -DSTM32F407VGTx -DSTM32F407G_DISC1 -DDEBUG -DSTM32F40XX -DSTM32F40_41xxx -DUSE_STDPERIPH_DRIVER -I"/home/simon/Design_3_git/Motor_Controller_SW4STM_Workspace/Motor_Controller/StdPeriph_Driver/inc" -I"/home/simon/Design_3_git/Motor_Controller_SW4STM_Workspace/Motor_Controller/inc" -I"/home/simon/Design_3_git/Motor_Controller_SW4STM_Workspace/Motor_Controller/CMSIS/device" -I"/home/simon/Design_3_git/Motor_Controller_SW4STM_Workspace/Motor_Controller/CMSIS/core" -O0 -g3 -Wall -fmessage-length=0 -ffunction-sections -c -MMD -MP -MF"src/main.d" -MT"src/main.o" -o "src/main.o" "../src/main.c"
arm-none-eabi-gcc -mcpu=cortex-m4 -mthumb -mfloat-abi=hard -mfpu=fpv4-sp-d16 -DSTM32 -DSTM32F4 -DSTM32F407VGTx -DSTM32F407G_DISC1 -DDEBUG -DSTM32F40XX -DSTM32F40_41xxx -DUSE_STDPERIPH_DRIVER -I"/home/simon/Design_3_git/Motor_Controller_SW4STM_Workspace/Motor_Controller/StdPeriph_Driver/inc" -I"/home/simon/Design_3_git/Motor_Controller_SW4STM_Workspace/Motor_Controller/inc" -I"/home/simon/Design_3_git/Motor_Controller_SW4STM_Workspace/Motor_Controller/CMSIS/device" -I"/home/simon/Design_3_git/Motor_Controller_SW4STM_Workspace/Motor_Controller/CMSIS/core" -O0 -g3 -Wall -fmessage-length=0 -ffunction-sections -c -MMD -MP -MF"src/Motor/PID.d" -MT"src/Motor/PID.o" -o "src/Motor/PID.o" "../src/Motor/PID.c"
../src/main.c: In function 'main':
../src/main.c:83:7: warning: unused variable 's' [-Wunused-variable]
  char s[1000];
       ^
Finished building: ../src/Motor/PID.c
 
Finished building: ../src/main.c
 
Building target: Motor_Controller.elf
Invoking: MCU G++ Linker
arm-none-eabi-g++ -mcpu=cortex-m4 -mthumb -mfloat-abi=hard -mfpu=fpv4-sp-d16 -u _printf_float -T"/home/simon/Design_3_git/Motor_Controller_SW4STM_Workspace/Motor_Controller/LinkerScript.ld" -Wl,-Map=output.map -Wl,--gc-sections -fno-exceptions -fno-rtti -o "Motor_Controller.elf" @"objects.list"   -lm
Finished building target: Motor_Controller.elf
 
make --no-print-directory post-build
Generating binary and Printing size information:
arm-none-eabi-objcopy -O binary "Motor_Controller.elf" "Motor_Controller.bin"
arm-none-eabi-size "Motor_Controller.elf"
   text	   data	    bss	    dec	    hex	filename
  10420	   1120	   1524	  13064	   3308	Motor_Controller.elf
 
01:24:02 **** Incremental Build of configuration Debug for project Motor_Controller ****
make -j8 all 
Building file: ../src/Motor/PID.c
Building file: ../src/main.c
Invoking: MCU GCC Compiler
Invoking: MCU GCC Compiler
/home/simon/Design_3_git/Motor_Controller_SW4STM_Workspace/Motor_Controller/Debug
/home/simon/Design_3_git/Motor_Controller_SW4STM_Workspace/Motor_Controller/Debug
arm-none-eabi-gcc -mcpu=cortex-m4 -mthumb -mfloat-abi=hard -mfpu=fpv4-sp-d16 -DSTM32 -DSTM32F4 -DSTM32F407VGTx -DSTM32F407G_DISC1 -DDEBUG -DSTM32F40XX -DSTM32F40_41xxx -DUSE_STDPERIPH_DRIVER -I"/home/simon/Design_3_git/Motor_Controller_SW4STM_Workspace/Motor_Controller/StdPeriph_Driver/inc" -I"/home/simon/Design_3_git/Motor_Controller_SW4STM_Workspace/Motor_Controller/inc" -I"/home/simon/Design_3_git/Motor_Controller_SW4STM_Workspace/Motor_Controller/CMSIS/device" -I"/home/simon/Design_3_git/Motor_Controller_SW4STM_Workspace/Motor_Controller/CMSIS/core" -O0 -g3 -Wall -fmessage-length=0 -ffunction-sections -c -MMD -MP -MF"src/Motor/PID.d" -MT"src/Motor/PID.o" -o "src/Motor/PID.o" "../src/Motor/PID.c"
arm-none-eabi-gcc -mcpu=cortex-m4 -mthumb -mfloat-abi=hard -mfpu=fpv4-sp-d16 -DSTM32 -DSTM32F4 -DSTM32F407VGTx -DSTM32F407G_DISC1 -DDEBUG -DSTM32F40XX -DSTM32F40_41xxx -DUSE_STDPERIPH_DRIVER -I"/home/simon/Design_3_git/Motor_Controller_SW4STM_Workspace/Motor_Controller/StdPeriph_Driver/inc" -I"/home/simon/Design_3_git/Motor_Controller_SW4STM_Workspace/Motor_Controller/inc" -I"/home/simon/Design_3_git/Motor_Controller_SW4STM_Workspace/Motor_Controller/CMSIS/device" -I"/home/simon/Design_3_git/Motor_Controller_SW4STM_Workspace/Motor_Controller/CMSIS/core" -O0 -g3 -Wall -fmessage-length=0 -ffunction-sections -c -MMD -MP -MF"src/main.d" -MT"src/main.o" -o "src/main.o" "../src/main.c"
../src/main.c: In function 'main':
../src/main.c:83:7: warning: unused variable 's' [-Wunused-variable]
  char s[1000];
       ^
Finished building: ../src/Motor/PID.c
 
Finished building: ../src/main.c
 
Building target: Motor_Controller.elf
Invoking: MCU G++ Linker
arm-none-eabi-g++ -mcpu=cortex-m4 -mthumb -mfloat-abi=hard -mfpu=fpv4-sp-d16 -u _printf_float -T"/home/simon/Design_3_git/Motor_Controller_SW4STM_Workspace/Motor_Controller/LinkerScript.ld" -Wl,-Map=output.map -Wl,--gc-sections -fno-exceptions -fno-rtti -o "Motor_Controller.elf" @"objects.list"   -lm
Finished building target: Motor_Controller.elf
 
make --no-print-directory post-build
Generating binary and Printing size information:
arm-none-eabi-objcopy -O binary "Motor_Controller.elf" "Motor_Controller.bin"
arm-none-eabi-size "Motor_Controller.elf"
   text	   data	    bss	    dec	    hex	filename
  10420	   1120	   1524	  13064	   3308	Motor_Controller.elf
 
01:24:37 **** Incremental Build of configuration Debug for project Motor_Controller ****
make -j8 all 
Building file: ../src/Motor/PID.c
Building file: ../src/main.c
Invoking: MCU GCC Compiler
Invoking: MCU GCC Compiler
/home/simon/Design_3_git/Motor_Controller_SW4STM_Workspace/Motor_Controller/Debug
arm-none-eabi-gcc -mcpu=cortex-m4 -mthumb -mfloat-abi=hard -mfpu=fpv4-sp-d16 -DSTM32 -DSTM32F4 -DSTM32F407VGTx -DSTM32F407G_DISC1 -DDEBUG -DSTM32F40XX -DSTM32F40_41xxx -DUSE_STDPERIPH_DRIVER -I"/home/simon/Design_3_git/Motor_Controller_SW4STM_Workspace/Motor_Controller/StdPeriph_Driver/inc" -I"/home/simon/Design_3_git/Motor_Controller_SW4STM_Workspace/Motor_Controller/inc" -I"/home/simon/Design_3_git/Motor_Controller_SW4STM_Workspace/Motor_Controller/CMSIS/device" -I"/home/simon/Design_3_git/Motor_Controller_SW4STM_Workspace/Motor_Controller/CMSIS/core" -O0 -g3 -Wall -fmessage-length=0 -ffunction-sections -c -MMD -MP -MF"src/main.d" -MT"src/main.o" -o "src/main.o" "../src/main.c"
/home/simon/Design_3_git/Motor_Controller_SW4STM_Workspace/Motor_Controller/Debug
arm-none-eabi-gcc -mcpu=cortex-m4 -mthumb -mfloat-abi=hard -mfpu=fpv4-sp-d16 -DSTM32 -DSTM32F4 -DSTM32F407VGTx -DSTM32F407G_DISC1 -DDEBUG -DSTM32F40XX -DSTM32F40_41xxx -DUSE_STDPERIPH_DRIVER -I"/home/simon/Design_3_git/Motor_Controller_SW4STM_Workspace/Motor_Controller/StdPeriph_Driver/inc" -I"/home/simon/Design_3_git/Motor_Controller_SW4STM_Workspace/Motor_Controller/inc" -I"/home/simon/Design_3_git/Motor_Controller_SW4STM_Workspace/Motor_Controller/CMSIS/device" -I"/home/simon/Design_3_git/Motor_Controller_SW4STM_Workspace/Motor_Controller/CMSIS/core" -O0 -g3 -Wall -fmessage-length=0 -ffunction-sections -c -MMD -MP -MF"src/Motor/PID.d" -MT"src/Motor/PID.o" -o "src/Motor/PID.o" "../src/Motor/PID.c"
../src/main.c: In function 'main':
../src/main.c:83:7: warning: unused variable 's' [-Wunused-variable]
  char s[1000];
       ^
Finished building: ../src/Motor/PID.c
 
Finished building: ../src/main.c
 
Building target: Motor_Controller.elf
Invoking: MCU G++ Linker
arm-none-eabi-g++ -mcpu=cortex-m4 -mthumb -mfloat-abi=hard -mfpu=fpv4-sp-d16 -u _printf_float -T"/home/simon/Design_3_git/Motor_Controller_SW4STM_Workspace/Motor_Controller/LinkerScript.ld" -Wl,-Map=output.map -Wl,--gc-sections -fno-exceptions -fno-rtti -o "Motor_Controller.elf" @"objects.list"   -lm
Finished building target: Motor_Controller.elf
 
make --no-print-directory post-build
Generating binary and Printing size information:
arm-none-eabi-objcopy -O binary "Motor_Controller.elf" "Motor_Controller.bin"
arm-none-eabi-size "Motor_Controller.elf"
   text	   data	    bss	    dec	    hex	filename
  10044	   1120	   1524	  12688	   3190	Motor_Controller.elf
 
01:26:33 **** Incremental Build of configuration Debug for project Motor_Controller ****
make -j8 all 
Building file: ../src/Motor/PID.c
Building file: ../src/main.c
Invoking: MCU GCC Compiler
Invoking: MCU GCC Compiler
/home/simon/Design_3_git/Motor_Controller_SW4STM_Workspace/Motor_Controller/Debug
/home/simon/Design_3_git/Motor_Controller_SW4STM_Workspace/Motor_Controller/Debug
arm-none-eabi-gcc -mcpu=cortex-m4 -mthumb -mfloat-abi=hard -mfpu=fpv4-sp-d16 -DSTM32 -DSTM32F4 -DSTM32F407VGTx -DSTM32F407G_DISC1 -DDEBUG -DSTM32F40XX -DSTM32F40_41xxx -DUSE_STDPERIPH_DRIVER -I"/home/simon/Design_3_git/Motor_Controller_SW4STM_Workspace/Motor_Controller/StdPeriph_Driver/inc" -I"/home/simon/Design_3_git/Motor_Controller_SW4STM_Workspace/Motor_Controller/inc" -I"/home/simon/Design_3_git/Motor_Controller_SW4STM_Workspace/Motor_Controller/CMSIS/device" -I"/home/simon/Design_3_git/Motor_Controller_SW4STM_Workspace/Motor_Controller/CMSIS/core" -O0 -g3 -Wall -fmessage-length=0 -ffunction-sections -c -MMD -MP -MF"src/Motor/PID.d" -MT"src/Motor/PID.o" -o "src/Motor/PID.o" "../src/Motor/PID.c"
arm-none-eabi-gcc -mcpu=cortex-m4 -mthumb -mfloat-abi=hard -mfpu=fpv4-sp-d16 -DSTM32 -DSTM32F4 -DSTM32F407VGTx -DSTM32F407G_DISC1 -DDEBUG -DSTM32F40XX -DSTM32F40_41xxx -DUSE_STDPERIPH_DRIVER -I"/home/simon/Design_3_git/Motor_Controller_SW4STM_Workspace/Motor_Controller/StdPeriph_Driver/inc" -I"/home/simon/Design_3_git/Motor_Controller_SW4STM_Workspace/Motor_Controller/inc" -I"/home/simon/Design_3_git/Motor_Controller_SW4STM_Workspace/Motor_Controller/CMSIS/device" -I"/home/simon/Design_3_git/Motor_Controller_SW4STM_Workspace/Motor_Controller/CMSIS/core" -O0 -g3 -Wall -fmessage-length=0 -ffunction-sections -c -MMD -MP -MF"src/main.d" -MT"src/main.o" -o "src/main.o" "../src/main.c"
../src/main.c: In function 'main':
../src/main.c:83:7: warning: unused variable 's' [-Wunused-variable]
  char s[1000];
       ^
Finished building: ../src/Motor/PID.c
 
Finished building: ../src/main.c
 
Building target: Motor_Controller.elf
Invoking: MCU G++ Linker
arm-none-eabi-g++ -mcpu=cortex-m4 -mthumb -mfloat-abi=hard -mfpu=fpv4-sp-d16 -u _printf_float -T"/home/simon/Design_3_git/Motor_Controller_SW4STM_Workspace/Motor_Controller/LinkerScript.ld" -Wl,-Map=output.map -Wl,--gc-sections -fno-exceptions -fno-rtti -o "Motor_Controller.elf" @"objects.list"   -lm
Finished building target: Motor_Controller.elf
 
make --no-print-directory post-build
Generating binary and Printing size information:
arm-none-eabi-objcopy -O binary "Motor_Controller.elf" "Motor_Controller.bin"
arm-none-eabi-size "Motor_Controller.elf"
   text	   data	    bss	    dec	    hex	filename
  10044	   1120	   1524	  12688	   3190	Motor_Controller.elf
 
01:26:56 **** Incremental Build of configuration Debug for project Motor_Controller ****
make -j8 all 
Building file: ../src/Motor/PID.c
Building file: ../src/main.c
Invoking: MCU GCC Compiler
Invoking: MCU GCC Compiler
/home/simon/Design_3_git/Motor_Controller_SW4STM_Workspace/Motor_Controller/Debug
arm-none-eabi-gcc -mcpu=cortex-m4 -mthumb -mfloat-abi=hard -mfpu=fpv4-sp-d16 -DSTM32 -DSTM32F4 -DSTM32F407VGTx -DSTM32F407G_DISC1 -DDEBUG -DSTM32F40XX -DSTM32F40_41xxx -DUSE_STDPERIPH_DRIVER -I"/home/simon/Design_3_git/Motor_Controller_SW4STM_Workspace/Motor_Controller/StdPeriph_Driver/inc" -I"/home/simon/Design_3_git/Motor_Controller_SW4STM_Workspace/Motor_Controller/inc" -I"/home/simon/Design_3_git/Motor_Controller_SW4STM_Workspace/Motor_Controller/CMSIS/device" -I"/home/simon/Design_3_git/Motor_Controller_SW4STM_Workspace/Motor_Controller/CMSIS/core" -O0 -g3 -Wall -fmessage-length=0 -ffunction-sections -c -MMD -MP -MF"src/Motor/PID.d" -MT"src/Motor/PID.o" -o "src/Motor/PID.o" "../src/Motor/PID.c"
/home/simon/Design_3_git/Motor_Controller_SW4STM_Workspace/Motor_Controller/Debug
arm-none-eabi-gcc -mcpu=cortex-m4 -mthumb -mfloat-abi=hard -mfpu=fpv4-sp-d16 -DSTM32 -DSTM32F4 -DSTM32F407VGTx -DSTM32F407G_DISC1 -DDEBUG -DSTM32F40XX -DSTM32F40_41xxx -DUSE_STDPERIPH_DRIVER -I"/home/simon/Design_3_git/Motor_Controller_SW4STM_Workspace/Motor_Controller/StdPeriph_Driver/inc" -I"/home/simon/Design_3_git/Motor_Controller_SW4STM_Workspace/Motor_Controller/inc" -I"/home/simon/Design_3_git/Motor_Controller_SW4STM_Workspace/Motor_Controller/CMSIS/device" -I"/home/simon/Design_3_git/Motor_Controller_SW4STM_Workspace/Motor_Controller/CMSIS/core" -O0 -g3 -Wall -fmessage-length=0 -ffunction-sections -c -MMD -MP -MF"src/main.d" -MT"src/main.o" -o "src/main.o" "../src/main.c"
../src/main.c: In function 'main':
../src/main.c:83:7: warning: unused variable 's' [-Wunused-variable]
  char s[1000];
       ^
Finished building: ../src/Motor/PID.c
 
Finished building: ../src/main.c
 
Building target: Motor_Controller.elf
Invoking: MCU G++ Linker
arm-none-eabi-g++ -mcpu=cortex-m4 -mthumb -mfloat-abi=hard -mfpu=fpv4-sp-d16 -u _printf_float -T"/home/simon/Design_3_git/Motor_Controller_SW4STM_Workspace/Motor_Controller/LinkerScript.ld" -Wl,-Map=output.map -Wl,--gc-sections -fno-exceptions -fno-rtti -o "Motor_Controller.elf" @"objects.list"   -lm
Finished building target: Motor_Controller.elf
 
make --no-print-directory post-build
Generating binary and Printing size information:
arm-none-eabi-objcopy -O binary "Motor_Controller.elf" "Motor_Controller.bin"
arm-none-eabi-size "Motor_Controller.elf"
   text	   data	    bss	    dec	    hex	filename
  10044	   1120	   1524	  12688	   3190	Motor_Controller.elf
 
13:49:40 **** Incremental Build of configuration Debug for project Motor_Controller ****
make -j8 all 
Building file: ../src/Motor/PID.c
Building file: ../src/main.c
Invoking: MCU GCC Compiler
Invoking: MCU GCC Compiler
/home/simon/Design_3_git/Motor_Controller_SW4STM_Workspace/Motor_Controller/Debug
arm-none-eabi-gcc -mcpu=cortex-m4 -mthumb -mfloat-abi=hard -mfpu=fpv4-sp-d16 -DSTM32 -DSTM32F4 -DSTM32F407VGTx -DSTM32F407G_DISC1 -DDEBUG -DSTM32F40XX -DSTM32F40_41xxx -DUSE_STDPERIPH_DRIVER -I"/home/simon/Design_3_git/Motor_Controller_SW4STM_Workspace/Motor_Controller/StdPeriph_Driver/inc" -I"/home/simon/Design_3_git/Motor_Controller_SW4STM_Workspace/Motor_Controller/inc" -I"/home/simon/Design_3_git/Motor_Controller_SW4STM_Workspace/Motor_Controller/CMSIS/device" -I"/home/simon/Design_3_git/Motor_Controller_SW4STM_Workspace/Motor_Controller/CMSIS/core" -O0 -g3 -Wall -fmessage-length=0 -ffunction-sections -c -MMD -MP -MF"src/Motor/PID.d" -MT"src/Motor/PID.o" -o "src/Motor/PID.o" "../src/Motor/PID.c"
/home/simon/Design_3_git/Motor_Controller_SW4STM_Workspace/Motor_Controller/Debug
arm-none-eabi-gcc -mcpu=cortex-m4 -mthumb -mfloat-abi=hard -mfpu=fpv4-sp-d16 -DSTM32 -DSTM32F4 -DSTM32F407VGTx -DSTM32F407G_DISC1 -DDEBUG -DSTM32F40XX -DSTM32F40_41xxx -DUSE_STDPERIPH_DRIVER -I"/home/simon/Design_3_git/Motor_Controller_SW4STM_Workspace/Motor_Controller/StdPeriph_Driver/inc" -I"/home/simon/Design_3_git/Motor_Controller_SW4STM_Workspace/Motor_Controller/inc" -I"/home/simon/Design_3_git/Motor_Controller_SW4STM_Workspace/Motor_Controller/CMSIS/device" -I"/home/simon/Design_3_git/Motor_Controller_SW4STM_Workspace/Motor_Controller/CMSIS/core" -O0 -g3 -Wall -fmessage-length=0 -ffunction-sections -c -MMD -MP -MF"src/main.d" -MT"src/main.o" -o "src/main.o" "../src/main.c"
../src/main.c: In function 'main':
../src/main.c:89:15: error: 'motor_1_angular_velocity' has both 'extern' and initializer
  extern float motor_1_angular_velocity = 0.0;
               ^~~~~~~~~~~~~~~~~~~~~~~~
../src/main.c:90:15: error: 'motor_2_angular_velocity' has both 'extern' and initializer
  extern float motor_2_angular_velocity = 0.0;
               ^~~~~~~~~~~~~~~~~~~~~~~~
../src/main.c:91:15: error: 'motor_3_angular_velocity' has both 'extern' and initializer
  extern float motor_3_angular_velocity = 0.0;
               ^~~~~~~~~~~~~~~~~~~~~~~~
../src/main.c:92:15: error: 'motor_4_angular_velocity' has both 'extern' and initializer
  extern float motor_4_angular_velocity = 0.0;
               ^~~~~~~~~~~~~~~~~~~~~~~~
../src/main.c:114:6: warning: implicit declaration of function 'motor_1_set_speed' [-Wimplicit-function-declaration]
      motor_1_set_speed((int)(PWM * 8399));
      ^~~~~~~~~~~~~~~~~
../src/main.c:92:15: warning: unused variable 'motor_4_angular_velocity' [-Wunused-variable]
  extern float motor_4_angular_velocity = 0.0;
               ^~~~~~~~~~~~~~~~~~~~~~~~
At top level:
../src/main.c:92:15: warning: 'motor_4_angular_velocity' defined but not used [-Wunused-variable]
make: *** [src/main.o] Error 1
make: *** Waiting for unfinished jobs....
src/subdir.mk:24: recipe for target 'src/main.o' failed
Finished building: ../src/Motor/PID.c
 
13:49:44 **** Incremental Build of configuration Debug for project Motor_Controller ****
make -j8 all 
Building file: ../src/main.c
Invoking: MCU GCC Compiler
/home/simon/Design_3_git/Motor_Controller_SW4STM_Workspace/Motor_Controller/Debug
arm-none-eabi-gcc -mcpu=cortex-m4 -mthumb -mfloat-abi=hard -mfpu=fpv4-sp-d16 -DSTM32 -DSTM32F4 -DSTM32F407VGTx -DSTM32F407G_DISC1 -DDEBUG -DSTM32F40XX -DSTM32F40_41xxx -DUSE_STDPERIPH_DRIVER -I"/home/simon/Design_3_git/Motor_Controller_SW4STM_Workspace/Motor_Controller/StdPeriph_Driver/inc" -I"/home/simon/Design_3_git/Motor_Controller_SW4STM_Workspace/Motor_Controller/inc" -I"/home/simon/Design_3_git/Motor_Controller_SW4STM_Workspace/Motor_Controller/CMSIS/device" -I"/home/simon/Design_3_git/Motor_Controller_SW4STM_Workspace/Motor_Controller/CMSIS/core" -O0 -g3 -Wall -fmessage-length=0 -ffunction-sections -c -MMD -MP -MF"src/main.d" -MT"src/main.o" -o "src/main.o" "../src/main.c"
../src/main.c: In function 'main':
../src/main.c:89:15: error: 'motor_1_angular_velocity' has both 'extern' and initializer
  extern float motor_1_angular_velocity = 0.0;
               ^~~~~~~~~~~~~~~~~~~~~~~~
../src/main.c:90:15: error: 'motor_2_angular_velocity' has both 'extern' and initializer
  extern float motor_2_angular_velocity = 0.0;
               ^~~~~~~~~~~~~~~~~~~~~~~~
../src/main.c:91:15: error: 'motor_3_angular_velocity' has both 'extern' and initializer
  extern float motor_3_angular_velocity = 0.0;
               ^~~~~~~~~~~~~~~~~~~~~~~~
../src/main.c:92:15: error: 'motor_4_angular_velocity' has both 'extern' and initializer
  extern float motor_4_angular_velocity = 0.0;
               ^~~~~~~~~~~~~~~~~~~~~~~~
../src/main.c:114:6: warning: implicit declaration of function 'motor_1_set_speed' [-Wimplicit-function-declaration]
      motor_1_set_speed((int)(PWM * 8399));
      ^~~~~~~~~~~~~~~~~
../src/main.c:92:15: warning: unused variable 'motor_4_angular_velocity' [-Wunused-variable]
  extern float motor_4_angular_velocity = 0.0;
               ^~~~~~~~~~~~~~~~~~~~~~~~
At top level:
../src/main.c:92:15: warning: 'motor_4_angular_velocity' defined but not used [-Wunused-variable]
src/subdir.mk:24: recipe for target 'src/main.o' failed
make: *** [src/main.o] Error 1
13:50:02 **** Incremental Build of configuration Debug for project Motor_Controller ****
make -j8 all 
Building file: ../src/main.c
Invoking: MCU GCC Compiler
/home/simon/Design_3_git/Motor_Controller_SW4STM_Workspace/Motor_Controller/Debug
arm-none-eabi-gcc -mcpu=cortex-m4 -mthumb -mfloat-abi=hard -mfpu=fpv4-sp-d16 -DSTM32 -DSTM32F4 -DSTM32F407VGTx -DSTM32F407G_DISC1 -DDEBUG -DSTM32F40XX -DSTM32F40_41xxx -DUSE_STDPERIPH_DRIVER -I"/home/simon/Design_3_git/Motor_Controller_SW4STM_Workspace/Motor_Controller/StdPeriph_Driver/inc" -I"/home/simon/Design_3_git/Motor_Controller_SW4STM_Workspace/Motor_Controller/inc" -I"/home/simon/Design_3_git/Motor_Controller_SW4STM_Workspace/Motor_Controller/CMSIS/device" -I"/home/simon/Design_3_git/Motor_Controller_SW4STM_Workspace/Motor_Controller/CMSIS/core" -O0 -g3 -Wall -fmessage-length=0 -ffunction-sections -c -MMD -MP -MF"src/main.d" -MT"src/main.o" -o "src/main.o" "../src/main.c"
../src/main.c: In function 'main':
../src/main.c:89:15: error: 'motor_1_angular_velocity' has both 'extern' and initializer
  extern float motor_1_angular_velocity = 0.0;
               ^~~~~~~~~~~~~~~~~~~~~~~~
../src/main.c:90:15: error: 'motor_2_angular_velocity' has both 'extern' and initializer
  extern float motor_2_angular_velocity = 0.0;
               ^~~~~~~~~~~~~~~~~~~~~~~~
../src/main.c:91:15: error: 'motor_3_angular_velocity' has both 'extern' and initializer
  extern float motor_3_angular_velocity = 0.0;
               ^~~~~~~~~~~~~~~~~~~~~~~~
../src/main.c:92:15: error: 'motor_4_angular_velocity' has both 'extern' and initializer
  extern float motor_4_angular_velocity = 0.0;
               ^~~~~~~~~~~~~~~~~~~~~~~~
../src/main.c:114:6: warning: implicit declaration of function 'motor_1_set_speed' [-Wimplicit-function-declaration]
      motor_1_set_speed((int)(PWM * 8399));
      ^~~~~~~~~~~~~~~~~
../src/main.c:92:15: warning: unused variable 'motor_4_angular_velocity' [-Wunused-variable]
src/subdir.mk:24: recipe for target 'src/main.o' failed
  extern float motor_4_angular_velocity = 0.0;
               ^~~~~~~~~~~~~~~~~~~~~~~~
At top level:
../src/main.c:92:15: warning: 'motor_4_angular_velocity' defined but not used [-Wunused-variable]
make: *** [src/main.o] Error 1
13:50:05 **** Incremental Build of configuration Debug for project Motor_Controller ****
make -j8 all 
Building file: ../src/main.c
Invoking: MCU GCC Compiler
/home/simon/Design_3_git/Motor_Controller_SW4STM_Workspace/Motor_Controller/Debug
arm-none-eabi-gcc -mcpu=cortex-m4 -mthumb -mfloat-abi=hard -mfpu=fpv4-sp-d16 -DSTM32 -DSTM32F4 -DSTM32F407VGTx -DSTM32F407G_DISC1 -DDEBUG -DSTM32F40XX -DSTM32F40_41xxx -DUSE_STDPERIPH_DRIVER -I"/home/simon/Design_3_git/Motor_Controller_SW4STM_Workspace/Motor_Controller/StdPeriph_Driver/inc" -I"/home/simon/Design_3_git/Motor_Controller_SW4STM_Workspace/Motor_Controller/inc" -I"/home/simon/Design_3_git/Motor_Controller_SW4STM_Workspace/Motor_Controller/CMSIS/device" -I"/home/simon/Design_3_git/Motor_Controller_SW4STM_Workspace/Motor_Controller/CMSIS/core" -O0 -g3 -Wall -fmessage-length=0 -ffunction-sections -c -MMD -MP -MF"src/main.d" -MT"src/main.o" -o "src/main.o" "../src/main.c"
../src/main.c: In function 'main':
../src/main.c:114:6: warning: implicit declaration of function 'motor_1_set_speed' [-Wimplicit-function-declaration]
      motor_1_set_speed((int)(PWM * 8399));
      ^~~~~~~~~~~~~~~~~
../src/main.c:92:15: warning: unused variable 'motor_4_angular_velocity' [-Wunused-variable]
  extern float motor_4_angular_velocity;
               ^~~~~~~~~~~~~~~~~~~~~~~~
Finished building: ../src/main.c
 
Building target: Motor_Controller.elf
Invoking: MCU G++ Linker
arm-none-eabi-g++ -mcpu=cortex-m4 -mthumb -mfloat-abi=hard -mfpu=fpv4-sp-d16 -u _printf_float -T"/home/simon/Design_3_git/Motor_Controller_SW4STM_Workspace/Motor_Controller/LinkerScript.ld" -Wl,-Map=output.map -Wl,--gc-sections -fno-exceptions -fno-rtti -o "Motor_Controller.elf" @"objects.list"   -lm
src/main.o: In function `main':
/home/simon/Design_3_git/Motor_Controller_SW4STM_Workspace/Motor_Controller/Debug/../src/main.c:114: undefined reference to `motor_1_set_speed'
collect2: error: ld returned 1 exit status
makefile:52: recipe for target 'Motor_Controller.elf' failed
make: *** [Motor_Controller.elf] Error 1
13:50:08 **** Incremental Build of configuration Debug for project Motor_Controller ****
make -j8 all 
Building target: Motor_Controller.elf
Invoking: MCU G++ Linker
arm-none-eabi-g++ -mcpu=cortex-m4 -mthumb -mfloat-abi=hard -mfpu=fpv4-sp-d16 -u _printf_float -T"/home/simon/Design_3_git/Motor_Controller_SW4STM_Workspace/Motor_Controller/LinkerScript.ld" -Wl,-Map=output.map -Wl,--gc-sections -fno-exceptions -fno-rtti -o "Motor_Controller.elf" @"objects.list"   -lm
src/main.o: In function `main':
/home/simon/Design_3_git/Motor_Controller_SW4STM_Workspace/Motor_Controller/Debug/../src/main.c:114: undefined reference to `motor_1_set_speed'
collect2: error: ld returned 1 exit status
makefile:52: recipe for target 'Motor_Controller.elf' failed
make: *** [Motor_Controller.elf] Error 1
13:50:29 **** Incremental Build of configuration Debug for project Motor_Controller ****
make -j8 all 
Building file: ../src/main.c
Invoking: MCU GCC Compiler
/home/simon/Design_3_git/Motor_Controller_SW4STM_Workspace/Motor_Controller/Debug
arm-none-eabi-gcc -mcpu=cortex-m4 -mthumb -mfloat-abi=hard -mfpu=fpv4-sp-d16 -DSTM32 -DSTM32F4 -DSTM32F407VGTx -DSTM32F407G_DISC1 -DDEBUG -DSTM32F40XX -DSTM32F40_41xxx -DUSE_STDPERIPH_DRIVER -I"/home/simon/Design_3_git/Motor_Controller_SW4STM_Workspace/Motor_Controller/StdPeriph_Driver/inc" -I"/home/simon/Design_3_git/Motor_Controller_SW4STM_Workspace/Motor_Controller/inc" -I"/home/simon/Design_3_git/Motor_Controller_SW4STM_Workspace/Motor_Controller/CMSIS/device" -I"/home/simon/Design_3_git/Motor_Controller_SW4STM_Workspace/Motor_Controller/CMSIS/core" -O0 -g3 -Wall -fmessage-length=0 -ffunction-sections -c -MMD -MP -MF"src/main.d" -MT"src/main.o" -o "src/main.o" "../src/main.c"
../src/main.c: In function 'main':
../src/main.c:92:15: warning: unused variable 'motor_4_angular_velocity' [-Wunused-variable]
  extern float motor_4_angular_velocity;
               ^~~~~~~~~~~~~~~~~~~~~~~~
Finished building: ../src/main.c
 
Building target: Motor_Controller.elf
Invoking: MCU G++ Linker
arm-none-eabi-g++ -mcpu=cortex-m4 -mthumb -mfloat-abi=hard -mfpu=fpv4-sp-d16 -u _printf_float -T"/home/simon/Design_3_git/Motor_Controller_SW4STM_Workspace/Motor_Controller/LinkerScript.ld" -Wl,-Map=output.map -Wl,--gc-sections -fno-exceptions -fno-rtti -o "Motor_Controller.elf" @"objects.list"   -lm
Finished building target: Motor_Controller.elf
 
make --no-print-directory post-build
Generating binary and Printing size information:
arm-none-eabi-objcopy -O binary "Motor_Controller.elf" "Motor_Controller.bin"
arm-none-eabi-size "Motor_Controller.elf"
   text	   data	    bss	    dec	    hex	filename
  27328	   2524	   1624	  31476	   7af4	Motor_Controller.elf
 
13:50:32 **** Incremental Build of configuration Debug for project Motor_Controller ****
make -j8 all 
make: Nothing to be done for 'all'.
13:50:47 **** Incremental Build of configuration Debug for project Motor_Controller ****
make -j8 all 
make: Nothing to be done for 'all'.
13:57:54 **** Incremental Build of configuration Debug for project Motor_Controller ****
make -j8 all 
make: Nothing to be done for 'all'.
14:01:00 **** Incremental Build of configuration Debug for project Motor_Controller ****
make -j8 all 
Building file: ../src/Motor/Motor.c
Building file: ../src/Motor/PID.c
Invoking: MCU GCC Compiler
Building file: ../src/main.c
Invoking: MCU GCC Compiler
/home/simon/Design_3_git/Motor_Controller_SW4STM_Workspace/Motor_Controller/Debug
Invoking: MCU GCC Compiler
arm-none-eabi-gcc -mcpu=cortex-m4 -mthumb -mfloat-abi=hard -mfpu=fpv4-sp-d16 -DSTM32 -DSTM32F4 -DSTM32F407VGTx -DSTM32F407G_DISC1 -DDEBUG -DSTM32F40XX -DSTM32F40_41xxx -DUSE_STDPERIPH_DRIVER -I"/home/simon/Design_3_git/Motor_Controller_SW4STM_Workspace/Motor_Controller/StdPeriph_Driver/inc" -I"/home/simon/Design_3_git/Motor_Controller_SW4STM_Workspace/Motor_Controller/inc" -I"/home/simon/Design_3_git/Motor_Controller_SW4STM_Workspace/Motor_Controller/CMSIS/device" -I"/home/simon/Design_3_git/Motor_Controller_SW4STM_Workspace/Motor_Controller/CMSIS/core" -O0 -g3 -Wall -fmessage-length=0 -ffunction-sections -c -MMD -MP -MF"src/Motor/Motor.d" -MT"src/Motor/Motor.o" -o "src/Motor/Motor.o" "../src/Motor/Motor.c"
/home/simon/Design_3_git/Motor_Controller_SW4STM_Workspace/Motor_Controller/Debug
arm-none-eabi-gcc -mcpu=cortex-m4 -mthumb -mfloat-abi=hard -mfpu=fpv4-sp-d16 -DSTM32 -DSTM32F4 -DSTM32F407VGTx -DSTM32F407G_DISC1 -DDEBUG -DSTM32F40XX -DSTM32F40_41xxx -DUSE_STDPERIPH_DRIVER -I"/home/simon/Design_3_git/Motor_Controller_SW4STM_Workspace/Motor_Controller/StdPeriph_Driver/inc" -I"/home/simon/Design_3_git/Motor_Controller_SW4STM_Workspace/Motor_Controller/inc" -I"/home/simon/Design_3_git/Motor_Controller_SW4STM_Workspace/Motor_Controller/CMSIS/device" -I"/home/simon/Design_3_git/Motor_Controller_SW4STM_Workspace/Motor_Controller/CMSIS/core" -O0 -g3 -Wall -fmessage-length=0 -ffunction-sections -c -MMD -MP -MF"src/main.d" -MT"src/main.o" -o "src/main.o" "../src/main.c"
/home/simon/Design_3_git/Motor_Controller_SW4STM_Workspace/Motor_Controller/Debug
arm-none-eabi-gcc -mcpu=cortex-m4 -mthumb -mfloat-abi=hard -mfpu=fpv4-sp-d16 -DSTM32 -DSTM32F4 -DSTM32F407VGTx -DSTM32F407G_DISC1 -DDEBUG -DSTM32F40XX -DSTM32F40_41xxx -DUSE_STDPERIPH_DRIVER -I"/home/simon/Design_3_git/Motor_Controller_SW4STM_Workspace/Motor_Controller/StdPeriph_Driver/inc" -I"/home/simon/Design_3_git/Motor_Controller_SW4STM_Workspace/Motor_Controller/inc" -I"/home/simon/Design_3_git/Motor_Controller_SW4STM_Workspace/Motor_Controller/CMSIS/device" -I"/home/simon/Design_3_git/Motor_Controller_SW4STM_Workspace/Motor_Controller/CMSIS/core" -O0 -g3 -Wall -fmessage-length=0 -ffunction-sections -c -MMD -MP -MF"src/Motor/PID.d" -MT"src/Motor/PID.o" -o "src/Motor/PID.o" "../src/Motor/PID.c"
../src/main.c: In function 'main':
../src/main.c:92:15: warning: unused variable 'motor_4_angular_velocity' [-Wunused-variable]
  extern float motor_4_angular_velocity;
               ^~~~~~~~~~~~~~~~~~~~~~~~
Finished building: ../src/Motor/PID.c
 
Finished building: ../src/Motor/Motor.c
Finished building: ../src/main.c
 
 
Building target: Motor_Controller.elf
Invoking: MCU G++ Linker
arm-none-eabi-g++ -mcpu=cortex-m4 -mthumb -mfloat-abi=hard -mfpu=fpv4-sp-d16 -u _printf_float -T"/home/simon/Design_3_git/Motor_Controller_SW4STM_Workspace/Motor_Controller/LinkerScript.ld" -Wl,-Map=output.map -Wl,--gc-sections -fno-exceptions -fno-rtti -o "Motor_Controller.elf" @"objects.list"   -lm
Finished building target: Motor_Controller.elf
 
make --no-print-directory post-build
Generating binary and Printing size information:
arm-none-eabi-objcopy -O binary "Motor_Controller.elf" "Motor_Controller.bin"
arm-none-eabi-size "Motor_Controller.elf"
   text	   data	    bss	    dec	    hex	filename
  27808	   2524	   1624	  31956	   7cd4	Motor_Controller.elf
 
14:03:10 **** Incremental Build of configuration Debug for project Motor_Controller ****
make -j8 all 
Building file: ../src/main.c
Invoking: MCU GCC Compiler
/home/simon/Design_3_git/Motor_Controller_SW4STM_Workspace/Motor_Controller/Debug
arm-none-eabi-gcc -mcpu=cortex-m4 -mthumb -mfloat-abi=hard -mfpu=fpv4-sp-d16 -DSTM32 -DSTM32F4 -DSTM32F407VGTx -DSTM32F407G_DISC1 -DDEBUG -DSTM32F40XX -DSTM32F40_41xxx -DUSE_STDPERIPH_DRIVER -I"/home/simon/Design_3_git/Motor_Controller_SW4STM_Workspace/Motor_Controller/StdPeriph_Driver/inc" -I"/home/simon/Design_3_git/Motor_Controller_SW4STM_Workspace/Motor_Controller/inc" -I"/home/simon/Design_3_git/Motor_Controller_SW4STM_Workspace/Motor_Controller/CMSIS/device" -I"/home/simon/Design_3_git/Motor_Controller_SW4STM_Workspace/Motor_Controller/CMSIS/core" -O0 -g3 -Wall -fmessage-length=0 -ffunction-sections -c -MMD -MP -MF"src/main.d" -MT"src/main.o" -o "src/main.o" "../src/main.c"
../src/main.c: In function 'main':
../src/main.c:92:15: warning: unused variable 'motor_4_angular_velocity' [-Wunused-variable]
  extern float motor_4_angular_velocity;
               ^~~~~~~~~~~~~~~~~~~~~~~~
Finished building: ../src/main.c
 
Building target: Motor_Controller.elf
Invoking: MCU G++ Linker
arm-none-eabi-g++ -mcpu=cortex-m4 -mthumb -mfloat-abi=hard -mfpu=fpv4-sp-d16 -u _printf_float -T"/home/simon/Design_3_git/Motor_Controller_SW4STM_Workspace/Motor_Controller/LinkerScript.ld" -Wl,-Map=output.map -Wl,--gc-sections -fno-exceptions -fno-rtti -o "Motor_Controller.elf" @"objects.list"   -lm
Finished building target: Motor_Controller.elf
 
make --no-print-directory post-build
Generating binary and Printing size information:
arm-none-eabi-objcopy -O binary "Motor_Controller.elf" "Motor_Controller.bin"
arm-none-eabi-size "Motor_Controller.elf"
   text	   data	    bss	    dec	    hex	filename
  27808	   2524	   1624	  31956	   7cd4	Motor_Controller.elf
 
14:06:16 **** Incremental Build of configuration Debug for project Motor_Controller ****
make -j8 all 
Building file: ../src/main.c
Invoking: MCU GCC Compiler
/home/simon/Design_3_git/Motor_Controller_SW4STM_Workspace/Motor_Controller/Debug
arm-none-eabi-gcc -mcpu=cortex-m4 -mthumb -mfloat-abi=hard -mfpu=fpv4-sp-d16 -DSTM32 -DSTM32F4 -DSTM32F407VGTx -DSTM32F407G_DISC1 -DDEBUG -DSTM32F40XX -DSTM32F40_41xxx -DUSE_STDPERIPH_DRIVER -I"/home/simon/Design_3_git/Motor_Controller_SW4STM_Workspace/Motor_Controller/StdPeriph_Driver/inc" -I"/home/simon/Design_3_git/Motor_Controller_SW4STM_Workspace/Motor_Controller/inc" -I"/home/simon/Design_3_git/Motor_Controller_SW4STM_Workspace/Motor_Controller/CMSIS/device" -I"/home/simon/Design_3_git/Motor_Controller_SW4STM_Workspace/Motor_Controller/CMSIS/core" -O0 -g3 -Wall -fmessage-length=0 -ffunction-sections -c -MMD -MP -MF"src/main.d" -MT"src/main.o" -o "src/main.o" "../src/main.c"
../src/main.c: In function 'main':
../src/main.c:92:15: warning: unused variable 'motor_4_angular_velocity' [-Wunused-variable]
  extern float motor_4_angular_velocity;
               ^~~~~~~~~~~~~~~~~~~~~~~~
Finished building: ../src/main.c
 
Building target: Motor_Controller.elf
Invoking: MCU G++ Linker
arm-none-eabi-g++ -mcpu=cortex-m4 -mthumb -mfloat-abi=hard -mfpu=fpv4-sp-d16 -u _printf_float -T"/home/simon/Design_3_git/Motor_Controller_SW4STM_Workspace/Motor_Controller/LinkerScript.ld" -Wl,-Map=output.map -Wl,--gc-sections -fno-exceptions -fno-rtti -o "Motor_Controller.elf" @"objects.list"   -lm
Finished building target: Motor_Controller.elf
 
make --no-print-directory post-build
Generating binary and Printing size information:
arm-none-eabi-objcopy -O binary "Motor_Controller.elf" "Motor_Controller.bin"
arm-none-eabi-size "Motor_Controller.elf"
   text	   data	    bss	    dec	    hex	filename
  27816	   2524	   1624	  31964	   7cdc	Motor_Controller.elf
 
14:13:06 **** Incremental Build of configuration Debug for project Motor_Controller ****
make -j8 all 
Building file: ../src/main.c
Invoking: MCU GCC Compiler
/home/simon/Design_3_git/Motor_Controller_SW4STM_Workspace/Motor_Controller/Debug
arm-none-eabi-gcc -mcpu=cortex-m4 -mthumb -mfloat-abi=hard -mfpu=fpv4-sp-d16 -DSTM32 -DSTM32F4 -DSTM32F407VGTx -DSTM32F407G_DISC1 -DDEBUG -DSTM32F40XX -DSTM32F40_41xxx -DUSE_STDPERIPH_DRIVER -I"/home/simon/Design_3_git/Motor_Controller_SW4STM_Workspace/Motor_Controller/StdPeriph_Driver/inc" -I"/home/simon/Design_3_git/Motor_Controller_SW4STM_Workspace/Motor_Controller/inc" -I"/home/simon/Design_3_git/Motor_Controller_SW4STM_Workspace/Motor_Controller/CMSIS/device" -I"/home/simon/Design_3_git/Motor_Controller_SW4STM_Workspace/Motor_Controller/CMSIS/core" -O0 -g3 -Wall -fmessage-length=0 -ffunction-sections -c -MMD -MP -MF"src/main.d" -MT"src/main.o" -o "src/main.o" "../src/main.c"
../src/main.c: In function 'main':
../src/main.c:92:15: warning: unused variable 'motor_4_angular_velocity' [-Wunused-variable]
  extern float motor_4_angular_velocity;
               ^~~~~~~~~~~~~~~~~~~~~~~~
Finished building: ../src/main.c
 
Building target: Motor_Controller.elf
Invoking: MCU G++ Linker
arm-none-eabi-g++ -mcpu=cortex-m4 -mthumb -mfloat-abi=hard -mfpu=fpv4-sp-d16 -u _printf_float -T"/home/simon/Design_3_git/Motor_Controller_SW4STM_Workspace/Motor_Controller/LinkerScript.ld" -Wl,-Map=output.map -Wl,--gc-sections -fno-exceptions -fno-rtti -o "Motor_Controller.elf" @"objects.list"   -lm
Finished building target: Motor_Controller.elf
 
make --no-print-directory post-build
Generating binary and Printing size information:
arm-none-eabi-objcopy -O binary "Motor_Controller.elf" "Motor_Controller.bin"
arm-none-eabi-size "Motor_Controller.elf"
   text	   data	    bss	    dec	    hex	filename
  27808	   2524	   1624	  31956	   7cd4	Motor_Controller.elf
 
14:14:08 **** Incremental Build of configuration Debug for project Motor_Controller ****
make -j8 all 
Building file: ../src/main.c
Invoking: MCU GCC Compiler
/home/simon/Design_3_git/Motor_Controller_SW4STM_Workspace/Motor_Controller/Debug
arm-none-eabi-gcc -mcpu=cortex-m4 -mthumb -mfloat-abi=hard -mfpu=fpv4-sp-d16 -DSTM32 -DSTM32F4 -DSTM32F407VGTx -DSTM32F407G_DISC1 -DDEBUG -DSTM32F40XX -DSTM32F40_41xxx -DUSE_STDPERIPH_DRIVER -I"/home/simon/Design_3_git/Motor_Controller_SW4STM_Workspace/Motor_Controller/StdPeriph_Driver/inc" -I"/home/simon/Design_3_git/Motor_Controller_SW4STM_Workspace/Motor_Controller/inc" -I"/home/simon/Design_3_git/Motor_Controller_SW4STM_Workspace/Motor_Controller/CMSIS/device" -I"/home/simon/Design_3_git/Motor_Controller_SW4STM_Workspace/Motor_Controller/CMSIS/core" -O0 -g3 -Wall -fmessage-length=0 -ffunction-sections -c -MMD -MP -MF"src/main.d" -MT"src/main.o" -o "src/main.o" "../src/main.c"
Finished building: ../src/main.c
 
Building target: Motor_Controller.elf
Invoking: MCU G++ Linker
arm-none-eabi-g++ -mcpu=cortex-m4 -mthumb -mfloat-abi=hard -mfpu=fpv4-sp-d16 -u _printf_float -T"/home/simon/Design_3_git/Motor_Controller_SW4STM_Workspace/Motor_Controller/LinkerScript.ld" -Wl,-Map=output.map -Wl,--gc-sections -fno-exceptions -fno-rtti -o "Motor_Controller.elf" @"objects.list"   -lm
Finished building target: Motor_Controller.elf
 
make --no-print-directory post-build
Generating binary and Printing size information:
arm-none-eabi-objcopy -O binary "Motor_Controller.elf" "Motor_Controller.bin"
arm-none-eabi-size "Motor_Controller.elf"
   text	   data	    bss	    dec	    hex	filename
  27808	   2524	   1624	  31956	   7cd4	Motor_Controller.elf
 
14:16:09 **** Incremental Build of configuration Debug for project Motor_Controller ****
make -j8 all 
Building file: ../src/main.c
Invoking: MCU GCC Compiler
/home/simon/Design_3_git/Motor_Controller_SW4STM_Workspace/Motor_Controller/Debug
arm-none-eabi-gcc -mcpu=cortex-m4 -mthumb -mfloat-abi=hard -mfpu=fpv4-sp-d16 -DSTM32 -DSTM32F4 -DSTM32F407VGTx -DSTM32F407G_DISC1 -DDEBUG -DSTM32F40XX -DSTM32F40_41xxx -DUSE_STDPERIPH_DRIVER -I"/home/simon/Design_3_git/Motor_Controller_SW4STM_Workspace/Motor_Controller/StdPeriph_Driver/inc" -I"/home/simon/Design_3_git/Motor_Controller_SW4STM_Workspace/Motor_Controller/inc" -I"/home/simon/Design_3_git/Motor_Controller_SW4STM_Workspace/Motor_Controller/CMSIS/device" -I"/home/simon/Design_3_git/Motor_Controller_SW4STM_Workspace/Motor_Controller/CMSIS/core" -O0 -g3 -Wall -fmessage-length=0 -ffunction-sections -c -MMD -MP -MF"src/main.d" -MT"src/main.o" -o "src/main.o" "../src/main.c"
../src/main.c: In function 'main':
../src/main.c:92:15: warning: unused variable 'motor_4_angular_velocity' [-Wunused-variable]
  extern float motor_4_angular_velocity;
               ^~~~~~~~~~~~~~~~~~~~~~~~
Finished building: ../src/main.c
 
Building target: Motor_Controller.elf
Invoking: MCU G++ Linker
arm-none-eabi-g++ -mcpu=cortex-m4 -mthumb -mfloat-abi=hard -mfpu=fpv4-sp-d16 -u _printf_float -T"/home/simon/Design_3_git/Motor_Controller_SW4STM_Workspace/Motor_Controller/LinkerScript.ld" -Wl,-Map=output.map -Wl,--gc-sections -fno-exceptions -fno-rtti -o "Motor_Controller.elf" @"objects.list"   -lm
Finished building target: Motor_Controller.elf
 
make --no-print-directory post-build
Generating binary and Printing size information:
arm-none-eabi-objcopy -O binary "Motor_Controller.elf" "Motor_Controller.bin"
arm-none-eabi-size "Motor_Controller.elf"
   text	   data	    bss	    dec	    hex	filename
  27808	   2524	   1624	  31956	   7cd4	Motor_Controller.elf
 
14:22:25 **** Incremental Build of configuration Debug for project Motor_Controller ****
make -j8 all 
Building file: ../src/main.c
Invoking: MCU GCC Compiler
/home/simon/Design_3_git/Motor_Controller_SW4STM_Workspace/Motor_Controller/Debug
arm-none-eabi-gcc -mcpu=cortex-m4 -mthumb -mfloat-abi=hard -mfpu=fpv4-sp-d16 -DSTM32 -DSTM32F4 -DSTM32F407VGTx -DSTM32F407G_DISC1 -DDEBUG -DSTM32F40XX -DSTM32F40_41xxx -DUSE_STDPERIPH_DRIVER -I"/home/simon/Design_3_git/Motor_Controller_SW4STM_Workspace/Motor_Controller/StdPeriph_Driver/inc" -I"/home/simon/Design_3_git/Motor_Controller_SW4STM_Workspace/Motor_Controller/inc" -I"/home/simon/Design_3_git/Motor_Controller_SW4STM_Workspace/Motor_Controller/CMSIS/device" -I"/home/simon/Design_3_git/Motor_Controller_SW4STM_Workspace/Motor_Controller/CMSIS/core" -O0 -g3 -Wall -fmessage-length=0 -ffunction-sections -c -MMD -MP -MF"src/main.d" -MT"src/main.o" -o "src/main.o" "../src/main.c"
../src/main.c: In function 'main':
../src/main.c:92:15: warning: unused variable 'motor_4_angular_velocity' [-Wunused-variable]
  extern float motor_4_angular_velocity;
               ^~~~~~~~~~~~~~~~~~~~~~~~
Finished building: ../src/main.c
 
Building target: Motor_Controller.elf
Invoking: MCU G++ Linker
arm-none-eabi-g++ -mcpu=cortex-m4 -mthumb -mfloat-abi=hard -mfpu=fpv4-sp-d16 -u _printf_float -T"/home/simon/Design_3_git/Motor_Controller_SW4STM_Workspace/Motor_Controller/LinkerScript.ld" -Wl,-Map=output.map -Wl,--gc-sections -fno-exceptions -fno-rtti -o "Motor_Controller.elf" @"objects.list"   -lm
Finished building target: Motor_Controller.elf
 
make --no-print-directory post-build
Generating binary and Printing size information:
arm-none-eabi-objcopy -O binary "Motor_Controller.elf" "Motor_Controller.bin"
arm-none-eabi-size "Motor_Controller.elf"
   text	   data	    bss	    dec	    hex	filename
  27816	   2524	   1624	  31964	   7cdc	Motor_Controller.elf
 
14:24:17 **** Incremental Build of configuration Debug for project Motor_Controller ****
make -j8 all 
Building file: ../src/main.c
Invoking: MCU GCC Compiler
/home/simon/Design_3_git/Motor_Controller_SW4STM_Workspace/Motor_Controller/Debug
arm-none-eabi-gcc -mcpu=cortex-m4 -mthumb -mfloat-abi=hard -mfpu=fpv4-sp-d16 -DSTM32 -DSTM32F4 -DSTM32F407VGTx -DSTM32F407G_DISC1 -DDEBUG -DSTM32F40XX -DSTM32F40_41xxx -DUSE_STDPERIPH_DRIVER -I"/home/simon/Design_3_git/Motor_Controller_SW4STM_Workspace/Motor_Controller/StdPeriph_Driver/inc" -I"/home/simon/Design_3_git/Motor_Controller_SW4STM_Workspace/Motor_Controller/inc" -I"/home/simon/Design_3_git/Motor_Controller_SW4STM_Workspace/Motor_Controller/CMSIS/device" -I"/home/simon/Design_3_git/Motor_Controller_SW4STM_Workspace/Motor_Controller/CMSIS/core" -O0 -g3 -Wall -fmessage-length=0 -ffunction-sections -c -MMD -MP -MF"src/main.d" -MT"src/main.o" -o "src/main.o" "../src/main.c"
Finished building: ../src/main.c
 
Building target: Motor_Controller.elf
Invoking: MCU G++ Linker
arm-none-eabi-g++ -mcpu=cortex-m4 -mthumb -mfloat-abi=hard -mfpu=fpv4-sp-d16 -u _printf_float -T"/home/simon/Design_3_git/Motor_Controller_SW4STM_Workspace/Motor_Controller/LinkerScript.ld" -Wl,-Map=output.map -Wl,--gc-sections -fno-exceptions -fno-rtti -o "Motor_Controller.elf" @"objects.list"   -lm
Finished building target: Motor_Controller.elf
 
make --no-print-directory post-build
Generating binary and Printing size information:
arm-none-eabi-objcopy -O binary "Motor_Controller.elf" "Motor_Controller.bin"
arm-none-eabi-size "Motor_Controller.elf"
   text	   data	    bss	    dec	    hex	filename
  27808	   2524	   1624	  31956	   7cd4	Motor_Controller.elf
 
14:24:51 **** Incremental Build of configuration Debug for project Motor_Controller ****
make -j8 all 
Building file: ../src/Motor/PID.c
Building file: ../src/main.c
Invoking: MCU GCC Compiler
Invoking: MCU GCC Compiler
/home/simon/Design_3_git/Motor_Controller_SW4STM_Workspace/Motor_Controller/Debug
arm-none-eabi-gcc -mcpu=cortex-m4 -mthumb -mfloat-abi=hard -mfpu=fpv4-sp-d16 -DSTM32 -DSTM32F4 -DSTM32F407VGTx -DSTM32F407G_DISC1 -DDEBUG -DSTM32F40XX -DSTM32F40_41xxx -DUSE_STDPERIPH_DRIVER -I"/home/simon/Design_3_git/Motor_Controller_SW4STM_Workspace/Motor_Controller/StdPeriph_Driver/inc" -I"/home/simon/Design_3_git/Motor_Controller_SW4STM_Workspace/Motor_Controller/inc" -I"/home/simon/Design_3_git/Motor_Controller_SW4STM_Workspace/Motor_Controller/CMSIS/device" -I"/home/simon/Design_3_git/Motor_Controller_SW4STM_Workspace/Motor_Controller/CMSIS/core" -O0 -g3 -Wall -fmessage-length=0 -ffunction-sections -c -MMD -MP -MF"src/Motor/PID.d" -MT"src/Motor/PID.o" -o "src/Motor/PID.o" "../src/Motor/PID.c"
/home/simon/Design_3_git/Motor_Controller_SW4STM_Workspace/Motor_Controller/Debug
arm-none-eabi-gcc -mcpu=cortex-m4 -mthumb -mfloat-abi=hard -mfpu=fpv4-sp-d16 -DSTM32 -DSTM32F4 -DSTM32F407VGTx -DSTM32F407G_DISC1 -DDEBUG -DSTM32F40XX -DSTM32F40_41xxx -DUSE_STDPERIPH_DRIVER -I"/home/simon/Design_3_git/Motor_Controller_SW4STM_Workspace/Motor_Controller/StdPeriph_Driver/inc" -I"/home/simon/Design_3_git/Motor_Controller_SW4STM_Workspace/Motor_Controller/inc" -I"/home/simon/Design_3_git/Motor_Controller_SW4STM_Workspace/Motor_Controller/CMSIS/device" -I"/home/simon/Design_3_git/Motor_Controller_SW4STM_Workspace/Motor_Controller/CMSIS/core" -O0 -g3 -Wall -fmessage-length=0 -ffunction-sections -c -MMD -MP -MF"src/main.d" -MT"src/main.o" -o "src/main.o" "../src/main.c"
Finished building: ../src/Motor/PID.c
 
Finished building: ../src/main.c
 
Building target: Motor_Controller.elf
Invoking: MCU G++ Linker
arm-none-eabi-g++ -mcpu=cortex-m4 -mthumb -mfloat-abi=hard -mfpu=fpv4-sp-d16 -u _printf_float -T"/home/simon/Design_3_git/Motor_Controller_SW4STM_Workspace/Motor_Controller/LinkerScript.ld" -Wl,-Map=output.map -Wl,--gc-sections -fno-exceptions -fno-rtti -o "Motor_Controller.elf" @"objects.list"   -lm
Finished building target: Motor_Controller.elf
 
make --no-print-directory post-build
Generating binary and Printing size information:
arm-none-eabi-objcopy -O binary "Motor_Controller.elf" "Motor_Controller.bin"
arm-none-eabi-size "Motor_Controller.elf"
   text	   data	    bss	    dec	    hex	filename
  27808	   2524	   1624	  31956	   7cd4	Motor_Controller.elf
 
14:39:03 **** Incremental Build of configuration Debug for project Motor_Controller ****
make -j8 all 
Building file: ../src/Motor/PID.c
Building file: ../src/main.c
Invoking: MCU GCC Compiler
/home/simon/Design_3_git/Motor_Controller_SW4STM_Workspace/Motor_Controller/Debug
Invoking: MCU GCC Compiler
arm-none-eabi-gcc -mcpu=cortex-m4 -mthumb -mfloat-abi=hard -mfpu=fpv4-sp-d16 -DSTM32 -DSTM32F4 -DSTM32F407VGTx -DSTM32F407G_DISC1 -DDEBUG -DSTM32F40XX -DSTM32F40_41xxx -DUSE_STDPERIPH_DRIVER -I"/home/simon/Design_3_git/Motor_Controller_SW4STM_Workspace/Motor_Controller/StdPeriph_Driver/inc" -I"/home/simon/Design_3_git/Motor_Controller_SW4STM_Workspace/Motor_Controller/inc" -I"/home/simon/Design_3_git/Motor_Controller_SW4STM_Workspace/Motor_Controller/CMSIS/device" -I"/home/simon/Design_3_git/Motor_Controller_SW4STM_Workspace/Motor_Controller/CMSIS/core" -O0 -g3 -Wall -fmessage-length=0 -ffunction-sections -c -MMD -MP -MF"src/Motor/PID.d" -MT"src/Motor/PID.o" -o "src/Motor/PID.o" "../src/Motor/PID.c"
/home/simon/Design_3_git/Motor_Controller_SW4STM_Workspace/Motor_Controller/Debug
arm-none-eabi-gcc -mcpu=cortex-m4 -mthumb -mfloat-abi=hard -mfpu=fpv4-sp-d16 -DSTM32 -DSTM32F4 -DSTM32F407VGTx -DSTM32F407G_DISC1 -DDEBUG -DSTM32F40XX -DSTM32F40_41xxx -DUSE_STDPERIPH_DRIVER -I"/home/simon/Design_3_git/Motor_Controller_SW4STM_Workspace/Motor_Controller/StdPeriph_Driver/inc" -I"/home/simon/Design_3_git/Motor_Controller_SW4STM_Workspace/Motor_Controller/inc" -I"/home/simon/Design_3_git/Motor_Controller_SW4STM_Workspace/Motor_Controller/CMSIS/device" -I"/home/simon/Design_3_git/Motor_Controller_SW4STM_Workspace/Motor_Controller/CMSIS/core" -O0 -g3 -Wall -fmessage-length=0 -ffunction-sections -c -MMD -MP -MF"src/main.d" -MT"src/main.o" -o "src/main.o" "../src/main.c"
Finished building: ../src/Motor/PID.c
 
Finished building: ../src/main.c
 
Building target: Motor_Controller.elf
Invoking: MCU G++ Linker
arm-none-eabi-g++ -mcpu=cortex-m4 -mthumb -mfloat-abi=hard -mfpu=fpv4-sp-d16 -u _printf_float -T"/home/simon/Design_3_git/Motor_Controller_SW4STM_Workspace/Motor_Controller/LinkerScript.ld" -Wl,-Map=output.map -Wl,--gc-sections -fno-exceptions -fno-rtti -o "Motor_Controller.elf" @"objects.list"   -lm
Finished building target: Motor_Controller.elf
 
make --no-print-directory post-build
Generating binary and Printing size information:
arm-none-eabi-objcopy -O binary "Motor_Controller.elf" "Motor_Controller.bin"
arm-none-eabi-size "Motor_Controller.elf"
   text	   data	    bss	    dec	    hex	filename
   8740	   1120	   1524	  11384	   2c78	Motor_Controller.elf
 
14:39:41 **** Incremental Build of configuration Debug for project Motor_Controller ****
make -j8 all 
Building file: ../src/main.c
Invoking: MCU GCC Compiler
/home/simon/Design_3_git/Motor_Controller_SW4STM_Workspace/Motor_Controller/Debug
arm-none-eabi-gcc -mcpu=cortex-m4 -mthumb -mfloat-abi=hard -mfpu=fpv4-sp-d16 -DSTM32 -DSTM32F4 -DSTM32F407VGTx -DSTM32F407G_DISC1 -DDEBUG -DSTM32F40XX -DSTM32F40_41xxx -DUSE_STDPERIPH_DRIVER -I"/home/simon/Design_3_git/Motor_Controller_SW4STM_Workspace/Motor_Controller/StdPeriph_Driver/inc" -I"/home/simon/Design_3_git/Motor_Controller_SW4STM_Workspace/Motor_Controller/inc" -I"/home/simon/Design_3_git/Motor_Controller_SW4STM_Workspace/Motor_Controller/CMSIS/device" -I"/home/simon/Design_3_git/Motor_Controller_SW4STM_Workspace/Motor_Controller/CMSIS/core" -O0 -g3 -Wall -fmessage-length=0 -ffunction-sections -c -MMD -MP -MF"src/main.d" -MT"src/main.o" -o "src/main.o" "../src/main.c"
Finished building: ../src/main.c
 
Building target: Motor_Controller.elf
Invoking: MCU G++ Linker
arm-none-eabi-g++ -mcpu=cortex-m4 -mthumb -mfloat-abi=hard -mfpu=fpv4-sp-d16 -u _printf_float -T"/home/simon/Design_3_git/Motor_Controller_SW4STM_Workspace/Motor_Controller/LinkerScript.ld" -Wl,-Map=output.map -Wl,--gc-sections -fno-exceptions -fno-rtti -o "Motor_Controller.elf" @"objects.list"   -lm
Finished building target: Motor_Controller.elf
 
make --no-print-directory post-build
Generating binary and Printing size information:
arm-none-eabi-objcopy -O binary "Motor_Controller.elf" "Motor_Controller.bin"
arm-none-eabi-size "Motor_Controller.elf"
   text	   data	    bss	    dec	    hex	filename
  27688	   2524	   1624	  31836	   7c5c	Motor_Controller.elf
 
14:55:07 **** Incremental Build of configuration Debug for project Motor_Controller ****
make -j8 all 
Building file: ../src/Motor/PID.c
Building file: ../src/main.c
Invoking: MCU GCC Compiler
Invoking: MCU GCC Compiler
/home/simon/Design_3_git/Motor_Controller_SW4STM_Workspace/Motor_Controller/Debug
/home/simon/Design_3_git/Motor_Controller_SW4STM_Workspace/Motor_Controller/Debug
arm-none-eabi-gcc -mcpu=cortex-m4 -mthumb -mfloat-abi=hard -mfpu=fpv4-sp-d16 -DSTM32 -DSTM32F4 -DSTM32F407VGTx -DSTM32F407G_DISC1 -DDEBUG -DSTM32F40XX -DSTM32F40_41xxx -DUSE_STDPERIPH_DRIVER -I"/home/simon/Design_3_git/Motor_Controller_SW4STM_Workspace/Motor_Controller/StdPeriph_Driver/inc" -I"/home/simon/Design_3_git/Motor_Controller_SW4STM_Workspace/Motor_Controller/inc" -I"/home/simon/Design_3_git/Motor_Controller_SW4STM_Workspace/Motor_Controller/CMSIS/device" -I"/home/simon/Design_3_git/Motor_Controller_SW4STM_Workspace/Motor_Controller/CMSIS/core" -O0 -g3 -Wall -fmessage-length=0 -ffunction-sections -c -MMD -MP -MF"src/main.d" -MT"src/main.o" -o "src/main.o" "../src/main.c"
arm-none-eabi-gcc -mcpu=cortex-m4 -mthumb -mfloat-abi=hard -mfpu=fpv4-sp-d16 -DSTM32 -DSTM32F4 -DSTM32F407VGTx -DSTM32F407G_DISC1 -DDEBUG -DSTM32F40XX -DSTM32F40_41xxx -DUSE_STDPERIPH_DRIVER -I"/home/simon/Design_3_git/Motor_Controller_SW4STM_Workspace/Motor_Controller/StdPeriph_Driver/inc" -I"/home/simon/Design_3_git/Motor_Controller_SW4STM_Workspace/Motor_Controller/inc" -I"/home/simon/Design_3_git/Motor_Controller_SW4STM_Workspace/Motor_Controller/CMSIS/device" -I"/home/simon/Design_3_git/Motor_Controller_SW4STM_Workspace/Motor_Controller/CMSIS/core" -O0 -g3 -Wall -fmessage-length=0 -ffunction-sections -c -MMD -MP -MF"src/Motor/PID.d" -MT"src/Motor/PID.o" -o "src/Motor/PID.o" "../src/Motor/PID.c"
Finished building: ../src/Motor/PID.c
 
Finished building: ../src/main.c
 
Building target: Motor_Controller.elf
Invoking: MCU G++ Linker
arm-none-eabi-g++ -mcpu=cortex-m4 -mthumb -mfloat-abi=hard -mfpu=fpv4-sp-d16 -u _printf_float -T"/home/simon/Design_3_git/Motor_Controller_SW4STM_Workspace/Motor_Controller/LinkerScript.ld" -Wl,-Map=output.map -Wl,--gc-sections -fno-exceptions -fno-rtti -o "Motor_Controller.elf" @"objects.list"   -lm
Finished building target: Motor_Controller.elf
 
make --no-print-directory post-build
Generating binary and Printing size information:
arm-none-eabi-objcopy -O binary "Motor_Controller.elf" "Motor_Controller.bin"
arm-none-eabi-size "Motor_Controller.elf"
   text	   data	    bss	    dec	    hex	filename
  27744	   2532	   1624	  31900	   7c9c	Motor_Controller.elf
 
14:59:21 **** Incremental Build of configuration Debug for project Motor_Controller ****
make -j8 all 
Building file: ../src/main.c
Invoking: MCU GCC Compiler
/home/simon/Design_3_git/Motor_Controller_SW4STM_Workspace/Motor_Controller/Debug
arm-none-eabi-gcc -mcpu=cortex-m4 -mthumb -mfloat-abi=hard -mfpu=fpv4-sp-d16 -DSTM32 -DSTM32F4 -DSTM32F407VGTx -DSTM32F407G_DISC1 -DDEBUG -DSTM32F40XX -DSTM32F40_41xxx -DUSE_STDPERIPH_DRIVER -I"/home/simon/Design_3_git/Motor_Controller_SW4STM_Workspace/Motor_Controller/StdPeriph_Driver/inc" -I"/home/simon/Design_3_git/Motor_Controller_SW4STM_Workspace/Motor_Controller/inc" -I"/home/simon/Design_3_git/Motor_Controller_SW4STM_Workspace/Motor_Controller/CMSIS/device" -I"/home/simon/Design_3_git/Motor_Controller_SW4STM_Workspace/Motor_Controller/CMSIS/core" -O0 -g3 -Wall -fmessage-length=0 -ffunction-sections -c -MMD -MP -MF"src/main.d" -MT"src/main.o" -o "src/main.o" "../src/main.c"
Finished building: ../src/main.c
 
Building target: Motor_Controller.elf
Invoking: MCU G++ Linker
arm-none-eabi-g++ -mcpu=cortex-m4 -mthumb -mfloat-abi=hard -mfpu=fpv4-sp-d16 -u _printf_float -T"/home/simon/Design_3_git/Motor_Controller_SW4STM_Workspace/Motor_Controller/LinkerScript.ld" -Wl,-Map=output.map -Wl,--gc-sections -fno-exceptions -fno-rtti -o "Motor_Controller.elf" @"objects.list"   -lm
Finished building target: Motor_Controller.elf
 
make --no-print-directory post-build
Generating binary and Printing size information:
arm-none-eabi-objcopy -O binary "Motor_Controller.elf" "Motor_Controller.bin"
arm-none-eabi-size "Motor_Controller.elf"
   text	   data	    bss	    dec	    hex	filename
  27776	   2532	   1624	  31932	   7cbc	Motor_Controller.elf
 
14:59:43 **** Incremental Build of configuration Debug for project Motor_Controller ****
make -j8 all 
Building file: ../src/main.c
Invoking: MCU GCC Compiler
/home/simon/Design_3_git/Motor_Controller_SW4STM_Workspace/Motor_Controller/Debug
arm-none-eabi-gcc -mcpu=cortex-m4 -mthumb -mfloat-abi=hard -mfpu=fpv4-sp-d16 -DSTM32 -DSTM32F4 -DSTM32F407VGTx -DSTM32F407G_DISC1 -DDEBUG -DSTM32F40XX -DSTM32F40_41xxx -DUSE_STDPERIPH_DRIVER -I"/home/simon/Design_3_git/Motor_Controller_SW4STM_Workspace/Motor_Controller/StdPeriph_Driver/inc" -I"/home/simon/Design_3_git/Motor_Controller_SW4STM_Workspace/Motor_Controller/inc" -I"/home/simon/Design_3_git/Motor_Controller_SW4STM_Workspace/Motor_Controller/CMSIS/device" -I"/home/simon/Design_3_git/Motor_Controller_SW4STM_Workspace/Motor_Controller/CMSIS/core" -O0 -g3 -Wall -fmessage-length=0 -ffunction-sections -c -MMD -MP -MF"src/main.d" -MT"src/main.o" -o "src/main.o" "../src/main.c"
../src/main.c:171:1: error: expected identifier or '(' before '}' token
 }
 ^
make: *** [src/main.o] Error 1
src/subdir.mk:24: recipe for target 'src/main.o' failed
14:59:51 **** Incremental Build of configuration Debug for project Motor_Controller ****
make -j8 all 
Building file: ../src/main.c
Invoking: MCU GCC Compiler
/home/simon/Design_3_git/Motor_Controller_SW4STM_Workspace/Motor_Controller/Debug
arm-none-eabi-gcc -mcpu=cortex-m4 -mthumb -mfloat-abi=hard -mfpu=fpv4-sp-d16 -DSTM32 -DSTM32F4 -DSTM32F407VGTx -DSTM32F407G_DISC1 -DDEBUG -DSTM32F40XX -DSTM32F40_41xxx -DUSE_STDPERIPH_DRIVER -I"/home/simon/Design_3_git/Motor_Controller_SW4STM_Workspace/Motor_Controller/StdPeriph_Driver/inc" -I"/home/simon/Design_3_git/Motor_Controller_SW4STM_Workspace/Motor_Controller/inc" -I"/home/simon/Design_3_git/Motor_Controller_SW4STM_Workspace/Motor_Controller/CMSIS/device" -I"/home/simon/Design_3_git/Motor_Controller_SW4STM_Workspace/Motor_Controller/CMSIS/core" -O0 -g3 -Wall -fmessage-length=0 -ffunction-sections -c -MMD -MP -MF"src/main.d" -MT"src/main.o" -o "src/main.o" "../src/main.c"
Finished building: ../src/main.c
 
Building target: Motor_Controller.elf
Invoking: MCU G++ Linker
arm-none-eabi-g++ -mcpu=cortex-m4 -mthumb -mfloat-abi=hard -mfpu=fpv4-sp-d16 -u _printf_float -T"/home/simon/Design_3_git/Motor_Controller_SW4STM_Workspace/Motor_Controller/LinkerScript.ld" -Wl,-Map=output.map -Wl,--gc-sections -fno-exceptions -fno-rtti -o "Motor_Controller.elf" @"objects.list"   -lm
Finished building target: Motor_Controller.elf
 
make --no-print-directory post-build
Generating binary and Printing size information:
arm-none-eabi-objcopy -O binary "Motor_Controller.elf" "Motor_Controller.bin"
arm-none-eabi-size "Motor_Controller.elf"
   text	   data	    bss	    dec	    hex	filename
  27600	   2532	   1624	  31756	   7c0c	Motor_Controller.elf
 
15:13:36 **** Incremental Build of configuration Debug for project Motor_Controller ****
make -j8 all 
Building file: ../src/main.c
Invoking: MCU GCC Compiler
/home/simon/Design_3_git/Motor_Controller_SW4STM_Workspace/Motor_Controller/Debug
arm-none-eabi-gcc -mcpu=cortex-m4 -mthumb -mfloat-abi=hard -mfpu=fpv4-sp-d16 -DSTM32 -DSTM32F4 -DSTM32F407VGTx -DSTM32F407G_DISC1 -DDEBUG -DSTM32F40XX -DSTM32F40_41xxx -DUSE_STDPERIPH_DRIVER -I"/home/simon/Design_3_git/Motor_Controller_SW4STM_Workspace/Motor_Controller/StdPeriph_Driver/inc" -I"/home/simon/Design_3_git/Motor_Controller_SW4STM_Workspace/Motor_Controller/inc" -I"/home/simon/Design_3_git/Motor_Controller_SW4STM_Workspace/Motor_Controller/CMSIS/device" -I"/home/simon/Design_3_git/Motor_Controller_SW4STM_Workspace/Motor_Controller/CMSIS/core" -O0 -g3 -Wall -fmessage-length=0 -ffunction-sections -c -MMD -MP -MF"src/main.d" -MT"src/main.o" -o "src/main.o" "../src/main.c"
Finished building: ../src/main.c
 
Building target: Motor_Controller.elf
Invoking: MCU G++ Linker
arm-none-eabi-g++ -mcpu=cortex-m4 -mthumb -mfloat-abi=hard -mfpu=fpv4-sp-d16 -u _printf_float -T"/home/simon/Design_3_git/Motor_Controller_SW4STM_Workspace/Motor_Controller/LinkerScript.ld" -Wl,-Map=output.map -Wl,--gc-sections -fno-exceptions -fno-rtti -o "Motor_Controller.elf" @"objects.list"   -lm
Finished building target: Motor_Controller.elf
 
make --no-print-directory post-build
Generating binary and Printing size information:
arm-none-eabi-objcopy -O binary "Motor_Controller.elf" "Motor_Controller.bin"
arm-none-eabi-size "Motor_Controller.elf"
   text	   data	    bss	    dec	    hex	filename
  27600	   2532	   1624	  31756	   7c0c	Motor_Controller.elf
 
20:21:59 **** Incremental Build of configuration Debug for project Motor_Controller ****
make -j8 all 
Building file: ../src/UART/UART2.c
Building file: ../src/Motor/PID.c
Invoking: MCU GCC Compiler
Building file: ../src/main.c
Invoking: MCU GCC Compiler
/home/simon/Design_3_git/Motor_Controller_SW4STM_Workspace/Motor_Controller/Debug
Invoking: MCU GCC Compiler
arm-none-eabi-gcc -mcpu=cortex-m4 -mthumb -mfloat-abi=hard -mfpu=fpv4-sp-d16 -DSTM32 -DSTM32F4 -DSTM32F407VGTx -DSTM32F407G_DISC1 -DDEBUG -DSTM32F40XX -DSTM32F40_41xxx -DUSE_STDPERIPH_DRIVER -I"/home/simon/Design_3_git/Motor_Controller_SW4STM_Workspace/Motor_Controller/StdPeriph_Driver/inc" -I"/home/simon/Design_3_git/Motor_Controller_SW4STM_Workspace/Motor_Controller/inc" -I"/home/simon/Design_3_git/Motor_Controller_SW4STM_Workspace/Motor_Controller/CMSIS/device" -I"/home/simon/Design_3_git/Motor_Controller_SW4STM_Workspace/Motor_Controller/CMSIS/core" -O0 -g3 -Wall -fmessage-length=0 -ffunction-sections -c -MMD -MP -MF"src/UART/UART2.d" -MT"src/UART/UART2.o" -o "src/UART/UART2.o" "../src/UART/UART2.c"
/home/simon/Design_3_git/Motor_Controller_SW4STM_Workspace/Motor_Controller/Debug
arm-none-eabi-gcc -mcpu=cortex-m4 -mthumb -mfloat-abi=hard -mfpu=fpv4-sp-d16 -DSTM32 -DSTM32F4 -DSTM32F407VGTx -DSTM32F407G_DISC1 -DDEBUG -DSTM32F40XX -DSTM32F40_41xxx -DUSE_STDPERIPH_DRIVER -I"/home/simon/Design_3_git/Motor_Controller_SW4STM_Workspace/Motor_Controller/StdPeriph_Driver/inc" -I"/home/simon/Design_3_git/Motor_Controller_SW4STM_Workspace/Motor_Controller/inc" -I"/home/simon/Design_3_git/Motor_Controller_SW4STM_Workspace/Motor_Controller/CMSIS/device" -I"/home/simon/Design_3_git/Motor_Controller_SW4STM_Workspace/Motor_Controller/CMSIS/core" -O0 -g3 -Wall -fmessage-length=0 -ffunction-sections -c -MMD -MP -MF"src/Motor/PID.d" -MT"src/Motor/PID.o" -o "src/Motor/PID.o" "../src/Motor/PID.c"
/home/simon/Design_3_git/Motor_Controller_SW4STM_Workspace/Motor_Controller/Debug
arm-none-eabi-gcc -mcpu=cortex-m4 -mthumb -mfloat-abi=hard -mfpu=fpv4-sp-d16 -DSTM32 -DSTM32F4 -DSTM32F407VGTx -DSTM32F407G_DISC1 -DDEBUG -DSTM32F40XX -DSTM32F40_41xxx -DUSE_STDPERIPH_DRIVER -I"/home/simon/Design_3_git/Motor_Controller_SW4STM_Workspace/Motor_Controller/StdPeriph_Driver/inc" -I"/home/simon/Design_3_git/Motor_Controller_SW4STM_Workspace/Motor_Controller/inc" -I"/home/simon/Design_3_git/Motor_Controller_SW4STM_Workspace/Motor_Controller/CMSIS/device" -I"/home/simon/Design_3_git/Motor_Controller_SW4STM_Workspace/Motor_Controller/CMSIS/core" -O0 -g3 -Wall -fmessage-length=0 -ffunction-sections -c -MMD -MP -MF"src/main.d" -MT"src/main.o" -o "src/main.o" "../src/main.c"
../src/main.c: In function 'main':
../src/main.c:84:7: warning: variable 's' set but not used [-Wunused-but-set-variable]
  char s[1000];
       ^
Finished building: ../src/UART/UART2.c
Finished building: ../src/Motor/PID.c
Finished building: ../src/main.c
 
 
 
Building target: Motor_Controller.elf
Invoking: MCU G++ Linker
arm-none-eabi-g++ -mcpu=cortex-m4 -mthumb -mfloat-abi=hard -mfpu=fpv4-sp-d16 -u _printf_float -T"/home/simon/Design_3_git/Motor_Controller_SW4STM_Workspace/Motor_Controller/LinkerScript.ld" -Wl,-Map=output.map -Wl,--gc-sections -fno-exceptions -fno-rtti -o "Motor_Controller.elf" @"objects.list"   -lm
Finished building target: Motor_Controller.elf
 
make --no-print-directory post-build
Generating binary and Printing size information:
arm-none-eabi-objcopy -O binary "Motor_Controller.elf" "Motor_Controller.bin"
arm-none-eabi-size "Motor_Controller.elf"
   text	   data	    bss	    dec	    hex	filename
  10328	   1120	   1524	  12972	   32ac	Motor_Controller.elf
 
20:22:09 **** Incremental Build of configuration Debug for project Motor_Controller ****
make -j8 all 
make: Nothing to be done for 'all'.
20:22:11 **** Incremental Build of configuration Debug for project Motor_Controller ****
make -j8 all 
make: Nothing to be done for 'all'.
20:38:00 **** Incremental Build of configuration Debug for project Motor_Controller ****
make -j8 all 
Building file: ../src/Motor/PID.c
Building file: ../src/main.c
Invoking: MCU GCC Compiler
Invoking: MCU GCC Compiler
/home/simon/Design_3_git/Motor_Controller_SW4STM_Workspace/Motor_Controller/Debug
[...]
make -j8 all 
Building file: ../src/main.c
Invoking: MCU GCC Compiler
/home/simon/Design_3_git/Motor_Controller_SW4STM_Workspace/Motor_Controller/Debug
arm-none-eabi-gcc -mcpu=cortex-m4 -mthumb -mfloat-abi=hard -mfpu=fpv4-sp-d16 -DSTM32 -DSTM32F4 -DSTM32F407VGTx -DSTM32F407G_DISC1 -DDEBUG -DSTM32F40XX -DSTM32F40_41xxx -DUSE_STDPERIPH_DRIVER -I"/home/simon/Design_3_git/Motor_Controller_SW4STM_Workspace/Motor_Controller/StdPeriph_Driver/inc" -I"/home/simon/Design_3_git/Motor_Controller_SW4STM_Workspace/Motor_Controller/inc" -I"/home/simon/Design_3_git/Motor_Controller_SW4STM_Workspace/Motor_Controller/CMSIS/device" -I"/home/simon/Design_3_git/Motor_Controller_SW4STM_Workspace/Motor_Controller/CMSIS/core" -O0 -g3 -Wall -fmessage-length=0 -ffunction-sections -c -MMD -MP -MF"src/main.d" -MT"src/main.o" -o "src/main.o" "../src/main.c"
In file included from ../src/main.c:17:0:
../src/../inc/Motor/Motor.h:9:1: warning: parameter names (without types) in function declaration
 void motor1_set_speed( p_speed);
 ^~~~
Finished building: ../src/main.c
 
Building target: Motor_Controller.elf
Invoking: MCU G++ Linker
arm-none-eabi-g++ -mcpu=cortex-m4 -mthumb -mfloat-abi=hard -mfpu=fpv4-sp-d16 -u _printf_float -T"/home/simon/Design_3_git/Motor_Controller_SW4STM_Workspace/Motor_Controller/LinkerScript.ld" -Wl,-Map=output.map -Wl,--gc-sections -fno-exceptions -fno-rtti -o "Motor_Controller.elf" @"objects.list"   -lm
Finished building target: Motor_Controller.elf
 
make --no-print-directory post-build
Generating binary and Printing size information:
arm-none-eabi-objcopy -O binary "Motor_Controller.elf" "Motor_Controller.bin"
arm-none-eabi-size "Motor_Controller.elf"
   text	   data	    bss	    dec	    hex	filename
  10504	   1120	   1524	  13148	   335c	Motor_Controller.elf
 
22:57:43 **** Incremental Build of configuration Debug for project Motor_Controller ****
make -j8 all 
Building file: ../src/Motor/PID.c
Building file: ../src/main.c
Invoking: MCU GCC Compiler
/home/simon/Design_3_git/Motor_Controller_SW4STM_Workspace/Motor_Controller/Debug
Invoking: MCU GCC Compiler
arm-none-eabi-gcc -mcpu=cortex-m4 -mthumb -mfloat-abi=hard -mfpu=fpv4-sp-d16 -DSTM32 -DSTM32F4 -DSTM32F407VGTx -DSTM32F407G_DISC1 -DDEBUG -DSTM32F40XX -DSTM32F40_41xxx -DUSE_STDPERIPH_DRIVER -I"/home/simon/Design_3_git/Motor_Controller_SW4STM_Workspace/Motor_Controller/StdPeriph_Driver/inc" -I"/home/simon/Design_3_git/Motor_Controller_SW4STM_Workspace/Motor_Controller/inc" -I"/home/simon/Design_3_git/Motor_Controller_SW4STM_Workspace/Motor_Controller/CMSIS/device" -I"/home/simon/Design_3_git/Motor_Controller_SW4STM_Workspace/Motor_Controller/CMSIS/core" -O0 -g3 -Wall -fmessage-length=0 -ffunction-sections -c -MMD -MP -MF"src/Motor/PID.d" -MT"src/Motor/PID.o" -o "src/Motor/PID.o" "../src/Motor/PID.c"
/home/simon/Design_3_git/Motor_Controller_SW4STM_Workspace/Motor_Controller/Debug
arm-none-eabi-gcc -mcpu=cortex-m4 -mthumb -mfloat-abi=hard -mfpu=fpv4-sp-d16 -DSTM32 -DSTM32F4 -DSTM32F407VGTx -DSTM32F407G_DISC1 -DDEBUG -DSTM32F40XX -DSTM32F40_41xxx -DUSE_STDPERIPH_DRIVER -I"/home/simon/Design_3_git/Motor_Controller_SW4STM_Workspace/Motor_Controller/StdPeriph_Driver/inc" -I"/home/simon/Design_3_git/Motor_Controller_SW4STM_Workspace/Motor_Controller/inc" -I"/home/simon/Design_3_git/Motor_Controller_SW4STM_Workspace/Motor_Controller/CMSIS/device" -I"/home/simon/Design_3_git/Motor_Controller_SW4STM_Workspace/Motor_Controller/CMSIS/core" -O0 -g3 -Wall -fmessage-length=0 -ffunction-sections -c -MMD -MP -MF"src/main.d" -MT"src/main.o" -o "src/main.o" "../src/main.c"
In file included from ../src/Motor/PID.c:2:0:
../src/Motor/../../inc/Motor/Motor.h:9:1: warning: parameter names (without types) in function declaration
 void motor1_set_speed( p_speed);
 ^~~~
In file included from ../src/main.c:17:0:
../src/../inc/Motor/Motor.h:9:1: warning: parameter names (without types) in function declaration
 void motor1_set_speed( p_speed);
 ^~~~
Finished building: ../src/Motor/PID.c
 
Finished building: ../src/main.c
 
Building target: Motor_Controller.elf
Invoking: MCU G++ Linker
arm-none-eabi-g++ -mcpu=cortex-m4 -mthumb -mfloat-abi=hard -mfpu=fpv4-sp-d16 -u _printf_float -T"/home/simon/Design_3_git/Motor_Controller_SW4STM_Workspace/Motor_Controller/LinkerScript.ld" -Wl,-Map=output.map -Wl,--gc-sections -fno-exceptions -fno-rtti -o "Motor_Controller.elf" @"objects.list"   -lm
Finished building target: Motor_Controller.elf
 
make --no-print-directory post-build
Generating binary and Printing size information:
arm-none-eabi-objcopy -O binary "Motor_Controller.elf" "Motor_Controller.bin"
arm-none-eabi-size "Motor_Controller.elf"
   text	   data	    bss	    dec	    hex	filename
  10520	   1120	   1524	  13164	   336c	Motor_Controller.elf
 
22:59:08 **** Incremental Build of configuration Debug for project Motor_Controller ****
make -j8 all 
Building file: ../src/Motor/PID.c
Building file: ../src/main.c
Invoking: MCU GCC Compiler
Invoking: MCU GCC Compiler
/home/simon/Design_3_git/Motor_Controller_SW4STM_Workspace/Motor_Controller/Debug
arm-none-eabi-gcc -mcpu=cortex-m4 -mthumb -mfloat-abi=hard -mfpu=fpv4-sp-d16 -DSTM32 -DSTM32F4 -DSTM32F407VGTx -DSTM32F407G_DISC1 -DDEBUG -DSTM32F40XX -DSTM32F40_41xxx -DUSE_STDPERIPH_DRIVER -I"/home/simon/Design_3_git/Motor_Controller_SW4STM_Workspace/Motor_Controller/StdPeriph_Driver/inc" -I"/home/simon/Design_3_git/Motor_Controller_SW4STM_Workspace/Motor_Controller/inc" -I"/home/simon/Design_3_git/Motor_Controller_SW4STM_Workspace/Motor_Controller/CMSIS/device" -I"/home/simon/Design_3_git/Motor_Controller_SW4STM_Workspace/Motor_Controller/CMSIS/core" -O0 -g3 -Wall -fmessage-length=0 -ffunction-sections -c -MMD -MP -MF"src/Motor/PID.d" -MT"src/Motor/PID.o" -o "src/Motor/PID.o" "../src/Motor/PID.c"
/home/simon/Design_3_git/Motor_Controller_SW4STM_Workspace/Motor_Controller/Debug
arm-none-eabi-gcc -mcpu=cortex-m4 -mthumb -mfloat-abi=hard -mfpu=fpv4-sp-d16 -DSTM32 -DSTM32F4 -DSTM32F407VGTx -DSTM32F407G_DISC1 -DDEBUG -DSTM32F40XX -DSTM32F40_41xxx -DUSE_STDPERIPH_DRIVER -I"/home/simon/Design_3_git/Motor_Controller_SW4STM_Workspace/Motor_Controller/StdPeriph_Driver/inc" -I"/home/simon/Design_3_git/Motor_Controller_SW4STM_Workspace/Motor_Controller/inc" -I"/home/simon/Design_3_git/Motor_Controller_SW4STM_Workspace/Motor_Controller/CMSIS/device" -I"/home/simon/Design_3_git/Motor_Controller_SW4STM_Workspace/Motor_Controller/CMSIS/core" -O0 -g3 -Wall -fmessage-length=0 -ffunction-sections -c -MMD -MP -MF"src/main.d" -MT"src/main.o" -o "src/main.o" "../src/main.c"
In file included from ../src/Motor/PID.c:2:0:
../src/Motor/../../inc/Motor/Motor.h:9:1: warning: parameter names (without types) in function declaration
 void motor1_set_speed( p_speed);
 ^~~~
In file included from ../src/main.c:17:0:
../src/../inc/Motor/Motor.h:9:1: warning: parameter names (without types) in function declaration
 void motor1_set_speed( p_speed);
 ^~~~
Finished building: ../src/Motor/PID.c
 
Finished building: ../src/main.c
 
Building target: Motor_Controller.elf
Invoking: MCU G++ Linker
arm-none-eabi-g++ -mcpu=cortex-m4 -mthumb -mfloat-abi=hard -mfpu=fpv4-sp-d16 -u _printf_float -T"/home/simon/Design_3_git/Motor_Controller_SW4STM_Workspace/Motor_Controller/LinkerScript.ld" -Wl,-Map=output.map -Wl,--gc-sections -fno-exceptions -fno-rtti -o "Motor_Controller.elf" @"objects.list"   -lm
Finished building target: Motor_Controller.elf
 
make --no-print-directory post-build
Generating binary and Printing size information:
arm-none-eabi-objcopy -O binary "Motor_Controller.elf" "Motor_Controller.bin"
arm-none-eabi-size "Motor_Controller.elf"
   text	   data	    bss	    dec	    hex	filename
  10520	   1120	   1524	  13164	   336c	Motor_Controller.elf
 
22:59:32 **** Incremental Build of configuration Debug for project Motor_Controller ****
make -j8 all 
Building file: ../src/Motor/PID.c
Building file: ../src/main.c
Invoking: MCU GCC Compiler
Invoking: MCU GCC Compiler
/home/simon/Design_3_git/Motor_Controller_SW4STM_Workspace/Motor_Controller/Debug
/home/simon/Design_3_git/Motor_Controller_SW4STM_Workspace/Motor_Controller/Debug
arm-none-eabi-gcc -mcpu=cortex-m4 -mthumb -mfloat-abi=hard -mfpu=fpv4-sp-d16 -DSTM32 -DSTM32F4 -DSTM32F407VGTx -DSTM32F407G_DISC1 -DDEBUG -DSTM32F40XX -DSTM32F40_41xxx -DUSE_STDPERIPH_DRIVER -I"/home/simon/Design_3_git/Motor_Controller_SW4STM_Workspace/Motor_Controller/StdPeriph_Driver/inc" -I"/home/simon/Design_3_git/Motor_Controller_SW4STM_Workspace/Motor_Controller/inc" -I"/home/simon/Design_3_git/Motor_Controller_SW4STM_Workspace/Motor_Controller/CMSIS/device" -I"/home/simon/Design_3_git/Motor_Controller_SW4STM_Workspace/Motor_Controller/CMSIS/core" -O0 -g3 -Wall -fmessage-length=0 -ffunction-sections -c -MMD -MP -MF"src/main.d" -MT"src/main.o" -o "src/main.o" "../src/main.c"
arm-none-eabi-gcc -mcpu=cortex-m4 -mthumb -mfloat-abi=hard -mfpu=fpv4-sp-d16 -DSTM32 -DSTM32F4 -DSTM32F407VGTx -DSTM32F407G_DISC1 -DDEBUG -DSTM32F40XX -DSTM32F40_41xxx -DUSE_STDPERIPH_DRIVER -I"/home/simon/Design_3_git/Motor_Controller_SW4STM_Workspace/Motor_Controller/StdPeriph_Driver/inc" -I"/home/simon/Design_3_git/Motor_Controller_SW4STM_Workspace/Motor_Controller/inc" -I"/home/simon/Design_3_git/Motor_Controller_SW4STM_Workspace/Motor_Controller/CMSIS/device" -I"/home/simon/Design_3_git/Motor_Controller_SW4STM_Workspace/Motor_Controller/CMSIS/core" -O0 -g3 -Wall -fmessage-length=0 -ffunction-sections -c -MMD -MP -MF"src/Motor/PID.d" -MT"src/Motor/PID.o" -o "src/Motor/PID.o" "../src/Motor/PID.c"
In file included from ../src/Motor/PID.c:2:0:
../src/Motor/../../inc/Motor/Motor.h:9:1: warning: parameter names (without types) in function declaration
 void motor1_set_speed( p_speed);
 ^~~~
In file included from ../src/main.c:17:0:
../src/../inc/Motor/Motor.h:9:1: warning: parameter names (without types) in function declaration
 void motor1_set_speed( p_speed);
 ^~~~
Finished building: ../src/Motor/PID.c
 
Finished building: ../src/main.c
 
Building target: Motor_Controller.elf
Invoking: MCU G++ Linker
arm-none-eabi-g++ -mcpu=cortex-m4 -mthumb -mfloat-abi=hard -mfpu=fpv4-sp-d16 -u _printf_float -T"/home/simon/Design_3_git/Motor_Controller_SW4STM_Workspace/Motor_Controller/LinkerScript.ld" -Wl,-Map=output.map -Wl,--gc-sections -fno-exceptions -fno-rtti -o "Motor_Controller.elf" @"objects.list"   -lm
Finished building target: Motor_Controller.elf
 
make --no-print-directory post-build
Generating binary and Printing size information:
arm-none-eabi-objcopy -O binary "Motor_Controller.elf" "Motor_Controller.bin"
arm-none-eabi-size "Motor_Controller.elf"
   text	   data	    bss	    dec	    hex	filename
  10520	   1120	   1524	  13164	   336c	Motor_Controller.elf
 
22:59:44 **** Incremental Build of configuration Debug for project Motor_Controller ****
make -j8 all 
make: Nothing to be done for 'all'.
22:59:46 **** Incremental Build of configuration Debug for project Motor_Controller ****
make -j8 all 
Building file: ../src/Motor/PID.c
Building file: ../src/main.c
Invoking: MCU GCC Compiler
/home/simon/Design_3_git/Motor_Controller_SW4STM_Workspace/Motor_Controller/Debug
Invoking: MCU GCC Compiler
arm-none-eabi-gcc -mcpu=cortex-m4 -mthumb -mfloat-abi=hard -mfpu=fpv4-sp-d16 -DSTM32 -DSTM32F4 -DSTM32F407VGTx -DSTM32F407G_DISC1 -DDEBUG -DSTM32F40XX -DSTM32F40_41xxx -DUSE_STDPERIPH_DRIVER -I"/home/simon/Design_3_git/Motor_Controller_SW4STM_Workspace/Motor_Controller/StdPeriph_Driver/inc" -I"/home/simon/Design_3_git/Motor_Controller_SW4STM_Workspace/Motor_Controller/inc" -I"/home/simon/Design_3_git/Motor_Controller_SW4STM_Workspace/Motor_Controller/CMSIS/device" -I"/home/simon/Design_3_git/Motor_Controller_SW4STM_Workspace/Motor_Controller/CMSIS/core" -O0 -g3 -Wall -fmessage-length=0 -ffunction-sections -c -MMD -MP -MF"src/Motor/PID.d" -MT"src/Motor/PID.o" -o "src/Motor/PID.o" "../src/Motor/PID.c"
/home/simon/Design_3_git/Motor_Controller_SW4STM_Workspace/Motor_Controller/Debug
arm-none-eabi-gcc -mcpu=cortex-m4 -mthumb -mfloat-abi=hard -mfpu=fpv4-sp-d16 -DSTM32 -DSTM32F4 -DSTM32F407VGTx -DSTM32F407G_DISC1 -DDEBUG -DSTM32F40XX -DSTM32F40_41xxx -DUSE_STDPERIPH_DRIVER -I"/home/simon/Design_3_git/Motor_Controller_SW4STM_Workspace/Motor_Controller/StdPeriph_Driver/inc" -I"/home/simon/Design_3_git/Motor_Controller_SW4STM_Workspace/Motor_Controller/inc" -I"/home/simon/Design_3_git/Motor_Controller_SW4STM_Workspace/Motor_Controller/CMSIS/device" -I"/home/simon/Design_3_git/Motor_Controller_SW4STM_Workspace/Motor_Controller/CMSIS/core" -O0 -g3 -Wall -fmessage-length=0 -ffunction-sections -c -MMD -MP -MF"src/main.d" -MT"src/main.o" -o "src/main.o" "../src/main.c"
In file included from ../src/Motor/PID.c:2:0:
../src/Motor/../../inc/Motor/Motor.h:9:1: warning: parameter names (without types) in function declaration
 void motor1_set_speed( p_speed);
 ^~~~
In file included from ../src/main.c:17:0:
../src/../inc/Motor/Motor.h:9:1: warning: parameter names (without types) in function declaration
 void motor1_set_speed( p_speed);
 ^~~~
Finished building: ../src/Motor/PID.c
 
Finished building: ../src/main.c
 
Building target: Motor_Controller.elf
Invoking: MCU G++ Linker
arm-none-eabi-g++ -mcpu=cortex-m4 -mthumb -mfloat-abi=hard -mfpu=fpv4-sp-d16 -u _printf_float -T"/home/simon/Design_3_git/Motor_Controller_SW4STM_Workspace/Motor_Controller/LinkerScript.ld" -Wl,-Map=output.map -Wl,--gc-sections -fno-exceptions -fno-rtti -o "Motor_Controller.elf" @"objects.list"   -lm
Finished building target: Motor_Controller.elf
 
make --no-print-directory post-build
Generating binary and Printing size information:
arm-none-eabi-objcopy -O binary "Motor_Controller.elf" "Motor_Controller.bin"
arm-none-eabi-size "Motor_Controller.elf"
   text	   data	    bss	    dec	    hex	filename
  10520	   1120	   1524	  13164	   336c	Motor_Controller.elf
 
23:00:00 **** Incremental Build of configuration Debug for project Motor_Controller ****
make -j8 all 
make: Nothing to be done for 'all'.
23:00:02 **** Incremental Build of configuration Debug for project Motor_Controller ****
make -j8 all 
Building file: ../src/Motor/PID.c
Building file: ../src/main.c
Invoking: MCU GCC Compiler
Invoking: MCU GCC Compiler
/home/simon/Design_3_git/Motor_Controller_SW4STM_Workspace/Motor_Controller/Debug
/home/simon/Design_3_git/Motor_Controller_SW4STM_Workspace/Motor_Controller/Debug
arm-none-eabi-gcc -mcpu=cortex-m4 -mthumb -mfloat-abi=hard -mfpu=fpv4-sp-d16 -DSTM32 -DSTM32F4 -DSTM32F407VGTx -DSTM32F407G_DISC1 -DDEBUG -DSTM32F40XX -DSTM32F40_41xxx -DUSE_STDPERIPH_DRIVER -I"/home/simon/Design_3_git/Motor_Controller_SW4STM_Workspace/Motor_Controller/StdPeriph_Driver/inc" -I"/home/simon/Design_3_git/Motor_Controller_SW4STM_Workspace/Motor_Controller/inc" -I"/home/simon/Design_3_git/Motor_Controller_SW4STM_Workspace/Motor_Controller/CMSIS/device" -I"/home/simon/Design_3_git/Motor_Controller_SW4STM_Workspace/Motor_Controller/CMSIS/core" -O0 -g3 -Wall -fmessage-length=0 -ffunction-sections -c -MMD -MP -MF"src/main.d" -MT"src/main.o" -o "src/main.o" "../src/main.c"
arm-none-eabi-gcc -mcpu=cortex-m4 -mthumb -mfloat-abi=hard -mfpu=fpv4-sp-d16 -DSTM32 -DSTM32F4 -DSTM32F407VGTx -DSTM32F407G_DISC1 -DDEBUG -DSTM32F40XX -DSTM32F40_41xxx -DUSE_STDPERIPH_DRIVER -I"/home/simon/Design_3_git/Motor_Controller_SW4STM_Workspace/Motor_Controller/StdPeriph_Driver/inc" -I"/home/simon/Design_3_git/Motor_Controller_SW4STM_Workspace/Motor_Controller/inc" -I"/home/simon/Design_3_git/Motor_Controller_SW4STM_Workspace/Motor_Controller/CMSIS/device" -I"/home/simon/Design_3_git/Motor_Controller_SW4STM_Workspace/Motor_Controller/CMSIS/core" -O0 -g3 -Wall -fmessage-length=0 -ffunction-sections -c -MMD -MP -MF"src/Motor/PID.d" -MT"src/Motor/PID.o" -o "src/Motor/PID.o" "../src/Motor/PID.c"
In file included from ../src/Motor/PID.c:2:0:
../src/Motor/../../inc/Motor/Motor.h:9:1: warning: parameter names (without types) in function declaration
 void motor1_set_speed( p_speed);
 ^~~~
In file included from ../src/main.c:17:0:
../src/../inc/Motor/Motor.h:9:1: warning: parameter names (without types) in function declaration
 void motor1_set_speed( p_speed);
 ^~~~
Finished building: ../src/Motor/PID.c
 
Finished building: ../src/main.c
 
Building target: Motor_Controller.elf
Invoking: MCU G++ Linker
arm-none-eabi-g++ -mcpu=cortex-m4 -mthumb -mfloat-abi=hard -mfpu=fpv4-sp-d16 -u _printf_float -T"/home/simon/Design_3_git/Motor_Controller_SW4STM_Workspace/Motor_Controller/LinkerScript.ld" -Wl,-Map=output.map -Wl,--gc-sections -fno-exceptions -fno-rtti -o "Motor_Controller.elf" @"objects.list"   -lm
Finished building target: Motor_Controller.elf
 
make --no-print-directory post-build
Generating binary and Printing size information:
arm-none-eabi-objcopy -O binary "Motor_Controller.elf" "Motor_Controller.bin"
arm-none-eabi-size "Motor_Controller.elf"
   text	   data	    bss	    dec	    hex	filename
  10520	   1120	   1524	  13164	   336c	Motor_Controller.elf
 
23:00:39 **** Incremental Build of configuration Debug for project Motor_Controller ****
make -j8 all 
make: Nothing to be done for 'all'.
23:00:41 **** Incremental Build of configuration Debug for project Motor_Controller ****
make -j8 all 
Building file: ../src/Motor/PID.c
Building file: ../src/main.c
Invoking: MCU GCC Compiler
Invoking: MCU GCC Compiler
/home/simon/Design_3_git/Motor_Controller_SW4STM_Workspace/Motor_Controller/Debug
arm-none-eabi-gcc -mcpu=cortex-m4 -mthumb -mfloat-abi=hard -mfpu=fpv4-sp-d16 -DSTM32 -DSTM32F4 -DSTM32F407VGTx -DSTM32F407G_DISC1 -DDEBUG -DSTM32F40XX -DSTM32F40_41xxx -DUSE_STDPERIPH_DRIVER -I"/home/simon/Design_3_git/Motor_Controller_SW4STM_Workspace/Motor_Controller/StdPeriph_Driver/inc" -I"/home/simon/Design_3_git/Motor_Controller_SW4STM_Workspace/Motor_Controller/inc" -I"/home/simon/Design_3_git/Motor_Controller_SW4STM_Workspace/Motor_Controller/CMSIS/device" -I"/home/simon/Design_3_git/Motor_Controller_SW4STM_Workspace/Motor_Controller/CMSIS/core" -O0 -g3 -Wall -fmessage-length=0 -ffunction-sections -c -MMD -MP -MF"src/Motor/PID.d" -MT"src/Motor/PID.o" -o "src/Motor/PID.o" "../src/Motor/PID.c"
/home/simon/Design_3_git/Motor_Controller_SW4STM_Workspace/Motor_Controller/Debug
arm-none-eabi-gcc -mcpu=cortex-m4 -mthumb -mfloat-abi=hard -mfpu=fpv4-sp-d16 -DSTM32 -DSTM32F4 -DSTM32F407VGTx -DSTM32F407G_DISC1 -DDEBUG -DSTM32F40XX -DSTM32F40_41xxx -DUSE_STDPERIPH_DRIVER -I"/home/simon/Design_3_git/Motor_Controller_SW4STM_Workspace/Motor_Controller/StdPeriph_Driver/inc" -I"/home/simon/Design_3_git/Motor_Controller_SW4STM_Workspace/Motor_Controller/inc" -I"/home/simon/Design_3_git/Motor_Controller_SW4STM_Workspace/Motor_Controller/CMSIS/device" -I"/home/simon/Design_3_git/Motor_Controller_SW4STM_Workspace/Motor_Controller/CMSIS/core" -O0 -g3 -Wall -fmessage-length=0 -ffunction-sections -c -MMD -MP -MF"src/main.d" -MT"src/main.o" -o "src/main.o" "../src/main.c"
In file included from ../src/Motor/PID.c:2:0:
../src/Motor/../../inc/Motor/Motor.h:9:1: warning: parameter names (without types) in function declaration
 void motor1_set_speed( p_speed);
 ^~~~
In file included from ../src/main.c:17:0:
../src/../inc/Motor/Motor.h:9:1: warning: parameter names (without types) in function declaration
 void motor1_set_speed( p_speed);
 ^~~~
Finished building: ../src/Motor/PID.c
 
Finished building: ../src/main.c
 
Building target: Motor_Controller.elf
Invoking: MCU G++ Linker
arm-none-eabi-g++ -mcpu=cortex-m4 -mthumb -mfloat-abi=hard -mfpu=fpv4-sp-d16 -u _printf_float -T"/home/simon/Design_3_git/Motor_Controller_SW4STM_Workspace/Motor_Controller/LinkerScript.ld" -Wl,-Map=output.map -Wl,--gc-sections -fno-exceptions -fno-rtti -o "Motor_Controller.elf" @"objects.list"   -lm
Finished building target: Motor_Controller.elf
 
make --no-print-directory post-build
Generating binary and Printing size information:
arm-none-eabi-objcopy -O binary "Motor_Controller.elf" "Motor_Controller.bin"
arm-none-eabi-size "Motor_Controller.elf"
   text	   data	    bss	    dec	    hex	filename
  10528	   1120	   1524	  13172	   3374	Motor_Controller.elf
 
