18:09:11 **** Build of configuration Debug for project Motor_Controller ****
make -j8 all 
Building file: ../startup/startup_stm32.s
Building file: ../src/UART/Parser.c
Building file: ../src/UART/UART2.c
Building file: ../src/UART/UART3.c
Invoking: MCU GCC Assembler
Invoking: MCU GCC Compiler
Building file: ../src/ParameterManager/25LC128.c
/home/simon/Design_3_git/Motor_Controller_SW4STM_Workspace/Motor_Controller/Debug
Invoking: MCU GCC Compiler
arm-none-eabi-as -mcpu=cortex-m4 -mthumb -mfloat-abi=hard -mfpu=fpv4-sp-d16 -I"/home/simon/Design_3_git/Motor_Controller_SW4STM_Workspace/Motor_Controller/StdPeriph_Driver/inc" -I"/home/simon/Design_3_git/Motor_Controller_SW4STM_Workspace/Motor_Controller/inc" -I"/home/simon/Design_3_git/Motor_Controller_SW4STM_Workspace/Motor_Controller/CMSIS/device" -I"/home/simon/Design_3_git/Motor_Controller_SW4STM_Workspace/Motor_Controller/CMSIS/core" -g -o "startup/startup_stm32.o" "../startup/startup_stm32.s"
Invoking: MCU GCC Compiler
Building file: ../src/ParameterManager/ParameterManager.c
/home/simon/Design_3_git/Motor_Controller_SW4STM_Workspace/Motor_Controller/Debug
/home/simon/Design_3_git/Motor_Controller_SW4STM_Workspace/Motor_Controller/Debug
arm-none-eabi-gcc -mcpu=cortex-m4 -mthumb -mfloat-abi=hard -mfpu=fpv4-sp-d16 -DSTM32 -DSTM32F4 -DSTM32F407VGTx -DSTM32F407G_DISC1 -DDEBUG -DSTM32F40XX -DSTM32F40_41xxx -DUSE_STDPERIPH_DRIVER -I"/home/simon/Design_3_git/Motor_Controller_SW4STM_Workspace/Motor_Controller/StdPeriph_Driver/inc" -I"/home/simon/Design_3_git/Motor_Controller_SW4STM_Workspace/Motor_Controller/inc" -I"/home/simon/Design_3_git/Motor_Controller_SW4STM_Workspace/Motor_Controller/CMSIS/device" -I"/home/simon/Design_3_git/Motor_Controller_SW4STM_Workspace/Motor_Controller/CMSIS/core" -O0 -g3 -Wall -fmessage-length=0 -ffunction-sections -c -MMD -MP -MF"src/UART/UART2.d" -MT"src/UART/UART2.o" -o "src/UART/UART2.o" "../src/UART/UART2.c"
/home/simon/Design_3_git/Motor_Controller_SW4STM_Workspace/Motor_Controller/Debug
Invoking: MCU GCC Compiler
arm-none-eabi-gcc -mcpu=cortex-m4 -mthumb -mfloat-abi=hard -mfpu=fpv4-sp-d16 -DSTM32 -DSTM32F4 -DSTM32F407VGTx -DSTM32F407G_DISC1 -DDEBUG -DSTM32F40XX -DSTM32F40_41xxx -DUSE_STDPERIPH_DRIVER -I"/home/simon/Design_3_git/Motor_Controller_SW4STM_Workspace/Motor_Controller/StdPeriph_Driver/inc" -I"/home/simon/Design_3_git/Motor_Controller_SW4STM_Workspace/Motor_Controller/inc" -I"/home/simon/Design_3_git/Motor_Controller_SW4STM_Workspace/Motor_Controller/CMSIS/device" -I"/home/simon/Design_3_git/Motor_Controller_SW4STM_Workspace/Motor_Controller/CMSIS/core" -O0 -g3 -Wall -fmessage-length=0 -ffunction-sections -c -MMD -MP -MF"src/UART/Parser.d" -MT"src/UART/Parser.o" -o "src/UART/Parser.o" "../src/UART/Parser.c"
arm-none-eabi-gcc -mcpu=cortex-m4 -mthumb -mfloat-abi=hard -mfpu=fpv4-sp-d16 -DSTM32 -DSTM32F4 -DSTM32F407VGTx -DSTM32F407G_DISC1 -DDEBUG -DSTM32F40XX -DSTM32F40_41xxx -DUSE_STDPERIPH_DRIVER -I"/home/simon/Design_3_git/Motor_Controller_SW4STM_Workspace/Motor_Controller/StdPeriph_Driver/inc" -I"/home/simon/Design_3_git/Motor_Controller_SW4STM_Workspace/Motor_Controller/inc" -I"/home/simon/Design_3_git/Motor_Controller_SW4STM_Workspace/Motor_Controller/CMSIS/device" -I"/home/simon/Design_3_git/Motor_Controller_SW4STM_Workspace/Motor_Controller/CMSIS/core" -O0 -g3 -Wall -fmessage-length=0 -ffunction-sections -c -MMD -MP -MF"src/UART/UART3.d" -MT"src/UART/UART3.o" -o "src/UART/UART3.o" "../src/UART/UART3.c"
Building file: ../src/Motor/Motor.c
Building file: ../src/Motor/PID.c
/home/simon/Design_3_git/Motor_Controller_SW4STM_Workspace/Motor_Controller/Debug
arm-none-eabi-gcc -mcpu=cortex-m4 -mthumb -mfloat-abi=hard -mfpu=fpv4-sp-d16 -DSTM32 -DSTM32F4 -DSTM32F407VGTx -DSTM32F407G_DISC1 -DDEBUG -DSTM32F40XX -DSTM32F40_41xxx -DUSE_STDPERIPH_DRIVER -I"/home/simon/Design_3_git/Motor_Controller_SW4STM_Workspace/Motor_Controller/StdPeriph_Driver/inc" -I"/home/simon/Design_3_git/Motor_Controller_SW4STM_Workspace/Motor_Controller/inc" -I"/home/simon/Design_3_git/Motor_Controller_SW4STM_Workspace/Motor_Controller/CMSIS/device" -I"/home/simon/Design_3_git/Motor_Controller_SW4STM_Workspace/Motor_Controller/CMSIS/core" -O0 -g3 -Wall -fmessage-length=0 -ffunction-sections -c -MMD -MP -MF"src/ParameterManager/25LC128.d" -MT"src/ParameterManager/25LC128.o" -o "src/ParameterManager/25LC128.o" "../src/ParameterManager/25LC128.c"
Invoking: MCU GCC Compiler
Invoking: MCU GCC Compiler
Invoking: MCU GCC Compiler
/home/simon/Design_3_git/Motor_Controller_SW4STM_Workspace/Motor_Controller/Debug
arm-none-eabi-gcc -mcpu=cortex-m4 -mthumb -mfloat-abi=hard -mfpu=fpv4-sp-d16 -DSTM32 -DSTM32F4 -DSTM32F407VGTx -DSTM32F407G_DISC1 -DDEBUG -DSTM32F40XX -DSTM32F40_41xxx -DUSE_STDPERIPH_DRIVER -I"/home/simon/Design_3_git/Motor_Controller_SW4STM_Workspace/Motor_Controller/StdPeriph_Driver/inc" -I"/home/simon/Design_3_git/Motor_Controller_SW4STM_Workspace/Motor_Controller/inc" -I"/home/simon/Design_3_git/Motor_Controller_SW4STM_Workspace/Motor_Controller/CMSIS/device" -I"/home/simon/Design_3_git/Motor_Controller_SW4STM_Workspace/Motor_Controller/CMSIS/core" -O0 -g3 -Wall -fmessage-length=0 -ffunction-sections -c -MMD -MP -MF"src/Motor/PID.d" -MT"src/Motor/PID.o" -o "src/Motor/PID.o" "../src/Motor/PID.c"
/home/simon/Design_3_git/Motor_Controller_SW4STM_Workspace/Motor_Controller/Debug
arm-none-eabi-gcc -mcpu=cortex-m4 -mthumb -mfloat-abi=hard -mfpu=fpv4-sp-d16 -DSTM32 -DSTM32F4 -DSTM32F407VGTx -DSTM32F407G_DISC1 -DDEBUG -DSTM32F40XX -DSTM32F40_41xxx -DUSE_STDPERIPH_DRIVER -I"/home/simon/Design_3_git/Motor_Controller_SW4STM_Workspace/Motor_Controller/StdPeriph_Driver/inc" -I"/home/simon/Design_3_git/Motor_Controller_SW4STM_Workspace/Motor_Controller/inc" -I"/home/simon/Design_3_git/Motor_Controller_SW4STM_Workspace/Motor_Controller/CMSIS/device" -I"/home/simon/Design_3_git/Motor_Controller_SW4STM_Workspace/Motor_Controller/CMSIS/core" -O0 -g3 -Wall -fmessage-length=0 -ffunction-sections -c -MMD -MP -MF"src/Motor/Motor.d" -MT"src/Motor/Motor.o" -o "src/Motor/Motor.o" "../src/Motor/Motor.c"
Finished building: ../startup/startup_stm32.s
 
Building file: ../src/main.c
/home/simon/Design_3_git/Motor_Controller_SW4STM_Workspace/Motor_Controller/Debug
Invoking: MCU GCC Compiler
arm-none-eabi-gcc -mcpu=cortex-m4 -mthumb -mfloat-abi=hard -mfpu=fpv4-sp-d16 -DSTM32 -DSTM32F4 -DSTM32F407VGTx -DSTM32F407G_DISC1 -DDEBUG -DSTM32F40XX -DSTM32F40_41xxx -DUSE_STDPERIPH_DRIVER -I"/home/simon/Design_3_git/Motor_Controller_SW4STM_Workspace/Motor_Controller/StdPeriph_Driver/inc" -I"/home/simon/Design_3_git/Motor_Controller_SW4STM_Workspace/Motor_Controller/inc" -I"/home/simon/Design_3_git/Motor_Controller_SW4STM_Workspace/Motor_Controller/CMSIS/device" -I"/home/simon/Design_3_git/Motor_Controller_SW4STM_Workspace/Motor_Controller/CMSIS/core" -O0 -g3 -Wall -fmessage-length=0 -ffunction-sections -c -MMD -MP -MF"src/ParameterManager/ParameterManager.d" -MT"src/ParameterManager/ParameterManager.o" -o "src/ParameterManager/ParameterManager.o" "../src/ParameterManager/ParameterManager.c"
/home/simon/Design_3_git/Motor_Controller_SW4STM_Workspace/Motor_Controller/Debug
arm-none-eabi-gcc -mcpu=cortex-m4 -mthumb -mfloat-abi=hard -mfpu=fpv4-sp-d16 -DSTM32 -DSTM32F4 -DSTM32F407VGTx -DSTM32F407G_DISC1 -DDEBUG -DSTM32F40XX -DSTM32F40_41xxx -DUSE_STDPERIPH_DRIVER -I"/home/simon/Design_3_git/Motor_Controller_SW4STM_Workspace/Motor_Controller/StdPeriph_Driver/inc" -I"/home/simon/Design_3_git/Motor_Controller_SW4STM_Workspace/Motor_Controller/inc" -I"/home/simon/Design_3_git/Motor_Controller_SW4STM_Workspace/Motor_Controller/CMSIS/device" -I"/home/simon/Design_3_git/Motor_Controller_SW4STM_Workspace/Motor_Controller/CMSIS/core" -O0 -g3 -Wall -fmessage-length=0 -ffunction-sections -c -MMD -MP -MF"src/main.d" -MT"src/main.o" -o "src/main.o" "../src/main.c"
Finished building: ../src/ParameterManager/ParameterManager.c
 
Building file: ../src/syscalls.c
Invoking: MCU GCC Compiler
/home/simon/Design_3_git/Motor_Controller_SW4STM_Workspace/Motor_Controller/Debug
arm-none-eabi-gcc -mcpu=cortex-m4 -mthumb -mfloat-abi=hard -mfpu=fpv4-sp-d16 -DSTM32 -DSTM32F4 -DSTM32F407VGTx -DSTM32F407G_DISC1 -DDEBUG -DSTM32F40XX -DSTM32F40_41xxx -DUSE_STDPERIPH_DRIVER -I"/home/simon/Design_3_git/Motor_Controller_SW4STM_Workspace/Motor_Controller/StdPeriph_Driver/inc" -I"/home/simon/Design_3_git/Motor_Controller_SW4STM_Workspace/Motor_Controller/inc" -I"/home/simon/Design_3_git/Motor_Controller_SW4STM_Workspace/Motor_Controller/CMSIS/device" -I"/home/simon/Design_3_git/Motor_Controller_SW4STM_Workspace/Motor_Controller/CMSIS/core" -O0 -g3 -Wall -fmessage-length=0 -ffunction-sections -c -MMD -MP -MF"src/syscalls.d" -MT"src/syscalls.o" -o "src/syscalls.o" "../src/syscalls.c"
Finished building: ../src/UART/UART2.c
 
Building file: ../src/system_stm32f4xx.c
Finished building: ../src/ParameterManager/25LC128.c
Finished building: ../src/UART/UART3.c
Invoking: MCU GCC Compiler
/home/simon/Design_3_git/Motor_Controller_SW4STM_Workspace/Motor_Controller/Debug
arm-none-eabi-gcc -mcpu=cortex-m4 -mthumb -mfloat-abi=hard -mfpu=fpv4-sp-d16 -DSTM32 -DSTM32F4 -DSTM32F407VGTx -DSTM32F407G_DISC1 -DDEBUG -DSTM32F40XX -DSTM32F40_41xxx -DUSE_STDPERIPH_DRIVER -I"/home/simon/Design_3_git/Motor_Controller_SW4STM_Workspace/Motor_Controller/StdPeriph_Driver/inc" -I"/home/simon/Design_3_git/Motor_Controller_SW4STM_Workspace/Motor_Controller/inc" -I"/home/simon/Design_3_git/Motor_Controller_SW4STM_Workspace/Motor_Controller/CMSIS/device" -I"/home/simon/Design_3_git/Motor_Controller_SW4STM_Workspace/Motor_Controller/CMSIS/core" -O0 -g3 -Wall -fmessage-length=0 -ffunction-sections -c -MMD -MP -MF"src/system_stm32f4xx.d" -MT"src/system_stm32f4xx.o" -o "src/system_stm32f4xx.o" "../src/system_stm32f4xx.c"
 
 
Building file: ../src/union_utils.c
Invoking: MCU GCC Compiler
Building file: ../StdPeriph_Driver/src/misc.c
Invoking: MCU GCC Compiler
Finished building: ../src/Motor/Motor.c
/home/simon/Design_3_git/Motor_Controller_SW4STM_Workspace/Motor_Controller/Debug
arm-none-eabi-gcc -mcpu=cortex-m4 -mthumb -mfloat-abi=hard -mfpu=fpv4-sp-d16 -DSTM32 -DSTM32F4 -DSTM32F407VGTx -DSTM32F407G_DISC1 -DDEBUG -DSTM32F40XX -DSTM32F40_41xxx -DUSE_STDPERIPH_DRIVER -I"/home/simon/Design_3_git/Motor_Controller_SW4STM_Workspace/Motor_Controller/StdPeriph_Driver/inc" -I"/home/simon/Design_3_git/Motor_Controller_SW4STM_Workspace/Motor_Controller/inc" -I"/home/simon/Design_3_git/Motor_Controller_SW4STM_Workspace/Motor_Controller/CMSIS/device" -I"/home/simon/Design_3_git/Motor_Controller_SW4STM_Workspace/Motor_Controller/CMSIS/core" -O0 -g3 -Wall -fmessage-length=0 -ffunction-sections -c -MMD -MP -MF"StdPeriph_Driver/src/misc.d" -MT"StdPeriph_Driver/src/misc.o" -o "StdPeriph_Driver/src/misc.o" "../StdPeriph_Driver/src/misc.c"
/home/simon/Design_3_git/Motor_Controller_SW4STM_Workspace/Motor_Controller/Debug
arm-none-eabi-gcc -mcpu=cortex-m4 -mthumb -mfloat-abi=hard -mfpu=fpv4-sp-d16 -DSTM32 -DSTM32F4 -DSTM32F407VGTx -DSTM32F407G_DISC1 -DDEBUG -DSTM32F40XX -DSTM32F40_41xxx -DUSE_STDPERIPH_DRIVER -I"/home/simon/Design_3_git/Motor_Controller_SW4STM_Workspace/Motor_Controller/StdPeriph_Driver/inc" -I"/home/simon/Design_3_git/Motor_Controller_SW4STM_Workspace/Motor_Controller/inc" -I"/home/simon/Design_3_git/Motor_Controller_SW4STM_Workspace/Motor_Controller/CMSIS/device" -I"/home/simon/Design_3_git/Motor_Controller_SW4STM_Workspace/Motor_Controller/CMSIS/core" -O0 -g3 -Wall -fmessage-length=0 -ffunction-sections -c -MMD -MP -MF"src/union_utils.d" -MT"src/union_utils.o" -o "src/union_utils.o" "../src/union_utils.c"
 
Finished building: ../src/UART/Parser.c
Finished building: ../src/syscalls.c
Building file: ../StdPeriph_Driver/src/stm32f4xx_adc.c
 
Invoking: MCU GCC Compiler
Building file: ../StdPeriph_Driver/src/stm32f4xx_can.c
 
Finished building: ../src/Motor/PID.c
Building file: ../StdPeriph_Driver/src/stm32f4xx_cec.c
Invoking: MCU GCC Compiler
/home/simon/Design_3_git/Motor_Controller_SW4STM_Workspace/Motor_Controller/Debug
arm-none-eabi-gcc -mcpu=cortex-m4 -mthumb -mfloat-abi=hard -mfpu=fpv4-sp-d16 -DSTM32 -DSTM32F4 -DSTM32F407VGTx -DSTM32F407G_DISC1 -DDEBUG -DSTM32F40XX -DSTM32F40_41xxx -DUSE_STDPERIPH_DRIVER -I"/home/simon/Design_3_git/Motor_Controller_SW4STM_Workspace/Motor_Controller/StdPeriph_Driver/inc" -I"/home/simon/Design_3_git/Motor_Controller_SW4STM_Workspace/Motor_Controller/inc" -I"/home/simon/Design_3_git/Motor_Controller_SW4STM_Workspace/Motor_Controller/CMSIS/device" -I"/home/simon/Design_3_git/Motor_Controller_SW4STM_Workspace/Motor_Controller/CMSIS/core" -O0 -g3 -Wall -fmessage-length=0 -ffunction-sections -c -MMD -MP -MF"StdPeriph_Driver/src/stm32f4xx_adc.d" -MT"StdPeriph_Driver/src/stm32f4xx_adc.o" -o "StdPeriph_Driver/src/stm32f4xx_adc.o" "../StdPeriph_Driver/src/stm32f4xx_adc.c"
Finished building: ../src/union_utils.c
Invoking: MCU GCC Compiler
/home/simon/Design_3_git/Motor_Controller_SW4STM_Workspace/Motor_Controller/Debug
arm-none-eabi-gcc -mcpu=cortex-m4 -mthumb -mfloat-abi=hard -mfpu=fpv4-sp-d16 -DSTM32 -DSTM32F4 -DSTM32F407VGTx -DSTM32F407G_DISC1 -DDEBUG -DSTM32F40XX -DSTM32F40_41xxx -DUSE_STDPERIPH_DRIVER -I"/home/simon/Design_3_git/Motor_Controller_SW4STM_Workspace/Motor_Controller/StdPeriph_Driver/inc" -I"/home/simon/Design_3_git/Motor_Controller_SW4STM_Workspace/Motor_Controller/inc" -I"/home/simon/Design_3_git/Motor_Controller_SW4STM_Workspace/Motor_Controller/CMSIS/device" -I"/home/simon/Design_3_git/Motor_Controller_SW4STM_Workspace/Motor_Controller/CMSIS/core" -O0 -g3 -Wall -fmessage-length=0 -ffunction-sections -c -MMD -MP -MF"StdPeriph_Driver/src/stm32f4xx_can.d" -MT"StdPeriph_Driver/src/stm32f4xx_can.o" -o "StdPeriph_Driver/src/stm32f4xx_can.o" "../StdPeriph_Driver/src/stm32f4xx_can.c"
/home/simon/Design_3_git/Motor_Controller_SW4STM_Workspace/Motor_Controller/Debug
arm-none-eabi-gcc -mcpu=cortex-m4 -mthumb -mfloat-abi=hard -mfpu=fpv4-sp-d16 -DSTM32 -DSTM32F4 -DSTM32F407VGTx -DSTM32F407G_DISC1 -DDEBUG -DSTM32F40XX -DSTM32F40_41xxx -DUSE_STDPERIPH_DRIVER -I"/home/simon/Design_3_git/Motor_Controller_SW4STM_Workspace/Motor_Controller/StdPeriph_Driver/inc" -I"/home/simon/Design_3_git/Motor_Controller_SW4STM_Workspace/Motor_Controller/inc" -I"/home/simon/Design_3_git/Motor_Controller_SW4STM_Workspace/Motor_Controller/CMSIS/device" -I"/home/simon/Design_3_git/Motor_Controller_SW4STM_Workspace/Motor_Controller/CMSIS/core" -O0 -g3 -Wall -fmessage-length=0 -ffunction-sections -c -MMD -MP -MF"StdPeriph_Driver/src/stm32f4xx_cec.d" -MT"StdPeriph_Driver/src/stm32f4xx_cec.o" -o "StdPeriph_Driver/src/stm32f4xx_cec.o" "../StdPeriph_Driver/src/stm32f4xx_cec.c"
 
Building file: ../StdPeriph_Driver/src/stm32f4xx_crc.c
Invoking: MCU GCC Compiler
/home/simon/Design_3_git/Motor_Controller_SW4STM_Workspace/Motor_Controller/Debug
arm-none-eabi-gcc -mcpu=cortex-m4 -mthumb -mfloat-abi=hard -mfpu=fpv4-sp-d16 -DSTM32 -DSTM32F4 -DSTM32F407VGTx -DSTM32F407G_DISC1 -DDEBUG -DSTM32F40XX -DSTM32F40_41xxx -DUSE_STDPERIPH_DRIVER -I"/home/simon/Design_3_git/Motor_Controller_SW4STM_Workspace/Motor_Controller/StdPeriph_Driver/inc" -I"/home/simon/Design_3_git/Motor_Controller_SW4STM_Workspace/Motor_Controller/inc" -I"/home/simon/Design_3_git/Motor_Controller_SW4STM_Workspace/Motor_Controller/CMSIS/device" -I"/home/simon/Design_3_git/Motor_Controller_SW4STM_Workspace/Motor_Controller/CMSIS/core" -O0 -g3 -Wall -fmessage-length=0 -ffunction-sections -c -MMD -MP -MF"StdPeriph_Driver/src/stm32f4xx_crc.d" -MT"StdPeriph_Driver/src/stm32f4xx_crc.o" -o "StdPeriph_Driver/src/stm32f4xx_crc.o" "../StdPeriph_Driver/src/stm32f4xx_crc.c"
Finished building: ../src/main.c
 
 
Building file: ../StdPeriph_Driver/src/stm32f4xx_cryp.c
Building file: ../StdPeriph_Driver/src/stm32f4xx_cryp_aes.c
Invoking: MCU GCC Compiler
Invoking: MCU GCC Compiler
/home/simon/Design_3_git/Motor_Controller_SW4STM_Workspace/Motor_Controller/Debug
arm-none-eabi-gcc -mcpu=cortex-m4 -mthumb -mfloat-abi=hard -mfpu=fpv4-sp-d16 -DSTM32 -DSTM32F4 -DSTM32F407VGTx -DSTM32F407G_DISC1 -DDEBUG -DSTM32F40XX -DSTM32F40_41xxx -DUSE_STDPERIPH_DRIVER -I"/home/simon/Design_3_git/Motor_Controller_SW4STM_Workspace/Motor_Controller/StdPeriph_Driver/inc" -I"/home/simon/Design_3_git/Motor_Controller_SW4STM_Workspace/Motor_Controller/inc" -I"/home/simon/Design_3_git/Motor_Controller_SW4STM_Workspace/Motor_Controller/CMSIS/device" -I"/home/simon/Design_3_git/Motor_Controller_SW4STM_Workspace/Motor_Controller/CMSIS/core" -O0 -g3 -Wall -fmessage-length=0 -ffunction-sections -c -MMD -MP -MF"StdPeriph_Driver/src/stm32f4xx_cryp.d" -MT"StdPeriph_Driver/src/stm32f4xx_cryp.o" -o "StdPeriph_Driver/src/stm32f4xx_cryp.o" "../StdPeriph_Driver/src/stm32f4xx_cryp.c"
/home/simon/Design_3_git/Motor_Controller_SW4STM_Workspace/Motor_Controller/Debug
arm-none-eabi-gcc -mcpu=cortex-m4 -mthumb -mfloat-abi=hard -mfpu=fpv4-sp-d16 -DSTM32 -DSTM32F4 -DSTM32F407VGTx -DSTM32F407G_DISC1 -DDEBUG -DSTM32F40XX -DSTM32F40_41xxx -DUSE_STDPERIPH_DRIVER -I"/home/simon/Design_3_git/Motor_Controller_SW4STM_Workspace/Motor_Controller/StdPeriph_Driver/inc" -I"/home/simon/Design_3_git/Motor_Controller_SW4STM_Workspace/Motor_Controller/inc" -I"/home/simon/Design_3_git/Motor_Controller_SW4STM_Workspace/Motor_Controller/CMSIS/device" -I"/home/simon/Design_3_git/Motor_Controller_SW4STM_Workspace/Motor_Controller/CMSIS/core" -O0 -g3 -Wall -fmessage-length=0 -ffunction-sections -c -MMD -MP -MF"StdPeriph_Driver/src/stm32f4xx_cryp_aes.d" -MT"StdPeriph_Driver/src/stm32f4xx_cryp_aes.o" -o "StdPeriph_Driver/src/stm32f4xx_cryp_aes.o" "../StdPeriph_Driver/src/stm32f4xx_cryp_aes.c"
Finished building: ../src/system_stm32f4xx.c
 
Building file: ../StdPeriph_Driver/src/stm32f4xx_cryp_des.c
Finished building: ../StdPeriph_Driver/src/misc.c
Invoking: MCU GCC Compiler
 
/home/simon/Design_3_git/Motor_Controller_SW4STM_Workspace/Motor_Controller/Debug
Finished building: ../StdPeriph_Driver/src/stm32f4xx_cec.c
arm-none-eabi-gcc -mcpu=cortex-m4 -mthumb -mfloat-abi=hard -mfpu=fpv4-sp-d16 -DSTM32 -DSTM32F4 -DSTM32F407VGTx -DSTM32F407G_DISC1 -DDEBUG -DSTM32F40XX -DSTM32F40_41xxx -DUSE_STDPERIPH_DRIVER -I"/home/simon/Design_3_git/Motor_Controller_SW4STM_Workspace/Motor_Controller/StdPeriph_Driver/inc" -I"/home/simon/Design_3_git/Motor_Controller_SW4STM_Workspace/Motor_Controller/inc" -I"/home/simon/Design_3_git/Motor_Controller_SW4STM_Workspace/Motor_Controller/CMSIS/device" -I"/home/simon/Design_3_git/Motor_Controller_SW4STM_Workspace/Motor_Controller/CMSIS/core" -O0 -g3 -Wall -fmessage-length=0 -ffunction-sections -c -MMD -MP -MF"StdPeriph_Driver/src/stm32f4xx_cryp_des.d" -MT"StdPeriph_Driver/src/stm32f4xx_cryp_des.o" -o "StdPeriph_Driver/src/stm32f4xx_cryp_des.o" "../StdPeriph_Driver/src/stm32f4xx_cryp_des.c"
Building file: ../StdPeriph_Driver/src/stm32f4xx_cryp_tdes.c
 
Invoking: MCU GCC Compiler
Building file: ../StdPeriph_Driver/src/stm32f4xx_dac.c
Finished building: ../StdPeriph_Driver/src/stm32f4xx_adc.c
/home/simon/Design_3_git/Motor_Controller_SW4STM_Workspace/Motor_Controller/Debug
arm-none-eabi-gcc -mcpu=cortex-m4 -mthumb -mfloat-abi=hard -mfpu=fpv4-sp-d16 -DSTM32 -DSTM32F4 -DSTM32F407VGTx -DSTM32F407G_DISC1 -DDEBUG -DSTM32F40XX -DSTM32F40_41xxx -DUSE_STDPERIPH_DRIVER -I"/home/simon/Design_3_git/Motor_Controller_SW4STM_Workspace/Motor_Controller/StdPeriph_Driver/inc" -I"/home/simon/Design_3_git/Motor_Controller_SW4STM_Workspace/Motor_Controller/inc" -I"/home/simon/Design_3_git/Motor_Controller_SW4STM_Workspace/Motor_Controller/CMSIS/device" -I"/home/simon/Design_3_git/Motor_Controller_SW4STM_Workspace/Motor_Controller/CMSIS/core" -O0 -g3 -Wall -fmessage-length=0 -ffunction-sections -c -MMD -MP -MF"StdPeriph_Driver/src/stm32f4xx_cryp_tdes.d" -MT"StdPeriph_Driver/src/stm32f4xx_cryp_tdes.o" -o "StdPeriph_Driver/src/stm32f4xx_cryp_tdes.o" "../StdPeriph_Driver/src/stm32f4xx_cryp_tdes.c"
 
Invoking: MCU GCC Compiler
Finished building: ../StdPeriph_Driver/src/stm32f4xx_crc.c
/home/simon/Design_3_git/Motor_Controller_SW4STM_Workspace/Motor_Controller/Debug
arm-none-eabi-gcc -mcpu=cortex-m4 -mthumb -mfloat-abi=hard -mfpu=fpv4-sp-d16 -DSTM32 -DSTM32F4 -DSTM32F407VGTx -DSTM32F407G_DISC1 -DDEBUG -DSTM32F40XX -DSTM32F40_41xxx -DUSE_STDPERIPH_DRIVER -I"/home/simon/Design_3_git/Motor_Controller_SW4STM_Workspace/Motor_Controller/StdPeriph_Driver/inc" -I"/home/simon/Design_3_git/Motor_Controller_SW4STM_Workspace/Motor_Controller/inc" -I"/home/simon/Design_3_git/Motor_Controller_SW4STM_Workspace/Motor_Controller/CMSIS/device" -I"/home/simon/Design_3_git/Motor_Controller_SW4STM_Workspace/Motor_Controller/CMSIS/core" -O0 -g3 -Wall -fmessage-length=0 -ffunction-sections -c -MMD -MP -MF"StdPeriph_Driver/src/stm32f4xx_dac.d" -MT"StdPeriph_Driver/src/stm32f4xx_dac.o" -o "StdPeriph_Driver/src/stm32f4xx_dac.o" "../StdPeriph_Driver/src/stm32f4xx_dac.c"
 
Building file: ../StdPeriph_Driver/src/stm32f4xx_dcmi.c
Invoking: MCU GCC Compiler
Finished building: ../StdPeriph_Driver/src/stm32f4xx_can.c
/home/simon/Design_3_git/Motor_Controller_SW4STM_Workspace/Motor_Controller/Debug
arm-none-eabi-gcc -mcpu=cortex-m4 -mthumb -mfloat-abi=hard -mfpu=fpv4-sp-d16 -DSTM32 -DSTM32F4 -DSTM32F407VGTx -DSTM32F407G_DISC1 -DDEBUG -DSTM32F40XX -DSTM32F40_41xxx -DUSE_STDPERIPH_DRIVER -I"/home/simon/Design_3_git/Motor_Controller_SW4STM_Workspace/Motor_Controller/StdPeriph_Driver/inc" -I"/home/simon/Design_3_git/Motor_Controller_SW4STM_Workspace/Motor_Controller/inc" -I"/home/simon/Design_3_git/Motor_Controller_SW4STM_Workspace/Motor_Controller/CMSIS/device" -I"/home/simon/Design_3_git/Motor_Controller_SW4STM_Workspace/Motor_Controller/CMSIS/core" -O0 -g3 -Wall -fmessage-length=0 -ffunction-sections -c -MMD -MP -MF"StdPeriph_Driver/src/stm32f4xx_dcmi.d" -MT"StdPeriph_Driver/src/stm32f4xx_dcmi.o" -o "StdPeriph_Driver/src/stm32f4xx_dcmi.o" "../StdPeriph_Driver/src/stm32f4xx_dcmi.c"
Building file: ../StdPeriph_Driver/src/stm32f4xx_dbgmcu.c
 
Building file: ../StdPeriph_Driver/src/stm32f4xx_dfsdm.c
Invoking: MCU GCC Compiler
/home/simon/Design_3_git/Motor_Controller_SW4STM_Workspace/Motor_Controller/Debug
arm-none-eabi-gcc -mcpu=cortex-m4 -mthumb -mfloat-abi=hard -mfpu=fpv4-sp-d16 -DSTM32 -DSTM32F4 -DSTM32F407VGTx -DSTM32F407G_DISC1 -DDEBUG -DSTM32F40XX -DSTM32F40_41xxx -DUSE_STDPERIPH_DRIVER -I"/home/simon/Design_3_git/Motor_Controller_SW4STM_Workspace/Motor_Controller/StdPeriph_Driver/inc" -I"/home/simon/Design_3_git/Motor_Controller_SW4STM_Workspace/Motor_Controller/inc" -I"/home/simon/Design_3_git/Motor_Controller_SW4STM_Workspace/Motor_Controller/CMSIS/device" -I"/home/simon/Design_3_git/Motor_Controller_SW4STM_Workspace/Motor_Controller/CMSIS/core" -O0 -g3 -Wall -fmessage-length=0 -ffunction-sections -c -MMD -MP -MF"StdPeriph_Driver/src/stm32f4xx_dbgmcu.d" -MT"StdPeriph_Driver/src/stm32f4xx_dbgmcu.o" -o "StdPeriph_Driver/src/stm32f4xx_dbgmcu.o" "../StdPeriph_Driver/src/stm32f4xx_dbgmcu.c"
Invoking: MCU GCC Compiler
Finished building: ../StdPeriph_Driver/src/stm32f4xx_cryp.c
 
Building file: ../StdPeriph_Driver/src/stm32f4xx_dma.c
/home/simon/Design_3_git/Motor_Controller_SW4STM_Workspace/Motor_Controller/Debug
Invoking: MCU GCC Compiler
arm-none-eabi-gcc -mcpu=cortex-m4 -mthumb -mfloat-abi=hard -mfpu=fpv4-sp-d16 -DSTM32 -DSTM32F4 -DSTM32F407VGTx -DSTM32F407G_DISC1 -DDEBUG -DSTM32F40XX -DSTM32F40_41xxx -DUSE_STDPERIPH_DRIVER -I"/home/simon/Design_3_git/Motor_Controller_SW4STM_Workspace/Motor_Controller/StdPeriph_Driver/inc" -I"/home/simon/Design_3_git/Motor_Controller_SW4STM_Workspace/Motor_Controller/inc" -I"/home/simon/Design_3_git/Motor_Controller_SW4STM_Workspace/Motor_Controller/CMSIS/device" -I"/home/simon/Design_3_git/Motor_Controller_SW4STM_Workspace/Motor_Controller/CMSIS/core" -O0 -g3 -Wall -fmessage-length=0 -ffunction-sections -c -MMD -MP -MF"StdPeriph_Driver/src/stm32f4xx_dfsdm.d" -MT"StdPeriph_Driver/src/stm32f4xx_dfsdm.o" -o "StdPeriph_Driver/src/stm32f4xx_dfsdm.o" "../StdPeriph_Driver/src/stm32f4xx_dfsdm.c"
/home/simon/Design_3_git/Motor_Controller_SW4STM_Workspace/Motor_Controller/Debug
arm-none-eabi-gcc -mcpu=cortex-m4 -mthumb -mfloat-abi=hard -mfpu=fpv4-sp-d16 -DSTM32 -DSTM32F4 -DSTM32F407VGTx -DSTM32F407G_DISC1 -DDEBUG -DSTM32F40XX -DSTM32F40_41xxx -DUSE_STDPERIPH_DRIVER -I"/home/simon/Design_3_git/Motor_Controller_SW4STM_Workspace/Motor_Controller/StdPeriph_Driver/inc" -I"/home/simon/Design_3_git/Motor_Controller_SW4STM_Workspace/Motor_Controller/inc" -I"/home/simon/Design_3_git/Motor_Controller_SW4STM_Workspace/Motor_Controller/CMSIS/device" -I"/home/simon/Design_3_git/Motor_Controller_SW4STM_Workspace/Motor_Controller/CMSIS/core" -O0 -g3 -Wall -fmessage-length=0 -ffunction-sections -c -MMD -MP -MF"StdPeriph_Driver/src/stm32f4xx_dma.d" -MT"StdPeriph_Driver/src/stm32f4xx_dma.o" -o "StdPeriph_Driver/src/stm32f4xx_dma.o" "../StdPeriph_Driver/src/stm32f4xx_dma.c"
Finished building: ../StdPeriph_Driver/src/stm32f4xx_cryp_des.c
 
Finished building: ../StdPeriph_Driver/src/stm32f4xx_cryp_aes.c
 
Building file: ../StdPeriph_Driver/src/stm32f4xx_dma2d.c
Building file: ../StdPeriph_Driver/src/stm32f4xx_dsi.c
Finished building: ../StdPeriph_Driver/src/stm32f4xx_cryp_tdes.c
 
Building file: ../StdPeriph_Driver/src/stm32f4xx_exti.c
Invoking: MCU GCC Compiler
Finished building: ../StdPeriph_Driver/src/stm32f4xx_dac.c
/home/simon/Design_3_git/Motor_Controller_SW4STM_Workspace/Motor_Controller/Debug
arm-none-eabi-gcc -mcpu=cortex-m4 -mthumb -mfloat-abi=hard -mfpu=fpv4-sp-d16 -DSTM32 -DSTM32F4 -DSTM32F407VGTx -DSTM32F407G_DISC1 -DDEBUG -DSTM32F40XX -DSTM32F40_41xxx -DUSE_STDPERIPH_DRIVER -I"/home/simon/Design_3_git/Motor_Controller_SW4STM_Workspace/Motor_Controller/StdPeriph_Driver/inc" -I"/home/simon/Design_3_git/Motor_Controller_SW4STM_Workspace/Motor_Controller/inc" -I"/home/simon/Design_3_git/Motor_Controller_SW4STM_Workspace/Motor_Controller/CMSIS/device" -I"/home/simon/Design_3_git/Motor_Controller_SW4STM_Workspace/Motor_Controller/CMSIS/core" -O0 -g3 -Wall -fmessage-length=0 -ffunction-sections -c -MMD -MP -MF"StdPeriph_Driver/src/stm32f4xx_dma2d.d" -MT"StdPeriph_Driver/src/stm32f4xx_dma2d.o" -o "StdPeriph_Driver/src/stm32f4xx_dma2d.o" "../StdPeriph_Driver/src/stm32f4xx_dma2d.c"
Invoking: MCU GCC Compiler
Invoking: MCU GCC Compiler
/home/simon/Design_3_git/Motor_Controller_SW4STM_Workspace/Motor_Controller/Debug
arm-none-eabi-gcc -mcpu=cortex-m4 -mthumb -mfloat-abi=hard -mfpu=fpv4-sp-d16 -DSTM32 -DSTM32F4 -DSTM32F407VGTx -DSTM32F407G_DISC1 -DDEBUG -DSTM32F40XX -DSTM32F40_41xxx -DUSE_STDPERIPH_DRIVER -I"/home/simon/Design_3_git/Motor_Controller_SW4STM_Workspace/Motor_Controller/StdPeriph_Driver/inc" -I"/home/simon/Design_3_git/Motor_Controller_SW4STM_Workspace/Motor_Controller/inc" -I"/home/simon/Design_3_git/Motor_Controller_SW4STM_Workspace/Motor_Controller/CMSIS/device" -I"/home/simon/Design_3_git/Motor_Controller_SW4STM_Workspace/Motor_Controller/CMSIS/core" -O0 -g3 -Wall -fmessage-length=0 -ffunction-sections -c -MMD -MP -MF"StdPeriph_Driver/src/stm32f4xx_exti.d" -MT"StdPeriph_Driver/src/stm32f4xx_exti.o" -o "StdPeriph_Driver/src/stm32f4xx_exti.o" "../StdPeriph_Driver/src/stm32f4xx_exti.c"
/home/simon/Design_3_git/Motor_Controller_SW4STM_Workspace/Motor_Controller/Debug
arm-none-eabi-gcc -mcpu=cortex-m4 -mthumb -mfloat-abi=hard -mfpu=fpv4-sp-d16 -DSTM32 -DSTM32F4 -DSTM32F407VGTx -DSTM32F407G_DISC1 -DDEBUG -DSTM32F40XX -DSTM32F40_41xxx -DUSE_STDPERIPH_DRIVER -I"/home/simon/Design_3_git/Motor_Controller_SW4STM_Workspace/Motor_Controller/StdPeriph_Driver/inc" -I"/home/simon/Design_3_git/Motor_Controller_SW4STM_Workspace/Motor_Controller/inc" -I"/home/simon/Design_3_git/Motor_Controller_SW4STM_Workspace/Motor_Controller/CMSIS/device" -I"/home/simon/Design_3_git/Motor_Controller_SW4STM_Workspace/Motor_Controller/CMSIS/core" -O0 -g3 -Wall -fmessage-length=0 -ffunction-sections -c -MMD -MP -MF"StdPeriph_Driver/src/stm32f4xx_dsi.d" -MT"StdPeriph_Driver/src/stm32f4xx_dsi.o" -o "StdPeriph_Driver/src/stm32f4xx_dsi.o" "../StdPeriph_Driver/src/stm32f4xx_dsi.c"
 
Building file: ../StdPeriph_Driver/src/stm32f4xx_flash.c
Finished building: ../StdPeriph_Driver/src/stm32f4xx_dcmi.c
Invoking: MCU GCC Compiler
/home/simon/Design_3_git/Motor_Controller_SW4STM_Workspace/Motor_Controller/Debug
arm-none-eabi-gcc -mcpu=cortex-m4 -mthumb -mfloat-abi=hard -mfpu=fpv4-sp-d16 -DSTM32 -DSTM32F4 -DSTM32F407VGTx -DSTM32F407G_DISC1 -DDEBUG -DSTM32F40XX -DSTM32F40_41xxx -DUSE_STDPERIPH_DRIVER -I"/home/simon/Design_3_git/Motor_Controller_SW4STM_Workspace/Motor_Controller/StdPeriph_Driver/inc" -I"/home/simon/Design_3_git/Motor_Controller_SW4STM_Workspace/Motor_Controller/inc" -I"/home/simon/Design_3_git/Motor_Controller_SW4STM_Workspace/Motor_Controller/CMSIS/device" -I"/home/simon/Design_3_git/Motor_Controller_SW4STM_Workspace/Motor_Controller/CMSIS/core" -O0 -g3 -Wall -fmessage-length=0 -ffunction-sections -c -MMD -MP -MF"StdPeriph_Driver/src/stm32f4xx_flash.d" -MT"StdPeriph_Driver/src/stm32f4xx_flash.o" -o "StdPeriph_Driver/src/stm32f4xx_flash.o" "../StdPeriph_Driver/src/stm32f4xx_flash.c"
 
Building file: ../StdPeriph_Driver/src/stm32f4xx_flash_ramfunc.c
Invoking: MCU GCC Compiler
/home/simon/Design_3_git/Motor_Controller_SW4STM_Workspace/Motor_Controller/Debug
arm-none-eabi-gcc -mcpu=cortex-m4 -mthumb -mfloat-abi=hard -mfpu=fpv4-sp-d16 -DSTM32 -DSTM32F4 -DSTM32F407VGTx -DSTM32F407G_DISC1 -DDEBUG -DSTM32F40XX -DSTM32F40_41xxx -DUSE_STDPERIPH_DRIVER -I"/home/simon/Design_3_git/Motor_Controller_SW4STM_Workspace/Motor_Controller/StdPeriph_Driver/inc" -I"/home/simon/Design_3_git/Motor_Controller_SW4STM_Workspace/Motor_Controller/inc" -I"/home/simon/Design_3_git/Motor_Controller_SW4STM_Workspace/Motor_Controller/CMSIS/device" -I"/home/simon/Design_3_git/Motor_Controller_SW4STM_Workspace/Motor_Controller/CMSIS/core" -O0 -g3 -Wall -fmessage-length=0 -ffunction-sections -c -MMD -MP -MF"StdPeriph_Driver/src/stm32f4xx_flash_ramfunc.d" -MT"StdPeriph_Driver/src/stm32f4xx_flash_ramfunc.o" -o "StdPeriph_Driver/src/stm32f4xx_flash_ramfunc.o" "../StdPeriph_Driver/src/stm32f4xx_flash_ramfunc.c"
Finished building: ../StdPeriph_Driver/src/stm32f4xx_dbgmcu.c
 
Building file: ../StdPeriph_Driver/src/stm32f4xx_fmc.c
Invoking: MCU GCC Compiler
/home/simon/Design_3_git/Motor_Controller_SW4STM_Workspace/Motor_Controller/Debug
arm-none-eabi-gcc -mcpu=cortex-m4 -mthumb -mfloat-abi=hard -mfpu=fpv4-sp-d16 -DSTM32 -DSTM32F4 -DSTM32F407VGTx -DSTM32F407G_DISC1 -DDEBUG -DSTM32F40XX -DSTM32F40_41xxx -DUSE_STDPERIPH_DRIVER -I"/home/simon/Design_3_git/Motor_Controller_SW4STM_Workspace/Motor_Controller/StdPeriph_Driver/inc" -I"/home/simon/Design_3_git/Motor_Controller_SW4STM_Workspace/Motor_Controller/inc" -I"/home/simon/Design_3_git/Motor_Controller_SW4STM_Workspace/Motor_Controller/CMSIS/device" -I"/home/simon/Design_3_git/Motor_Controller_SW4STM_Workspace/Motor_Controller/CMSIS/core" -O0 -g3 -Wall -fmessage-length=0 -ffunction-sections -c -MMD -MP -MF"StdPeriph_Driver/src/stm32f4xx_fmc.d" -MT"StdPeriph_Driver/src/stm32f4xx_fmc.o" -o "StdPeriph_Driver/src/stm32f4xx_fmc.o" "../StdPeriph_Driver/src/stm32f4xx_fmc.c"
Finished building: ../StdPeriph_Driver/src/stm32f4xx_dma.c
Finished building: ../StdPeriph_Driver/src/stm32f4xx_dfsdm.c
 
Building file: ../StdPeriph_Driver/src/stm32f4xx_fmip2c.c
Invoking: MCU GCC Compiler
 
Building file: ../StdPeriph_Driver/src/stm32f4xx_fsmc.c
Invoking: MCU GCC Compiler
/home/simon/Design_3_git/Motor_Controller_SW4STM_Workspace/Motor_Controller/Debug
arm-none-eabi-gcc -mcpu=cortex-m4 -mthumb -mfloat-abi=hard -mfpu=fpv4-sp-d16 -DSTM32 -DSTM32F4 -DSTM32F407VGTx -DSTM32F407G_DISC1 -DDEBUG -DSTM32F40XX -DSTM32F40_41xxx -DUSE_STDPERIPH_DRIVER -I"/home/simon/Design_3_git/Motor_Controller_SW4STM_Workspace/Motor_Controller/StdPeriph_Driver/inc" -I"/home/simon/Design_3_git/Motor_Controller_SW4STM_Workspace/Motor_Controller/inc" -I"/home/simon/Design_3_git/Motor_Controller_SW4STM_Workspace/Motor_Controller/CMSIS/device" -I"/home/simon/Design_3_git/Motor_Controller_SW4STM_Workspace/Motor_Controller/CMSIS/core" -O0 -g3 -Wall -fmessage-length=0 -ffunction-sections -c -MMD -MP -MF"StdPeriph_Driver/src/stm32f4xx_fmip2c.d" -MT"StdPeriph_Driver/src/stm32f4xx_fmip2c.o" -o "StdPeriph_Driver/src/stm32f4xx_fmip2c.o" "../StdPeriph_Driver/src/stm32f4xx_fmip2c.c"
/home/simon/Design_3_git/Motor_Controller_SW4STM_Workspace/Motor_Controller/Debug
arm-none-eabi-gcc -mcpu=cortex-m4 -mthumb -mfloat-abi=hard -mfpu=fpv4-sp-d16 -DSTM32 -DSTM32F4 -DSTM32F407VGTx -DSTM32F407G_DISC1 -DDEBUG -DSTM32F40XX -DSTM32F40_41xxx -DUSE_STDPERIPH_DRIVER -I"/home/simon/Design_3_git/Motor_Controller_SW4STM_Workspace/Motor_Controller/StdPeriph_Driver/inc" -I"/home/simon/Design_3_git/Motor_Controller_SW4STM_Workspace/Motor_Controller/inc" -I"/home/simon/Design_3_git/Motor_Controller_SW4STM_Workspace/Motor_Controller/CMSIS/device" -I"/home/simon/Design_3_git/Motor_Controller_SW4STM_Workspace/Motor_Controller/CMSIS/core" -O0 -g3 -Wall -fmessage-length=0 -ffunction-sections -c -MMD -MP -MF"StdPeriph_Driver/src/stm32f4xx_fsmc.d" -MT"StdPeriph_Driver/src/stm32f4xx_fsmc.o" -o "StdPeriph_Driver/src/stm32f4xx_fsmc.o" "../StdPeriph_Driver/src/stm32f4xx_fsmc.c"
Finished building: ../StdPeriph_Driver/src/stm32f4xx_dsi.c
 
Finished building: ../StdPeriph_Driver/src/stm32f4xx_exti.c
 
Finished building: ../StdPeriph_Driver/src/stm32f4xx_flash_ramfunc.c
Finished building: ../StdPeriph_Driver/src/stm32f4xx_dma2d.c
Building file: ../StdPeriph_Driver/src/stm32f4xx_hash.c
Building file: ../StdPeriph_Driver/src/stm32f4xx_gpio.c
Invoking: MCU GCC Compiler
/home/simon/Design_3_git/Motor_Controller_SW4STM_Workspace/Motor_Controller/Debug
arm-none-eabi-gcc -mcpu=cortex-m4 -mthumb -mfloat-abi=hard -mfpu=fpv4-sp-d16 -DSTM32 -DSTM32F4 -DSTM32F407VGTx -DSTM32F407G_DISC1 -DDEBUG -DSTM32F40XX -DSTM32F40_41xxx -DUSE_STDPERIPH_DRIVER -I"/home/simon/Design_3_git/Motor_Controller_SW4STM_Workspace/Motor_Controller/StdPeriph_Driver/inc" -I"/home/simon/Design_3_git/Motor_Controller_SW4STM_Workspace/Motor_Controller/inc" -I"/home/simon/Design_3_git/Motor_Controller_SW4STM_Workspace/Motor_Controller/CMSIS/device" -I"/home/simon/Design_3_git/Motor_Controller_SW4STM_Workspace/Motor_Controller/CMSIS/core" -O0 -g3 -Wall -fmessage-length=0 -ffunction-sections -c -MMD -MP -MF"StdPeriph_Driver/src/stm32f4xx_gpio.d" -MT"StdPeriph_Driver/src/stm32f4xx_gpio.o" -o "StdPeriph_Driver/src/stm32f4xx_gpio.o" "../StdPeriph_Driver/src/stm32f4xx_gpio.c"
 
Finished building: ../StdPeriph_Driver/src/stm32f4xx_flash.c
 
Building file: ../StdPeriph_Driver/src/stm32f4xx_hash_md5.c
Building file: ../StdPeriph_Driver/src/stm32f4xx_hash_sha1.c
 
Invoking: MCU GCC Compiler
Invoking: MCU GCC Compiler
Invoking: MCU GCC Compiler
Building file: ../StdPeriph_Driver/src/stm32f4xx_i2c.c
/home/simon/Design_3_git/Motor_Controller_SW4STM_Workspace/Motor_Controller/Debug
/home/simon/Design_3_git/Motor_Controller_SW4STM_Workspace/Motor_Controller/Debug
arm-none-eabi-gcc -mcpu=cortex-m4 -mthumb -mfloat-abi=hard -mfpu=fpv4-sp-d16 -DSTM32 -DSTM32F4 -DSTM32F407VGTx -DSTM32F407G_DISC1 -DDEBUG -DSTM32F40XX -DSTM32F40_41xxx -DUSE_STDPERIPH_DRIVER -I"/home/simon/Design_3_git/Motor_Controller_SW4STM_Workspace/Motor_Controller/StdPeriph_Driver/inc" -I"/home/simon/Design_3_git/Motor_Controller_SW4STM_Workspace/Motor_Controller/inc" -I"/home/simon/Design_3_git/Motor_Controller_SW4STM_Workspace/Motor_Controller/CMSIS/device" -I"/home/simon/Design_3_git/Motor_Controller_SW4STM_Workspace/Motor_Controller/CMSIS/core" -O0 -g3 -Wall -fmessage-length=0 -ffunction-sections -c -MMD -MP -MF"StdPeriph_Driver/src/stm32f4xx_hash_md5.d" -MT"StdPeriph_Driver/src/stm32f4xx_hash_md5.o" -o "StdPeriph_Driver/src/stm32f4xx_hash_md5.o" "../StdPeriph_Driver/src/stm32f4xx_hash_md5.c"
/home/simon/Design_3_git/Motor_Controller_SW4STM_Workspace/Motor_Controller/Debug
arm-none-eabi-gcc -mcpu=cortex-m4 -mthumb -mfloat-abi=hard -mfpu=fpv4-sp-d16 -DSTM32 -DSTM32F4 -DSTM32F407VGTx -DSTM32F407G_DISC1 -DDEBUG -DSTM32F40XX -DSTM32F40_41xxx -DUSE_STDPERIPH_DRIVER -I"/home/simon/Design_3_git/Motor_Controller_SW4STM_Workspace/Motor_Controller/StdPeriph_Driver/inc" -I"/home/simon/Design_3_git/Motor_Controller_SW4STM_Workspace/Motor_Controller/inc" -I"/home/simon/Design_3_git/Motor_Controller_SW4STM_Workspace/Motor_Controller/CMSIS/device" -I"/home/simon/Design_3_git/Motor_Controller_SW4STM_Workspace/Motor_Controller/CMSIS/core" -O0 -g3 -Wall -fmessage-length=0 -ffunction-sections -c -MMD -MP -MF"StdPeriph_Driver/src/stm32f4xx_hash.d" -MT"StdPeriph_Driver/src/stm32f4xx_hash.o" -o "StdPeriph_Driver/src/stm32f4xx_hash.o" "../StdPeriph_Driver/src/stm32f4xx_hash.c"
arm-none-eabi-gcc -mcpu=cortex-m4 -mthumb -mfloat-abi=hard -mfpu=fpv4-sp-d16 -DSTM32 -DSTM32F4 -DSTM32F407VGTx -DSTM32F407G_DISC1 -DDEBUG -DSTM32F40XX -DSTM32F40_41xxx -DUSE_STDPERIPH_DRIVER -I"/home/simon/Design_3_git/Motor_Controller_SW4STM_Workspace/Motor_Controller/StdPeriph_Driver/inc" -I"/home/simon/Design_3_git/Motor_Controller_SW4STM_Workspace/Motor_Controller/inc" -I"/home/simon/Design_3_git/Motor_Controller_SW4STM_Workspace/Motor_Controller/CMSIS/device" -I"/home/simon/Design_3_git/Motor_Controller_SW4STM_Workspace/Motor_Controller/CMSIS/core" -O0 -g3 -Wall -fmessage-length=0 -ffunction-sections -c -MMD -MP -MF"StdPeriph_Driver/src/stm32f4xx_hash_sha1.d" -MT"StdPeriph_Driver/src/stm32f4xx_hash_sha1.o" -o "StdPeriph_Driver/src/stm32f4xx_hash_sha1.o" "../StdPeriph_Driver/src/stm32f4xx_hash_sha1.c"
Invoking: MCU GCC Compiler
/home/simon/Design_3_git/Motor_Controller_SW4STM_Workspace/Motor_Controller/Debug
arm-none-eabi-gcc -mcpu=cortex-m4 -mthumb -mfloat-abi=hard -mfpu=fpv4-sp-d16 -DSTM32 -DSTM32F4 -DSTM32F407VGTx -DSTM32F407G_DISC1 -DDEBUG -DSTM32F40XX -DSTM32F40_41xxx -DUSE_STDPERIPH_DRIVER -I"/home/simon/Design_3_git/Motor_Controller_SW4STM_Workspace/Motor_Controller/StdPeriph_Driver/inc" -I"/home/simon/Design_3_git/Motor_Controller_SW4STM_Workspace/Motor_Controller/inc" -I"/home/simon/Design_3_git/Motor_Controller_SW4STM_Workspace/Motor_Controller/CMSIS/device" -I"/home/simon/Design_3_git/Motor_Controller_SW4STM_Workspace/Motor_Controller/CMSIS/core" -O0 -g3 -Wall -fmessage-length=0 -ffunction-sections -c -MMD -MP -MF"StdPeriph_Driver/src/stm32f4xx_i2c.d" -MT"StdPeriph_Driver/src/stm32f4xx_i2c.o" -o "StdPeriph_Driver/src/stm32f4xx_i2c.o" "../StdPeriph_Driver/src/stm32f4xx_i2c.c"
Finished building: ../StdPeriph_Driver/src/stm32f4xx_fmc.c
 
Building file: ../StdPeriph_Driver/src/stm32f4xx_iwdg.c
Finished building: ../StdPeriph_Driver/src/stm32f4xx_fmip2c.c
 
Building file: ../StdPeriph_Driver/src/stm32f4xx_lptim.c
Invoking: MCU GCC Compiler
Invoking: MCU GCC Compiler
/home/simon/Design_3_git/Motor_Controller_SW4STM_Workspace/Motor_Controller/Debug
arm-none-eabi-gcc -mcpu=cortex-m4 -mthumb -mfloat-abi=hard -mfpu=fpv4-sp-d16 -DSTM32 -DSTM32F4 -DSTM32F407VGTx -DSTM32F407G_DISC1 -DDEBUG -DSTM32F40XX -DSTM32F40_41xxx -DUSE_STDPERIPH_DRIVER -I"/home/simon/Design_3_git/Motor_Controller_SW4STM_Workspace/Motor_Controller/StdPeriph_Driver/inc" -I"/home/simon/Design_3_git/Motor_Controller_SW4STM_Workspace/Motor_Controller/inc" -I"/home/simon/Design_3_git/Motor_Controller_SW4STM_Workspace/Motor_Controller/CMSIS/device" -I"/home/simon/Design_3_git/Motor_Controller_SW4STM_Workspace/Motor_Controller/CMSIS/core" -O0 -g3 -Wall -fmessage-length=0 -ffunction-sections -c -MMD -MP -MF"StdPeriph_Driver/src/stm32f4xx_iwdg.d" -MT"StdPeriph_Driver/src/stm32f4xx_iwdg.o" -o "StdPeriph_Driver/src/stm32f4xx_iwdg.o" "../StdPeriph_Driver/src/stm32f4xx_iwdg.c"
/home/simon/Design_3_git/Motor_Controller_SW4STM_Workspace/Motor_Controller/Debug
arm-none-eabi-gcc -mcpu=cortex-m4 -mthumb -mfloat-abi=hard -mfpu=fpv4-sp-d16 -DSTM32 -DSTM32F4 -DSTM32F407VGTx -DSTM32F407G_DISC1 -DDEBUG -DSTM32F40XX -DSTM32F40_41xxx -DUSE_STDPERIPH_DRIVER -I"/home/simon/Design_3_git/Motor_Controller_SW4STM_Workspace/Motor_Controller/StdPeriph_Driver/inc" -I"/home/simon/Design_3_git/Motor_Controller_SW4STM_Workspace/Motor_Controller/inc" -I"/home/simon/Design_3_git/Motor_Controller_SW4STM_Workspace/Motor_Controller/CMSIS/device" -I"/home/simon/Design_3_git/Motor_Controller_SW4STM_Workspace/Motor_Controller/CMSIS/core" -O0 -g3 -Wall -fmessage-length=0 -ffunction-sections -c -MMD -MP -MF"StdPeriph_Driver/src/stm32f4xx_lptim.d" -MT"StdPeriph_Driver/src/stm32f4xx_lptim.o" -o "StdPeriph_Driver/src/stm32f4xx_lptim.o" "../StdPeriph_Driver/src/stm32f4xx_lptim.c"
Finished building: ../StdPeriph_Driver/src/stm32f4xx_fsmc.c
 
Finished building: ../StdPeriph_Driver/src/stm32f4xx_gpio.c
 
Finished building: ../StdPeriph_Driver/src/stm32f4xx_hash_md5.c
Building file: ../StdPeriph_Driver/src/stm32f4xx_ltdc.c
 
Building file: ../StdPeriph_Driver/src/stm32f4xx_pwr.c
Invoking: MCU GCC Compiler
Building file: ../StdPeriph_Driver/src/stm32f4xx_qspi.c
/home/simon/Design_3_git/Motor_Controller_SW4STM_Workspace/Motor_Controller/Debug
arm-none-eabi-gcc -mcpu=cortex-m4 -mthumb -mfloat-abi=hard -mfpu=fpv4-sp-d16 -DSTM32 -DSTM32F4 -DSTM32F407VGTx -DSTM32F407G_DISC1 -DDEBUG -DSTM32F40XX -DSTM32F40_41xxx -DUSE_STDPERIPH_DRIVER -I"/home/simon/Design_3_git/Motor_Controller_SW4STM_Workspace/Motor_Controller/StdPeriph_Driver/inc" -I"/home/simon/Design_3_git/Motor_Controller_SW4STM_Workspace/Motor_Controller/inc" -I"/home/simon/Design_3_git/Motor_Controller_SW4STM_Workspace/Motor_Controller/CMSIS/device" -I"/home/simon/Design_3_git/Motor_Controller_SW4STM_Workspace/Motor_Controller/CMSIS/core" -O0 -g3 -Wall -fmessage-length=0 -ffunction-sections -c -MMD -MP -MF"StdPeriph_Driver/src/stm32f4xx_ltdc.d" -MT"StdPeriph_Driver/src/stm32f4xx_ltdc.o" -o "StdPeriph_Driver/src/stm32f4xx_ltdc.o" "../StdPeriph_Driver/src/stm32f4xx_ltdc.c"
Invoking: MCU GCC Compiler
/home/simon/Design_3_git/Motor_Controller_SW4STM_Workspace/Motor_Controller/Debug
arm-none-eabi-gcc -mcpu=cortex-m4 -mthumb -mfloat-abi=hard -mfpu=fpv4-sp-d16 -DSTM32 -DSTM32F4 -DSTM32F407VGTx -DSTM32F407G_DISC1 -DDEBUG -DSTM32F40XX -DSTM32F40_41xxx -DUSE_STDPERIPH_DRIVER -I"/home/simon/Design_3_git/Motor_Controller_SW4STM_Workspace/Motor_Controller/StdPeriph_Driver/inc" -I"/home/simon/Design_3_git/Motor_Controller_SW4STM_Workspace/Motor_Controller/inc" -I"/home/simon/Design_3_git/Motor_Controller_SW4STM_Workspace/Motor_Controller/CMSIS/device" -I"/home/simon/Design_3_git/Motor_Controller_SW4STM_Workspace/Motor_Controller/CMSIS/core" -O0 -g3 -Wall -fmessage-length=0 -ffunction-sections -c -MMD -MP -MF"StdPeriph_Driver/src/stm32f4xx_pwr.d" -MT"StdPeriph_Driver/src/stm32f4xx_pwr.o" -o "StdPeriph_Driver/src/stm32f4xx_pwr.o" "../StdPeriph_Driver/src/stm32f4xx_pwr.c"
Finished building: ../StdPeriph_Driver/src/stm32f4xx_hash_sha1.c
 
Building file: ../StdPeriph_Driver/src/stm32f4xx_rcc.c
Invoking: MCU GCC Compiler
Invoking: MCU GCC Compiler
/home/simon/Design_3_git/Motor_Controller_SW4STM_Workspace/Motor_Controller/Debug
/home/simon/Design_3_git/Motor_Controller_SW4STM_Workspace/Motor_Controller/Debug
arm-none-eabi-gcc -mcpu=cortex-m4 -mthumb -mfloat-abi=hard -mfpu=fpv4-sp-d16 -DSTM32 -DSTM32F4 -DSTM32F407VGTx -DSTM32F407G_DISC1 -DDEBUG -DSTM32F40XX -DSTM32F40_41xxx -DUSE_STDPERIPH_DRIVER -I"/home/simon/Design_3_git/Motor_Controller_SW4STM_Workspace/Motor_Controller/StdPeriph_Driver/inc" -I"/home/simon/Design_3_git/Motor_Controller_SW4STM_Workspace/Motor_Controller/inc" -I"/home/simon/Design_3_git/Motor_Controller_SW4STM_Workspace/Motor_Controller/CMSIS/device" -I"/home/simon/Design_3_git/Motor_Controller_SW4STM_Workspace/Motor_Controller/CMSIS/core" -O0 -g3 -Wall -fmessage-length=0 -ffunction-sections -c -MMD -MP -MF"StdPeriph_Driver/src/stm32f4xx_rcc.d" -MT"StdPeriph_Driver/src/stm32f4xx_rcc.o" -o "StdPeriph_Driver/src/stm32f4xx_rcc.o" "../StdPeriph_Driver/src/stm32f4xx_rcc.c"
arm-none-eabi-gcc -mcpu=cortex-m4 -mthumb -mfloat-abi=hard -mfpu=fpv4-sp-d16 -DSTM32 -DSTM32F4 -DSTM32F407VGTx -DSTM32F407G_DISC1 -DDEBUG -DSTM32F40XX -DSTM32F40_41xxx -DUSE_STDPERIPH_DRIVER -I"/home/simon/Design_3_git/Motor_Controller_SW4STM_Workspace/Motor_Controller/StdPeriph_Driver/inc" -I"/home/simon/Design_3_git/Motor_Controller_SW4STM_Workspace/Motor_Controller/inc" -I"/home/simon/Design_3_git/Motor_Controller_SW4STM_Workspace/Motor_Controller/CMSIS/device" -I"/home/simon/Design_3_git/Motor_Controller_SW4STM_Workspace/Motor_Controller/CMSIS/core" -O0 -g3 -Wall -fmessage-length=0 -ffunction-sections -c -MMD -MP -MF"StdPeriph_Driver/src/stm32f4xx_qspi.d" -MT"StdPeriph_Driver/src/stm32f4xx_qspi.o" -o "StdPeriph_Driver/src/stm32f4xx_qspi.o" "../StdPeriph_Driver/src/stm32f4xx_qspi.c"
Finished building: ../StdPeriph_Driver/src/stm32f4xx_iwdg.c
 
Building file: ../StdPeriph_Driver/src/stm32f4xx_rng.c
Invoking: MCU GCC Compiler
/home/simon/Design_3_git/Motor_Controller_SW4STM_Workspace/Motor_Controller/Debug
arm-none-eabi-gcc -mcpu=cortex-m4 -mthumb -mfloat-abi=hard -mfpu=fpv4-sp-d16 -DSTM32 -DSTM32F4 -DSTM32F407VGTx -DSTM32F407G_DISC1 -DDEBUG -DSTM32F40XX -DSTM32F40_41xxx -DUSE_STDPERIPH_DRIVER -I"/home/simon/Design_3_git/Motor_Controller_SW4STM_Workspace/Motor_Controller/StdPeriph_Driver/inc" -I"/home/simon/Design_3_git/Motor_Controller_SW4STM_Workspace/Motor_Controller/inc" -I"/home/simon/Design_3_git/Motor_Controller_SW4STM_Workspace/Motor_Controller/CMSIS/device" -I"/home/simon/Design_3_git/Motor_Controller_SW4STM_Workspace/Motor_Controller/CMSIS/core" -O0 -g3 -Wall -fmessage-length=0 -ffunction-sections -c -MMD -MP -MF"StdPeriph_Driver/src/stm32f4xx_rng.d" -MT"StdPeriph_Driver/src/stm32f4xx_rng.o" -o "StdPeriph_Driver/src/stm32f4xx_rng.o" "../StdPeriph_Driver/src/stm32f4xx_rng.c"
Finished building: ../StdPeriph_Driver/src/stm32f4xx_hash.c
 
Building file: ../StdPeriph_Driver/src/stm32f4xx_rtc.c
Finished building: ../StdPeriph_Driver/src/stm32f4xx_i2c.c
Finished building: ../StdPeriph_Driver/src/stm32f4xx_lptim.c
 
 
Invoking: MCU GCC Compiler
Building file: ../StdPeriph_Driver/src/stm32f4xx_sai.c
Building file: ../StdPeriph_Driver/src/stm32f4xx_sdio.c
/home/simon/Design_3_git/Motor_Controller_SW4STM_Workspace/Motor_Controller/Debug
arm-none-eabi-gcc -mcpu=cortex-m4 -mthumb -mfloat-abi=hard -mfpu=fpv4-sp-d16 -DSTM32 -DSTM32F4 -DSTM32F407VGTx -DSTM32F407G_DISC1 -DDEBUG -DSTM32F40XX -DSTM32F40_41xxx -DUSE_STDPERIPH_DRIVER -I"/home/simon/Design_3_git/Motor_Controller_SW4STM_Workspace/Motor_Controller/StdPeriph_Driver/inc" -I"/home/simon/Design_3_git/Motor_Controller_SW4STM_Workspace/Motor_Controller/inc" -I"/home/simon/Design_3_git/Motor_Controller_SW4STM_Workspace/Motor_Controller/CMSIS/device" -I"/home/simon/Design_3_git/Motor_Controller_SW4STM_Workspace/Motor_Controller/CMSIS/core" -O0 -g3 -Wall -fmessage-length=0 -ffunction-sections -c -MMD -MP -MF"StdPeriph_Driver/src/stm32f4xx_rtc.d" -MT"StdPeriph_Driver/src/stm32f4xx_rtc.o" -o "StdPeriph_Driver/src/stm32f4xx_rtc.o" "../StdPeriph_Driver/src/stm32f4xx_rtc.c"
Invoking: MCU GCC Compiler
Invoking: MCU GCC Compiler
/home/simon/Design_3_git/Motor_Controller_SW4STM_Workspace/Motor_Controller/Debug
arm-none-eabi-gcc -mcpu=cortex-m4 -mthumb -mfloat-abi=hard -mfpu=fpv4-sp-d16 -DSTM32 -DSTM32F4 -DSTM32F407VGTx -DSTM32F407G_DISC1 -DDEBUG -DSTM32F40XX -DSTM32F40_41xxx -DUSE_STDPERIPH_DRIVER -I"/home/simon/Design_3_git/Motor_Controller_SW4STM_Workspace/Motor_Controller/StdPeriph_Driver/inc" -I"/home/simon/Design_3_git/Motor_Controller_SW4STM_Workspace/Motor_Controller/inc" -I"/home/simon/Design_3_git/Motor_Controller_SW4STM_Workspace/Motor_Controller/CMSIS/device" -I"/home/simon/Design_3_git/Motor_Controller_SW4STM_Workspace/Motor_Controller/CMSIS/core" -O0 -g3 -Wall -fmessage-length=0 -ffunction-sections -c -MMD -MP -MF"StdPeriph_Driver/src/stm32f4xx_sdio.d" -MT"StdPeriph_Driver/src/stm32f4xx_sdio.o" -o "StdPeriph_Driver/src/stm32f4xx_sdio.o" "../StdPeriph_Driver/src/stm32f4xx_sdio.c"
/home/simon/Design_3_git/Motor_Controller_SW4STM_Workspace/Motor_Controller/Debug
arm-none-eabi-gcc -mcpu=cortex-m4 -mthumb -mfloat-abi=hard -mfpu=fpv4-sp-d16 -DSTM32 -DSTM32F4 -DSTM32F407VGTx -DSTM32F407G_DISC1 -DDEBUG -DSTM32F40XX -DSTM32F40_41xxx -DUSE_STDPERIPH_DRIVER -I"/home/simon/Design_3_git/Motor_Controller_SW4STM_Workspace/Motor_Controller/StdPeriph_Driver/inc" -I"/home/simon/Design_3_git/Motor_Controller_SW4STM_Workspace/Motor_Controller/inc" -I"/home/simon/Design_3_git/Motor_Controller_SW4STM_Workspace/Motor_Controller/CMSIS/device" -I"/home/simon/Design_3_git/Motor_Controller_SW4STM_Workspace/Motor_Controller/CMSIS/core" -O0 -g3 -Wall -fmessage-length=0 -ffunction-sections -c -MMD -MP -MF"StdPeriph_Driver/src/stm32f4xx_sai.d" -MT"StdPeriph_Driver/src/stm32f4xx_sai.o" -o "StdPeriph_Driver/src/stm32f4xx_sai.o" "../StdPeriph_Driver/src/stm32f4xx_sai.c"
Finished building: ../StdPeriph_Driver/src/stm32f4xx_pwr.c
Finished building: ../StdPeriph_Driver/src/stm32f4xx_ltdc.c
 
 
Building file: ../StdPeriph_Driver/src/stm32f4xx_spdifrx.c
Building file: ../StdPeriph_Driver/src/stm32f4xx_spi.c
Finished building: ../StdPeriph_Driver/src/stm32f4xx_qspi.c
Invoking: MCU GCC Compiler
Invoking: MCU GCC Compiler
 
/home/simon/Design_3_git/Motor_Controller_SW4STM_Workspace/Motor_Controller/Debug
arm-none-eabi-gcc -mcpu=cortex-m4 -mthumb -mfloat-abi=hard -mfpu=fpv4-sp-d16 -DSTM32 -DSTM32F4 -DSTM32F407VGTx -DSTM32F407G_DISC1 -DDEBUG -DSTM32F40XX -DSTM32F40_41xxx -DUSE_STDPERIPH_DRIVER -I"/home/simon/Design_3_git/Motor_Controller_SW4STM_Workspace/Motor_Controller/StdPeriph_Driver/inc" -I"/home/simon/Design_3_git/Motor_Controller_SW4STM_Workspace/Motor_Controller/inc" -I"/home/simon/Design_3_git/Motor_Controller_SW4STM_Workspace/Motor_Controller/CMSIS/device" -I"/home/simon/Design_3_git/Motor_Controller_SW4STM_Workspace/Motor_Controller/CMSIS/core" -O0 -g3 -Wall -fmessage-length=0 -ffunction-sections -c -MMD -MP -MF"StdPeriph_Driver/src/stm32f4xx_spi.d" -MT"StdPeriph_Driver/src/stm32f4xx_spi.o" -o "StdPeriph_Driver/src/stm32f4xx_spi.o" "../StdPeriph_Driver/src/stm32f4xx_spi.c"
Building file: ../StdPeriph_Driver/src/stm32f4xx_syscfg.c
/home/simon/Design_3_git/Motor_Controller_SW4STM_Workspace/Motor_Controller/Debug
arm-none-eabi-gcc -mcpu=cortex-m4 -mthumb -mfloat-abi=hard -mfpu=fpv4-sp-d16 -DSTM32 -DSTM32F4 -DSTM32F407VGTx -DSTM32F407G_DISC1 -DDEBUG -DSTM32F40XX -DSTM32F40_41xxx -DUSE_STDPERIPH_DRIVER -I"/home/simon/Design_3_git/Motor_Controller_SW4STM_Workspace/Motor_Controller/StdPeriph_Driver/inc" -I"/home/simon/Design_3_git/Motor_Controller_SW4STM_Workspace/Motor_Controller/inc" -I"/home/simon/Design_3_git/Motor_Controller_SW4STM_Workspace/Motor_Controller/CMSIS/device" -I"/home/simon/Design_3_git/Motor_Controller_SW4STM_Workspace/Motor_Controller/CMSIS/core" -O0 -g3 -Wall -fmessage-length=0 -ffunction-sections -c -MMD -MP -MF"StdPeriph_Driver/src/stm32f4xx_spdifrx.d" -MT"StdPeriph_Driver/src/stm32f4xx_spdifrx.o" -o "StdPeriph_Driver/src/stm32f4xx_spdifrx.o" "../StdPeriph_Driver/src/stm32f4xx_spdifrx.c"
Invoking: MCU GCC Compiler
/home/simon/Design_3_git/Motor_Controller_SW4STM_Workspace/Motor_Controller/Debug
arm-none-eabi-gcc -mcpu=cortex-m4 -mthumb -mfloat-abi=hard -mfpu=fpv4-sp-d16 -DSTM32 -DSTM32F4 -DSTM32F407VGTx -DSTM32F407G_DISC1 -DDEBUG -DSTM32F40XX -DSTM32F40_41xxx -DUSE_STDPERIPH_DRIVER -I"/home/simon/Design_3_git/Motor_Controller_SW4STM_Workspace/Motor_Controller/StdPeriph_Driver/inc" -I"/home/simon/Design_3_git/Motor_Controller_SW4STM_Workspace/Motor_Controller/inc" -I"/home/simon/Design_3_git/Motor_Controller_SW4STM_Workspace/Motor_Controller/CMSIS/device" -I"/home/simon/Design_3_git/Motor_Controller_SW4STM_Workspace/Motor_Controller/CMSIS/core" -O0 -g3 -Wall -fmessage-length=0 -ffunction-sections -c -MMD -MP -MF"StdPeriph_Driver/src/stm32f4xx_syscfg.d" -MT"StdPeriph_Driver/src/stm32f4xx_syscfg.o" -o "StdPeriph_Driver/src/stm32f4xx_syscfg.o" "../StdPeriph_Driver/src/stm32f4xx_syscfg.c"
Finished building: ../StdPeriph_Driver/src/stm32f4xx_rcc.c
Finished building: ../StdPeriph_Driver/src/stm32f4xx_rng.c
 
Building file: ../StdPeriph_Driver/src/stm32f4xx_tim.c
Invoking: MCU GCC Compiler
 
/home/simon/Design_3_git/Motor_Controller_SW4STM_Workspace/Motor_Controller/Debug
arm-none-eabi-gcc -mcpu=cortex-m4 -mthumb -mfloat-abi=hard -mfpu=fpv4-sp-d16 -DSTM32 -DSTM32F4 -DSTM32F407VGTx -DSTM32F407G_DISC1 -DDEBUG -DSTM32F40XX -DSTM32F40_41xxx -DUSE_STDPERIPH_DRIVER -I"/home/simon/Design_3_git/Motor_Controller_SW4STM_Workspace/Motor_Controller/StdPeriph_Driver/inc" -I"/home/simon/Design_3_git/Motor_Controller_SW4STM_Workspace/Motor_Controller/inc" -I"/home/simon/Design_3_git/Motor_Controller_SW4STM_Workspace/Motor_Controller/CMSIS/device" -I"/home/simon/Design_3_git/Motor_Controller_SW4STM_Workspace/Motor_Controller/CMSIS/core" -O0 -g3 -Wall -fmessage-length=0 -ffunction-sections -c -MMD -MP -MF"StdPeriph_Driver/src/stm32f4xx_tim.d" -MT"StdPeriph_Driver/src/stm32f4xx_tim.o" -o "StdPeriph_Driver/src/stm32f4xx_tim.o" "../StdPeriph_Driver/src/stm32f4xx_tim.c"
Building file: ../StdPeriph_Driver/src/stm32f4xx_usart.c
Invoking: MCU GCC Compiler
Finished building: ../StdPeriph_Driver/src/stm32f4xx_sai.c
/home/simon/Design_3_git/Motor_Controller_SW4STM_Workspace/Motor_Controller/Debug
 
arm-none-eabi-gcc -mcpu=cortex-m4 -mthumb -mfloat-abi=hard -mfpu=fpv4-sp-d16 -DSTM32 -DSTM32F4 -DSTM32F407VGTx -DSTM32F407G_DISC1 -DDEBUG -DSTM32F40XX -DSTM32F40_41xxx -DUSE_STDPERIPH_DRIVER -I"/home/simon/Design_3_git/Motor_Controller_SW4STM_Workspace/Motor_Controller/StdPeriph_Driver/inc" -I"/home/simon/Design_3_git/Motor_Controller_SW4STM_Workspace/Motor_Controller/inc" -I"/home/simon/Design_3_git/Motor_Controller_SW4STM_Workspace/Motor_Controller/CMSIS/device" -I"/home/simon/Design_3_git/Motor_Controller_SW4STM_Workspace/Motor_Controller/CMSIS/core" -O0 -g3 -Wall -fmessage-length=0 -ffunction-sections -c -MMD -MP -MF"StdPeriph_Driver/src/stm32f4xx_usart.d" -MT"StdPeriph_Driver/src/stm32f4xx_usart.o" -o "StdPeriph_Driver/src/stm32f4xx_usart.o" "../StdPeriph_Driver/src/stm32f4xx_usart.c"
Building file: ../StdPeriph_Driver/src/stm32f4xx_wwdg.c
Finished building: ../StdPeriph_Driver/src/stm32f4xx_rtc.c
 
Finished building: ../StdPeriph_Driver/src/stm32f4xx_sdio.c
 
Invoking: MCU GCC Compiler
/home/simon/Design_3_git/Motor_Controller_SW4STM_Workspace/Motor_Controller/Debug
arm-none-eabi-gcc -mcpu=cortex-m4 -mthumb -mfloat-abi=hard -mfpu=fpv4-sp-d16 -DSTM32 -DSTM32F4 -DSTM32F407VGTx -DSTM32F407G_DISC1 -DDEBUG -DSTM32F40XX -DSTM32F40_41xxx -DUSE_STDPERIPH_DRIVER -I"/home/simon/Design_3_git/Motor_Controller_SW4STM_Workspace/Motor_Controller/StdPeriph_Driver/inc" -I"/home/simon/Design_3_git/Motor_Controller_SW4STM_Workspace/Motor_Controller/inc" -I"/home/simon/Design_3_git/Motor_Controller_SW4STM_Workspace/Motor_Controller/CMSIS/device" -I"/home/simon/Design_3_git/Motor_Controller_SW4STM_Workspace/Motor_Controller/CMSIS/core" -O0 -g3 -Wall -fmessage-length=0 -ffunction-sections -c -MMD -MP -MF"StdPeriph_Driver/src/stm32f4xx_wwdg.d" -MT"StdPeriph_Driver/src/stm32f4xx_wwdg.o" -o "StdPeriph_Driver/src/stm32f4xx_wwdg.o" "../StdPeriph_Driver/src/stm32f4xx_wwdg.c"
Finished building: ../StdPeriph_Driver/src/stm32f4xx_spdifrx.c
 
Finished building: ../StdPeriph_Driver/src/stm32f4xx_spi.c
 
Finished building: ../StdPeriph_Driver/src/stm32f4xx_syscfg.c
 
Finished building: ../StdPeriph_Driver/src/stm32f4xx_wwdg.c
 
Finished building: ../StdPeriph_Driver/src/stm32f4xx_tim.c
Finished building: ../StdPeriph_Driver/src/stm32f4xx_usart.c
 
 
Building target: Motor_Controller.elf
Invoking: MCU GCC Linker
arm-none-eabi-gcc -mcpu=cortex-m4 -mthumb -mfloat-abi=hard -mfpu=fpv4-sp-d16 -u _printf_float -T"/home/simon/Design_3_git/Motor_Controller_SW4STM_Workspace/Motor_Controller/LinkerScript.ld" -Wl,-Map=output.map -Wl,--gc-sections -o "Motor_Controller.elf" @"objects.list"   -lm
Finished building target: Motor_Controller.elf
 
make --no-print-directory post-build
Generating binary and Printing size information:
arm-none-eabi-objcopy -O binary "Motor_Controller.elf" "Motor_Controller.bin"
arm-none-eabi-size "Motor_Controller.elf"
   text	   data	    bss	    dec	    hex	filename
  12464	   1120	   1748	  15332	   3be4	Motor_Controller.elf
 
18:09:18 **** Incremental Build of configuration Debug for project Motor_Controller ****
make -j8 all 
make: Nothing to be done for 'all'.
18:36:40 **** Incremental Build of configuration Debug for project Motor_Controller ****
make -j8 all 
Building file: ../src/Motor/PID.c
Building file: ../src/main.c
Invoking: MCU GCC Compiler
Invoking: MCU GCC Compiler
/home/simon/Design_3_git/Motor_Controller_SW4STM_Workspace/Motor_Controller/Debug
arm-none-eabi-gcc -mcpu=cortex-m4 -mthumb -mfloat-abi=hard -mfpu=fpv4-sp-d16 -DSTM32 -DSTM32F4 -DSTM32F407VGTx -DSTM32F407G_DISC1 -DDEBUG -DSTM32F40XX -DSTM32F40_41xxx -DUSE_STDPERIPH_DRIVER -I"/home/simon/Design_3_git/Motor_Controller_SW4STM_Workspace/Motor_Controller/StdPeriph_Driver/inc" -I"/home/simon/Design_3_git/Motor_Controller_SW4STM_Workspace/Motor_Controller/inc" -I"/home/simon/Design_3_git/Motor_Controller_SW4STM_Workspace/Motor_Controller/CMSIS/device" -I"/home/simon/Design_3_git/Motor_Controller_SW4STM_Workspace/Motor_Controller/CMSIS/core" -O0 -g3 -Wall -fmessage-length=0 -ffunction-sections -c -MMD -MP -MF"src/Motor/PID.d" -MT"src/Motor/PID.o" -o "src/Motor/PID.o" "../src/Motor/PID.c"
/home/simon/Design_3_git/Motor_Controller_SW4STM_Workspace/Motor_Controller/Debug
arm-none-eabi-gcc -mcpu=cortex-m4 -mthumb -mfloat-abi=hard -mfpu=fpv4-sp-d16 -DSTM32 -DSTM32F4 -DSTM32F407VGTx -DSTM32F407G_DISC1 -DDEBUG -DSTM32F40XX -DSTM32F40_41xxx -DUSE_STDPERIPH_DRIVER -I"/home/simon/Design_3_git/Motor_Controller_SW4STM_Workspace/Motor_Controller/StdPeriph_Driver/inc" -I"/home/simon/Design_3_git/Motor_Controller_SW4STM_Workspace/Motor_Controller/inc" -I"/home/simon/Design_3_git/Motor_Controller_SW4STM_Workspace/Motor_Controller/CMSIS/device" -I"/home/simon/Design_3_git/Motor_Controller_SW4STM_Workspace/Motor_Controller/CMSIS/core" -O0 -g3 -Wall -fmessage-length=0 -ffunction-sections -c -MMD -MP -MF"src/main.d" -MT"src/main.o" -o "src/main.o" "../src/main.c"
Finished building: ../src/Motor/PID.c
 
Finished building: ../src/main.c
 
Building target: Motor_Controller.elf
Invoking: MCU GCC Linker
arm-none-eabi-gcc -mcpu=cortex-m4 -mthumb -mfloat-abi=hard -mfpu=fpv4-sp-d16 -u _printf_float -T"/home/simon/Design_3_git/Motor_Controller_SW4STM_Workspace/Motor_Controller/LinkerScript.ld" -Wl,-Map=output.map -Wl,--gc-sections -o "Motor_Controller.elf" @"objects.list"   -lm
Finished building target: Motor_Controller.elf
 
make --no-print-directory post-build
Generating binary and Printing size information:
arm-none-eabi-objcopy -O binary "Motor_Controller.elf" "Motor_Controller.bin"
arm-none-eabi-size "Motor_Controller.elf"
   text	   data	    bss	    dec	    hex	filename
  12488	   1120	   1740	  15348	   3bf4	Motor_Controller.elf
 
18:36:41 **** Incremental Build of configuration Debug for project Motor_Controller ****
make -j8 all 
make: Nothing to be done for 'all'.
18:47:38 **** Incremental Build of configuration Debug for project Motor_Controller ****
make -j8 all 
Building file: ../src/Motor/PID.c
Invoking: MCU GCC Compiler
/home/simon/Design_3_git/Motor_Controller_SW4STM_Workspace/Motor_Controller/Debug
arm-none-eabi-gcc -mcpu=cortex-m4 -mthumb -mfloat-abi=hard -mfpu=fpv4-sp-d16 -DSTM32 -DSTM32F4 -DSTM32F407VGTx -DSTM32F407G_DISC1 -DDEBUG -DSTM32F40XX -DSTM32F40_41xxx -DUSE_STDPERIPH_DRIVER -I"/home/simon/Design_3_git/Motor_Controller_SW4STM_Workspace/Motor_Controller/StdPeriph_Driver/inc" -I"/home/simon/Design_3_git/Motor_Controller_SW4STM_Workspace/Motor_Controller/inc" -I"/home/simon/Design_3_git/Motor_Controller_SW4STM_Workspace/Motor_Controller/CMSIS/device" -I"/home/simon/Design_3_git/Motor_Controller_SW4STM_Workspace/Motor_Controller/CMSIS/core" -O0 -g3 -Wall -fmessage-length=0 -ffunction-sections -c -MMD -MP -MF"src/Motor/PID.d" -MT"src/Motor/PID.o" -o "src/Motor/PID.o" "../src/Motor/PID.c"
Finished building: ../src/Motor/PID.c
 
Building target: Motor_Controller.elf
Invoking: MCU GCC Linker
arm-none-eabi-gcc -mcpu=cortex-m4 -mthumb -mfloat-abi=hard -mfpu=fpv4-sp-d16 -u _printf_float -T"/home/simon/Design_3_git/Motor_Controller_SW4STM_Workspace/Motor_Controller/LinkerScript.ld" -Wl,-Map=output.map -Wl,--gc-sections -o "Motor_Controller.elf" @"objects.list"   -lm
Finished building target: Motor_Controller.elf
 
make --no-print-directory post-build
Generating binary and Printing size information:
arm-none-eabi-objcopy -O binary "Motor_Controller.elf" "Motor_Controller.bin"
arm-none-eabi-size "Motor_Controller.elf"
   text	   data	    bss	    dec	    hex	filename
  12464	   1120	   1740	  15324	   3bdc	Motor_Controller.elf
 
19:05:41 **** Incremental Build of configuration Debug for project Motor_Controller ****
make -j8 all 
Building file: ../src/Motor/PID.c
Invoking: MCU GCC Compiler
/home/simon/Design_3_git/Motor_Controller_SW4STM_Workspace/Motor_Controller/Debug
arm-none-eabi-gcc -mcpu=cortex-m4 -mthumb -mfloat-abi=hard -mfpu=fpv4-sp-d16 -DSTM32 -DSTM32F4 -DSTM32F407VGTx -DSTM32F407G_DISC1 -DDEBUG -DSTM32F40XX -DSTM32F40_41xxx -DUSE_STDPERIPH_DRIVER -I"/home/simon/Design_3_git/Motor_Controller_SW4STM_Workspace/Motor_Controller/StdPeriph_Driver/inc" -I"/home/simon/Design_3_git/Motor_Controller_SW4STM_Workspace/Motor_Controller/inc" -I"/home/simon/Design_3_git/Motor_Controller_SW4STM_Workspace/Motor_Controller/CMSIS/device" -I"/home/simon/Design_3_git/Motor_Controller_SW4STM_Workspace/Motor_Controller/CMSIS/core" -O0 -g3 -Wall -fmessage-length=0 -ffunction-sections -c -MMD -MP -MF"src/Motor/PID.d" -MT"src/Motor/PID.o" -o "src/Motor/PID.o" "../src/Motor/PID.c"
Finished building: ../src/Motor/PID.c
 
Building target: Motor_Controller.elf
Invoking: MCU GCC Linker
arm-none-eabi-gcc -mcpu=cortex-m4 -mthumb -mfloat-abi=hard -mfpu=fpv4-sp-d16 -u _printf_float -T"/home/simon/Design_3_git/Motor_Controller_SW4STM_Workspace/Motor_Controller/LinkerScript.ld" -Wl,-Map=output.map -Wl,--gc-sections -o "Motor_Controller.elf" @"objects.list"   -lm
Finished building target: Motor_Controller.elf
 
make --no-print-directory post-build
Generating binary and Printing size information:
arm-none-eabi-objcopy -O binary "Motor_Controller.elf" "Motor_Controller.bin"
arm-none-eabi-size "Motor_Controller.elf"
   text	   data	    bss	    dec	    hex	filename
  12792	   1120	   1740	  15652	   3d24	Motor_Controller.elf
 
19:05:43 **** Incremental Build of configuration Debug for project Motor_Controller ****
make -j8 all 
make: Nothing to be done for 'all'.
19:08:14 **** Incremental Build of configuration Debug for project Motor_Controller ****
make -j8 all 
Building file: ../src/Motor/PID.c
Invoking: MCU GCC Compiler
/home/simon/Design_3_git/Motor_Controller_SW4STM_Workspace/Motor_Controller/Debug
arm-none-eabi-gcc -mcpu=cortex-m4 -mthumb -mfloat-abi=hard -mfpu=fpv4-sp-d16 -DSTM32 -DSTM32F4 -DSTM32F407VGTx -DSTM32F407G_DISC1 -DDEBUG -DSTM32F40XX -DSTM32F40_41xxx -DUSE_STDPERIPH_DRIVER -I"/home/simon/Design_3_git/Motor_Controller_SW4STM_Workspace/Motor_Controller/StdPeriph_Driver/inc" -I"/home/simon/Design_3_git/Motor_Controller_SW4STM_Workspace/Motor_Controller/inc" -I"/home/simon/Design_3_git/Motor_Controller_SW4STM_Workspace/Motor_Controller/CMSIS/device" -I"/home/simon/Design_3_git/Motor_Controller_SW4STM_Workspace/Motor_Controller/CMSIS/core" -O0 -g3 -Wall -fmessage-length=0 -ffunction-sections -c -MMD -MP -MF"src/Motor/PID.d" -MT"src/Motor/PID.o" -o "src/Motor/PID.o" "../src/Motor/PID.c"
Finished building: ../src/Motor/PID.c
 
Building target: Motor_Controller.elf
Invoking: MCU GCC Linker
arm-none-eabi-gcc -mcpu=cortex-m4 -mthumb -mfloat-abi=hard -mfpu=fpv4-sp-d16 -u _printf_float -T"/home/simon/Design_3_git/Motor_Controller_SW4STM_Workspace/Motor_Controller/LinkerScript.ld" -Wl,-Map=output.map -Wl,--gc-sections -o "Motor_Controller.elf" @"objects.list"   -lm
Finished building target: Motor_Controller.elf
 
make --no-print-directory post-build
Generating binary and Printing size information:
arm-none-eabi-objcopy -O binary "Motor_Controller.elf" "Motor_Controller.bin"
arm-none-eabi-size "Motor_Controller.elf"
   text	   data	    bss	    dec	    hex	filename
  12784	   1120	   1740	  15644	   3d1c	Motor_Controller.elf
 
19:08:16 **** Incremental Build of configuration Debug for project Motor_Controller ****
make -j8 all 
make: Nothing to be done for 'all'.
19:17:12 **** Incremental Build of configuration Debug for project Motor_Controller ****
make -j8 all 
Building file: ../src/Motor/PID.c
Invoking: MCU GCC Compiler
/home/simon/Design_3_git/Motor_Controller_SW4STM_Workspace/Motor_Controller/Debug
arm-none-eabi-gcc -mcpu=cortex-m4 -mthumb -mfloat-abi=hard -mfpu=fpv4-sp-d16 -DSTM32 -DSTM32F4 -DSTM32F407VGTx -DSTM32F407G_DISC1 -DDEBUG -DSTM32F40XX -DSTM32F40_41xxx -DUSE_STDPERIPH_DRIVER -I"/home/simon/Design_3_git/Motor_Controller_SW4STM_Workspace/Motor_Controller/StdPeriph_Driver/inc" -I"/home/simon/Design_3_git/Motor_Controller_SW4STM_Workspace/Motor_Controller/inc" -I"/home/simon/Design_3_git/Motor_Controller_SW4STM_Workspace/Motor_Controller/CMSIS/device" -I"/home/simon/Design_3_git/Motor_Controller_SW4STM_Workspace/Motor_Controller/CMSIS/core" -O0 -g3 -Wall -fmessage-length=0 -ffunction-sections -c -MMD -MP -MF"src/Motor/PID.d" -MT"src/Motor/PID.o" -o "src/Motor/PID.o" "../src/Motor/PID.c"
Finished building: ../src/Motor/PID.c
 
Building target: Motor_Controller.elf
Invoking: MCU GCC Linker
arm-none-eabi-gcc -mcpu=cortex-m4 -mthumb -mfloat-abi=hard -mfpu=fpv4-sp-d16 -u _printf_float -T"/home/simon/Design_3_git/Motor_Controller_SW4STM_Workspace/Motor_Controller/LinkerScript.ld" -Wl,-Map=output.map -Wl,--gc-sections -o "Motor_Controller.elf" @"objects.list"   -lm
Finished building target: Motor_Controller.elf
 
make --no-print-directory post-build
Generating binary and Printing size information:
arm-none-eabi-objcopy -O binary "Motor_Controller.elf" "Motor_Controller.bin"
arm-none-eabi-size "Motor_Controller.elf"
   text	   data	    bss	    dec	    hex	filename
  12784	   1120	   1740	  15644	   3d1c	Motor_Controller.elf
 
19:18:18 **** Incremental Build of configuration Debug for project Motor_Controller ****
make -j8 all 
Building file: ../src/Motor/PID.c
Invoking: MCU GCC Compiler
/home/simon/Design_3_git/Motor_Controller_SW4STM_Workspace/Motor_Controller/Debug
arm-none-eabi-gcc -mcpu=cortex-m4 -mthumb -mfloat-abi=hard -mfpu=fpv4-sp-d16 -DSTM32 -DSTM32F4 -DSTM32F407VGTx -DSTM32F407G_DISC1 -DDEBUG -DSTM32F40XX -DSTM32F40_41xxx -DUSE_STDPERIPH_DRIVER -I"/home/simon/Design_3_git/Motor_Controller_SW4STM_Workspace/Motor_Controller/StdPeriph_Driver/inc" -I"/home/simon/Design_3_git/Motor_Controller_SW4STM_Workspace/Motor_Controller/inc" -I"/home/simon/Design_3_git/Motor_Controller_SW4STM_Workspace/Motor_Controller/CMSIS/device" -I"/home/simon/Design_3_git/Motor_Controller_SW4STM_Workspace/Motor_Controller/CMSIS/core" -O0 -g3 -Wall -fmessage-length=0 -ffunction-sections -c -MMD -MP -MF"src/Motor/PID.d" -MT"src/Motor/PID.o" -o "src/Motor/PID.o" "../src/Motor/PID.c"
Finished building: ../src/Motor/PID.c
 
Building target: Motor_Controller.elf
Invoking: MCU GCC Linker
arm-none-eabi-gcc -mcpu=cortex-m4 -mthumb -mfloat-abi=hard -mfpu=fpv4-sp-d16 -u _printf_float -T"/home/simon/Design_3_git/Motor_Controller_SW4STM_Workspace/Motor_Controller/LinkerScript.ld" -Wl,-Map=output.map -Wl,--gc-sections -o "Motor_Controller.elf" @"objects.list"   -lm
Finished building target: Motor_Controller.elf
 
make --no-print-directory post-build
Generating binary and Printing size information:
arm-none-eabi-objcopy -O binary "Motor_Controller.elf" "Motor_Controller.bin"
arm-none-eabi-size "Motor_Controller.elf"
   text	   data	    bss	    dec	    hex	filename
  12784	   1120	   1740	  15644	   3d1c	Motor_Controller.elf
 
19:19:24 **** Incremental Build of configuration Debug for project Motor_Controller ****
make -j8 all 
Building file: ../src/Motor/PID.c
Building file: ../src/main.c
Invoking: MCU GCC Compiler
Invoking: MCU GCC Compiler
/home/simon/Design_3_git/Motor_Controller_SW4STM_Workspace/Motor_Controller/Debug
/home/simon/Design_3_git/Motor_Controller_SW4STM_Workspace/Motor_Controller/Debug
arm-none-eabi-gcc -mcpu=cortex-m4 -mthumb -mfloat-abi=hard -mfpu=fpv4-sp-d16 -DSTM32 -DSTM32F4 -DSTM32F407VGTx -DSTM32F407G_DISC1 -DDEBUG -DSTM32F40XX -DSTM32F40_41xxx -DUSE_STDPERIPH_DRIVER -I"/home/simon/Design_3_git/Motor_Controller_SW4STM_Workspace/Motor_Controller/StdPeriph_Driver/inc" -I"/home/simon/Design_3_git/Motor_Controller_SW4STM_Workspace/Motor_Controller/inc" -I"/home/simon/Design_3_git/Motor_Controller_SW4STM_Workspace/Motor_Controller/CMSIS/device" -I"/home/simon/Design_3_git/Motor_Controller_SW4STM_Workspace/Motor_Controller/CMSIS/core" -O0 -g3 -Wall -fmessage-length=0 -ffunction-sections -c -MMD -MP -MF"src/Motor/PID.d" -MT"src/Motor/PID.o" -o "src/Motor/PID.o" "../src/Motor/PID.c"
arm-none-eabi-gcc -mcpu=cortex-m4 -mthumb -mfloat-abi=hard -mfpu=fpv4-sp-d16 -DSTM32 -DSTM32F4 -DSTM32F407VGTx -DSTM32F407G_DISC1 -DDEBUG -DSTM32F40XX -DSTM32F40_41xxx -DUSE_STDPERIPH_DRIVER -I"/home/simon/Design_3_git/Motor_Controller_SW4STM_Workspace/Motor_Controller/StdPeriph_Driver/inc" -I"/home/simon/Design_3_git/Motor_Controller_SW4STM_Workspace/Motor_Controller/inc" -I"/home/simon/Design_3_git/Motor_Controller_SW4STM_Workspace/Motor_Controller/CMSIS/device" -I"/home/simon/Design_3_git/Motor_Controller_SW4STM_Workspace/Motor_Controller/CMSIS/core" -O0 -g3 -Wall -fmessage-length=0 -ffunction-sections -c -MMD -MP -MF"src/main.d" -MT"src/main.o" -o "src/main.o" "../src/main.c"
Finished building: ../src/main.c
 
Finished building: ../src/Motor/PID.c
 
Building target: Motor_Controller.elf
Invoking: MCU GCC Linker
arm-none-eabi-gcc -mcpu=cortex-m4 -mthumb -mfloat-abi=hard -mfpu=fpv4-sp-d16 -u _printf_float -T"/home/simon/Design_3_git/Motor_Controller_SW4STM_Workspace/Motor_Controller/LinkerScript.ld" -Wl,-Map=output.map -Wl,--gc-sections -o "Motor_Controller.elf" @"objects.list"   -lm
Finished building target: Motor_Controller.elf
 
make --no-print-directory post-build
Generating binary and Printing size information:
arm-none-eabi-objcopy -O binary "Motor_Controller.elf" "Motor_Controller.bin"
arm-none-eabi-size "Motor_Controller.elf"
   text	   data	    bss	    dec	    hex	filename
  12800	   1120	   1740	  15660	   3d2c	Motor_Controller.elf
 
19:19:27 **** Incremental Build of configuration Debug for project Motor_Controller ****
make -j8 all 
make: Nothing to be done for 'all'.
19:24:10 **** Incremental Build of configuration Debug for project Motor_Controller ****
make -j8 all 
Building file: ../src/main.c
Invoking: MCU GCC Compiler
/home/simon/Design_3_git/Motor_Controller_SW4STM_Workspace/Motor_Controller/Debug
arm-none-eabi-gcc -mcpu=cortex-m4 -mthumb -mfloat-abi=hard -mfpu=fpv4-sp-d16 -DSTM32 -DSTM32F4 -DSTM32F407VGTx -DSTM32F407G_DISC1 -DDEBUG -DSTM32F40XX -DSTM32F40_41xxx -DUSE_STDPERIPH_DRIVER -I"/home/simon/Design_3_git/Motor_Controller_SW4STM_Workspace/Motor_Controller/StdPeriph_Driver/inc" -I"/home/simon/Design_3_git/Motor_Controller_SW4STM_Workspace/Motor_Controller/inc" -I"/home/simon/Design_3_git/Motor_Controller_SW4STM_Workspace/Motor_Controller/CMSIS/device" -I"/home/simon/Design_3_git/Motor_Controller_SW4STM_Workspace/Motor_Controller/CMSIS/core" -O0 -g3 -Wall -fmessage-length=0 -ffunction-sections -c -MMD -MP -MF"src/main.d" -MT"src/main.o" -o "src/main.o" "../src/main.c"
Finished building: ../src/main.c
 
Building target: Motor_Controller.elf
Invoking: MCU GCC Linker
arm-none-eabi-gcc -mcpu=cortex-m4 -mthumb -mfloat-abi=hard -mfpu=fpv4-sp-d16 -u _printf_float -T"/home/simon/Design_3_git/Motor_Controller_SW4STM_Workspace/Motor_Controller/LinkerScript.ld" -Wl,-Map=output.map -Wl,--gc-sections -o "Motor_Controller.elf" @"objects.list"   -lm
Finished building target: Motor_Controller.elf
 
make --no-print-directory post-build
Generating binary and Printing size information:
arm-none-eabi-objcopy -O binary "Motor_Controller.elf" "Motor_Controller.bin"
arm-none-eabi-size "Motor_Controller.elf"
   text	   data	    bss	    dec	    hex	filename
  12808	   1120	   1740	  15668	   3d34	Motor_Controller.elf
 
19:26:33 **** Incremental Build of configuration Debug for project Motor_Controller ****
make -j8 all 
Building file: ../src/main.c
Invoking: MCU GCC Compiler
/home/simon/Design_3_git/Motor_Controller_SW4STM_Workspace/Motor_Controller/Debug
arm-none-eabi-gcc -mcpu=cortex-m4 -mthumb -mfloat-abi=hard -mfpu=fpv4-sp-d16 -DSTM32 -DSTM32F4 -DSTM32F407VGTx -DSTM32F407G_DISC1 -DDEBUG -DSTM32F40XX -DSTM32F40_41xxx -DUSE_STDPERIPH_DRIVER -I"/home/simon/Design_3_git/Motor_Controller_SW4STM_Workspace/Motor_Controller/StdPeriph_Driver/inc" -I"/home/simon/Design_3_git/Motor_Controller_SW4STM_Workspace/Motor_Controller/inc" -I"/home/simon/Design_3_git/Motor_Controller_SW4STM_Workspace/Motor_Controller/CMSIS/device" -I"/home/simon/Design_3_git/Motor_Controller_SW4STM_Workspace/Motor_Controller/CMSIS/core" -O0 -g3 -Wall -fmessage-length=0 -ffunction-sections -c -MMD -MP -MF"src/main.d" -MT"src/main.o" -o "src/main.o" "../src/main.c"
Finished building: ../src/main.c
 
Building target: Motor_Controller.elf
Invoking: MCU GCC Linker
arm-none-eabi-gcc -mcpu=cortex-m4 -mthumb -mfloat-abi=hard -mfpu=fpv4-sp-d16 -u _printf_float -T"/home/simon/Design_3_git/Motor_Controller_SW4STM_Workspace/Motor_Controller/LinkerScript.ld" -Wl,-Map=output.map -Wl,--gc-sections -o "Motor_Controller.elf" @"objects.list"   -lm
Finished building target: Motor_Controller.elf
 
make --no-print-directory post-build
Generating binary and Printing size information:
arm-none-eabi-objcopy -O binary "Motor_Controller.elf" "Motor_Controller.bin"
arm-none-eabi-size "Motor_Controller.elf"
   text	   data	    bss	    dec	    hex	filename
  12800	   1120	   1740	  15660	   3d2c	Motor_Controller.elf
 
19:26:34 **** Incremental Build of configuration Debug for project Motor_Controller ****
make -j8 all 
make: Nothing to be done for 'all'.
19:32:39 **** Incremental Build of configuration Debug for project Motor_Controller ****
make -j8 all 
Building file: ../src/Motor/Motor.c
Invoking: MCU GCC Compiler
/home/simon/Design_3_git/Motor_Controller_SW4STM_Workspace/Motor_Controller/Debug
arm-none-eabi-gcc -mcpu=cortex-m4 -mthumb -mfloat-abi=hard -mfpu=fpv4-sp-d16 -DSTM32 -DSTM32F4 -DSTM32F407VGTx -DSTM32F407G_DISC1 -DDEBUG -DSTM32F40XX -DSTM32F40_41xxx -DUSE_STDPERIPH_DRIVER -I"/home/simon/Design_3_git/Motor_Controller_SW4STM_Workspace/Motor_Controller/StdPeriph_Driver/inc" -I"/home/simon/Design_3_git/Motor_Controller_SW4STM_Workspace/Motor_Controller/inc" -I"/home/simon/Design_3_git/Motor_Controller_SW4STM_Workspace/Motor_Controller/CMSIS/device" -I"/home/simon/Design_3_git/Motor_Controller_SW4STM_Workspace/Motor_Controller/CMSIS/core" -O0 -g3 -Wall -fmessage-length=0 -ffunction-sections -c -MMD -MP -MF"src/Motor/Motor.d" -MT"src/Motor/Motor.o" -o "src/Motor/Motor.o" "../src/Motor/Motor.c"
Finished building: ../src/Motor/Motor.c
 
Building target: Motor_Controller.elf
Invoking: MCU GCC Linker
arm-none-eabi-gcc -mcpu=cortex-m4 -mthumb -mfloat-abi=hard -mfpu=fpv4-sp-d16 -u _printf_float -T"/home/simon/Design_3_git/Motor_Controller_SW4STM_Workspace/Motor_Controller/LinkerScript.ld" -Wl,-Map=output.map -Wl,--gc-sections -o "Motor_Controller.elf" @"objects.list"   -lm
Finished building target: Motor_Controller.elf
 
make --no-print-directory post-build
Generating binary and Printing size information:
arm-none-eabi-objcopy -O binary "Motor_Controller.elf" "Motor_Controller.bin"
arm-none-eabi-size "Motor_Controller.elf"
   text	   data	    bss	    dec	    hex	filename
  12792	   1120	   1740	  15652	   3d24	Motor_Controller.elf
 
22:23:44 **** Incremental Build of configuration Debug for project Motor_Controller ****
make -j8 all 
Building file: ../src/Motor/Motor.c
Invoking: MCU GCC Compiler
Building file: ../src/main.c
Building file: ../src/Motor/PID.c
Invoking: MCU GCC Compiler
/home/simon/Design_3_git/Motor_Controller_SW4STM_Workspace/Motor_Controller/Debug
Invoking: MCU GCC Compiler
arm-none-eabi-gcc -mcpu=cortex-m4 -mthumb -mfloat-abi=hard -mfpu=fpv4-sp-d16 -DSTM32 -DSTM32F4 -DSTM32F407VGTx -DSTM32F407G_DISC1 -DDEBUG -DSTM32F40XX -DSTM32F40_41xxx -DUSE_STDPERIPH_DRIVER -I"/home/simon/Design_3_git/Motor_Controller_SW4STM_Workspace/Motor_Controller/StdPeriph_Driver/inc" -I"/home/simon/Design_3_git/Motor_Controller_SW4STM_Workspace/Motor_Controller/inc" -I"/home/simon/Design_3_git/Motor_Controller_SW4STM_Workspace/Motor_Controller/CMSIS/device" -I"/home/simon/Design_3_git/Motor_Controller_SW4STM_Workspace/Motor_Controller/CMSIS/core" -O0 -g3 -Wall -fmessage-length=0 -ffunction-sections -c -MMD -MP -MF"src/Motor/Motor.d" -MT"src/Motor/Motor.o" -o "src/Motor/Motor.o" "../src/Motor/Motor.c"
/home/simon/Design_3_git/Motor_Controller_SW4STM_Workspace/Motor_Controller/Debug
arm-none-eabi-gcc -mcpu=cortex-m4 -mthumb -mfloat-abi=hard -mfpu=fpv4-sp-d16 -DSTM32 -DSTM32F4 -DSTM32F407VGTx -DSTM32F407G_DISC1 -DDEBUG -DSTM32F40XX -DSTM32F40_41xxx -DUSE_STDPERIPH_DRIVER -I"/home/simon/Design_3_git/Motor_Controller_SW4STM_Workspace/Motor_Controller/StdPeriph_Driver/inc" -I"/home/simon/Design_3_git/Motor_Controller_SW4STM_Workspace/Motor_Controller/inc" -I"/home/simon/Design_3_git/Motor_Controller_SW4STM_Workspace/Motor_Controller/CMSIS/device" -I"/home/simon/Design_3_git/Motor_Controller_SW4STM_Workspace/Motor_Controller/CMSIS/core" -O0 -g3 -Wall -fmessage-length=0 -ffunction-sections -c -MMD -MP -MF"src/Motor/PID.d" -MT"src/Motor/PID.o" -o "src/Motor/PID.o" "../src/Motor/PID.c"
/home/simon/Design_3_git/Motor_Controller_SW4STM_Workspace/Motor_Controller/Debug
arm-none-eabi-gcc -mcpu=cortex-m4 -mthumb -mfloat-abi=hard -mfpu=fpv4-sp-d16 -DSTM32 -DSTM32F4 -DSTM32F407VGTx -DSTM32F407G_DISC1 -DDEBUG -DSTM32F40XX -DSTM32F40_41xxx -DUSE_STDPERIPH_DRIVER -I"/home/simon/Design_3_git/Motor_Controller_SW4STM_Workspace/Motor_Controller/StdPeriph_Driver/inc" -I"/home/simon/Design_3_git/Motor_Controller_SW4STM_Workspace/Motor_Controller/inc" -I"/home/simon/Design_3_git/Motor_Controller_SW4STM_Workspace/Motor_Controller/CMSIS/device" -I"/home/simon/Design_3_git/Motor_Controller_SW4STM_Workspace/Motor_Controller/CMSIS/core" -O0 -g3 -Wall -fmessage-length=0 -ffunction-sections -c -MMD -MP -MF"src/main.d" -MT"src/main.o" -o "src/main.o" "../src/main.c"
../src/main.c: In function 'main':
../src/main.c:74:4: warning: implicit declaration of function 'PID_compute' [-Wimplicit-function-declaration]
    PID_compute();
    ^~~~~~~~~~~
../src/main.c:85:26: error: 'PID_t {aka struct <anonymous>}' has no member named 'pid'
    send_float_value(PID_1.pid * 10.0);
                          ^
../src/main.c: In function 'execute_received_command':
../src/main.c:134:3: warning: implicit declaration of function 'PID_reset' [-Wimplicit-function-declaration]
   PID_reset();
   ^~~~~~~~~
src/subdir.mk:27: recipe for target 'src/main.o' failed
make: *** [src/main.o] Error 1
make: *** Waiting for unfinished jobs....
../src/Motor/PID.c: In function 'PID_2_compute':
../src/Motor/PID.c:137:2: warning: implicit declaration of function 'motor2_set_speed_percent' [-Wimplicit-function-declaration]
  motor2_set_speed_percent(PID_2.pid_output);
  ^~~~~~~~~~~~~~~~~~~~~~~~
../src/Motor/PID.c: In function 'PID_3_compute':
../src/Motor/PID.c:201:2: warning: implicit declaration of function 'motor3_set_speed_percent' [-Wimplicit-function-declaration]
  motor3_set_speed_percent(PID_3.pid_output);
  ^~~~~~~~~~~~~~~~~~~~~~~~
../src/Motor/PID.c: In function 'PID_4_compute':
../src/Motor/PID.c:265:2: warning: implicit declaration of function 'motor4_set_speed_percent' [-Wimplicit-function-declaration]
  motor4_set_speed_percent(PID_4.pid_output);
  ^~~~~~~~~~~~~~~~~~~~~~~~
Finished building: ../src/Motor/Motor.c
 
Finished building: ../src/Motor/PID.c
 
22:24:01 **** Incremental Build of configuration Debug for project Motor_Controller ****
make -j8 all 
Building file: ../src/main.c
Invoking: MCU GCC Compiler
/home/simon/Design_3_git/Motor_Controller_SW4STM_Workspace/Motor_Controller/Debug
[...]
arm-none-eabi-gcc -mcpu=cortex-m4 -mthumb -mfloat-abi=hard -mfpu=fpv4-sp-d16 -DSTM32 -DSTM32F4 -DSTM32F407VGTx -DSTM32F407G_DISC1 -DDEBUG -DSTM32F40XX -DSTM32F40_41xxx -DUSE_STDPERIPH_DRIVER -I"/home/simon/Design_3_git/Motor_Controller_SW4STM_Workspace/Motor_Controller/StdPeriph_Driver/inc" -I"/home/simon/Design_3_git/Motor_Controller_SW4STM_Workspace/Motor_Controller/inc" -I"/home/simon/Design_3_git/Motor_Controller_SW4STM_Workspace/Motor_Controller/CMSIS/device" -I"/home/simon/Design_3_git/Motor_Controller_SW4STM_Workspace/Motor_Controller/CMSIS/core" -O0 -g3 -Wall -fmessage-length=0 -ffunction-sections -c -MMD -MP -MF"src/main.d" -MT"src/main.o" -o "src/main.o" "../src/main.c"
Finished building: ../src/main.c
 
Building target: Motor_Controller.elf
Invoking: MCU GCC Linker
arm-none-eabi-gcc -mcpu=cortex-m4 -mthumb -mfloat-abi=hard -mfpu=fpv4-sp-d16 -u _printf_float -T"/home/simon/Design_3_git/Motor_Controller_SW4STM_Workspace/Motor_Controller/LinkerScript.ld" -Wl,-Map=output.map -Wl,--gc-sections -o "Motor_Controller.elf" @"objects.list"   -lm
Finished building target: Motor_Controller.elf
 
make --no-print-directory post-build
Generating binary and Printing size information:
arm-none-eabi-objcopy -O binary "Motor_Controller.elf" "Motor_Controller.bin"
arm-none-eabi-size "Motor_Controller.elf"
   text	   data	    bss	    dec	    hex	filename
  14048	   1120	   1908	  17076	   42b4	Motor_Controller.elf
 
22:57:36 **** Incremental Build of configuration Debug for project Motor_Controller ****
make -j8 all 
Building file: ../src/main.c
Invoking: MCU GCC Compiler
/home/simon/Design_3_git/Motor_Controller_SW4STM_Workspace/Motor_Controller/Debug
arm-none-eabi-gcc -mcpu=cortex-m4 -mthumb -mfloat-abi=hard -mfpu=fpv4-sp-d16 -DSTM32 -DSTM32F4 -DSTM32F407VGTx -DSTM32F407G_DISC1 -DDEBUG -DSTM32F40XX -DSTM32F40_41xxx -DUSE_STDPERIPH_DRIVER -I"/home/simon/Design_3_git/Motor_Controller_SW4STM_Workspace/Motor_Controller/StdPeriph_Driver/inc" -I"/home/simon/Design_3_git/Motor_Controller_SW4STM_Workspace/Motor_Controller/inc" -I"/home/simon/Design_3_git/Motor_Controller_SW4STM_Workspace/Motor_Controller/CMSIS/device" -I"/home/simon/Design_3_git/Motor_Controller_SW4STM_Workspace/Motor_Controller/CMSIS/core" -O0 -g3 -Wall -fmessage-length=0 -ffunction-sections -c -MMD -MP -MF"src/main.d" -MT"src/main.o" -o "src/main.o" "../src/main.c"
Finished building: ../src/main.c
 
Building target: Motor_Controller.elf
Invoking: MCU GCC Linker
arm-none-eabi-gcc -mcpu=cortex-m4 -mthumb -mfloat-abi=hard -mfpu=fpv4-sp-d16 -u _printf_float -T"/home/simon/Design_3_git/Motor_Controller_SW4STM_Workspace/Motor_Controller/LinkerScript.ld" -Wl,-Map=output.map -Wl,--gc-sections -o "Motor_Controller.elf" @"objects.list"   -lm
Finished building target: Motor_Controller.elf
 
make --no-print-directory post-build
Generating binary and Printing size information:
arm-none-eabi-objcopy -O binary "Motor_Controller.elf" "Motor_Controller.bin"
arm-none-eabi-size "Motor_Controller.elf"
   text	   data	    bss	    dec	    hex	filename
  14184	   1120	   1908	  17212	   433c	Motor_Controller.elf
 
22:58:12 **** Incremental Build of configuration Debug for project Motor_Controller ****
make -j8 all 
Building file: ../src/main.c
Invoking: MCU GCC Compiler
/home/simon/Design_3_git/Motor_Controller_SW4STM_Workspace/Motor_Controller/Debug
arm-none-eabi-gcc -mcpu=cortex-m4 -mthumb -mfloat-abi=hard -mfpu=fpv4-sp-d16 -DSTM32 -DSTM32F4 -DSTM32F407VGTx -DSTM32F407G_DISC1 -DDEBUG -DSTM32F40XX -DSTM32F40_41xxx -DUSE_STDPERIPH_DRIVER -I"/home/simon/Design_3_git/Motor_Controller_SW4STM_Workspace/Motor_Controller/StdPeriph_Driver/inc" -I"/home/simon/Design_3_git/Motor_Controller_SW4STM_Workspace/Motor_Controller/inc" -I"/home/simon/Design_3_git/Motor_Controller_SW4STM_Workspace/Motor_Controller/CMSIS/device" -I"/home/simon/Design_3_git/Motor_Controller_SW4STM_Workspace/Motor_Controller/CMSIS/core" -O0 -g3 -Wall -fmessage-length=0 -ffunction-sections -c -MMD -MP -MF"src/main.d" -MT"src/main.o" -o "src/main.o" "../src/main.c"
Finished building: ../src/main.c
 
Building target: Motor_Controller.elf
Invoking: MCU GCC Linker
arm-none-eabi-gcc -mcpu=cortex-m4 -mthumb -mfloat-abi=hard -mfpu=fpv4-sp-d16 -u _printf_float -T"/home/simon/Design_3_git/Motor_Controller_SW4STM_Workspace/Motor_Controller/LinkerScript.ld" -Wl,-Map=output.map -Wl,--gc-sections -o "Motor_Controller.elf" @"objects.list"   -lm
Finished building target: Motor_Controller.elf
 
make --no-print-directory post-build
Generating binary and Printing size information:
arm-none-eabi-objcopy -O binary "Motor_Controller.elf" "Motor_Controller.bin"
arm-none-eabi-size "Motor_Controller.elf"
   text	   data	    bss	    dec	    hex	filename
  14184	   1120	   1908	  17212	   433c	Motor_Controller.elf
 
22:59:40 **** Incremental Build of configuration Debug for project Motor_Controller ****
make -j8 all 
Building file: ../src/main.c
Invoking: MCU GCC Compiler
/home/simon/Design_3_git/Motor_Controller_SW4STM_Workspace/Motor_Controller/Debug
arm-none-eabi-gcc -mcpu=cortex-m4 -mthumb -mfloat-abi=hard -mfpu=fpv4-sp-d16 -DSTM32 -DSTM32F4 -DSTM32F407VGTx -DSTM32F407G_DISC1 -DDEBUG -DSTM32F40XX -DSTM32F40_41xxx -DUSE_STDPERIPH_DRIVER -I"/home/simon/Design_3_git/Motor_Controller_SW4STM_Workspace/Motor_Controller/StdPeriph_Driver/inc" -I"/home/simon/Design_3_git/Motor_Controller_SW4STM_Workspace/Motor_Controller/inc" -I"/home/simon/Design_3_git/Motor_Controller_SW4STM_Workspace/Motor_Controller/CMSIS/device" -I"/home/simon/Design_3_git/Motor_Controller_SW4STM_Workspace/Motor_Controller/CMSIS/core" -O0 -g3 -Wall -fmessage-length=0 -ffunction-sections -c -MMD -MP -MF"src/main.d" -MT"src/main.o" -o "src/main.o" "../src/main.c"
Finished building: ../src/main.c
 
Building target: Motor_Controller.elf
Invoking: MCU GCC Linker
arm-none-eabi-gcc -mcpu=cortex-m4 -mthumb -mfloat-abi=hard -mfpu=fpv4-sp-d16 -u _printf_float -T"/home/simon/Design_3_git/Motor_Controller_SW4STM_Workspace/Motor_Controller/LinkerScript.ld" -Wl,-Map=output.map -Wl,--gc-sections -o "Motor_Controller.elf" @"objects.list"   -lm
Finished building target: Motor_Controller.elf
 
make --no-print-directory post-build
Generating binary and Printing size information:
arm-none-eabi-objcopy -O binary "Motor_Controller.elf" "Motor_Controller.bin"
arm-none-eabi-size "Motor_Controller.elf"
   text	   data	    bss	    dec	    hex	filename
  14188	   1120	   1908	  17216	   4340	Motor_Controller.elf
 
23:03:02 **** Incremental Build of configuration Debug for project Motor_Controller ****
make -j8 all 
Building file: ../src/Motor/PID.c
Invoking: MCU GCC Compiler
/home/simon/Design_3_git/Motor_Controller_SW4STM_Workspace/Motor_Controller/Debug
arm-none-eabi-gcc -mcpu=cortex-m4 -mthumb -mfloat-abi=hard -mfpu=fpv4-sp-d16 -DSTM32 -DSTM32F4 -DSTM32F407VGTx -DSTM32F407G_DISC1 -DDEBUG -DSTM32F40XX -DSTM32F40_41xxx -DUSE_STDPERIPH_DRIVER -I"/home/simon/Design_3_git/Motor_Controller_SW4STM_Workspace/Motor_Controller/StdPeriph_Driver/inc" -I"/home/simon/Design_3_git/Motor_Controller_SW4STM_Workspace/Motor_Controller/inc" -I"/home/simon/Design_3_git/Motor_Controller_SW4STM_Workspace/Motor_Controller/CMSIS/device" -I"/home/simon/Design_3_git/Motor_Controller_SW4STM_Workspace/Motor_Controller/CMSIS/core" -O0 -g3 -Wall -fmessage-length=0 -ffunction-sections -c -MMD -MP -MF"src/Motor/PID.d" -MT"src/Motor/PID.o" -o "src/Motor/PID.o" "../src/Motor/PID.c"
Finished building: ../src/Motor/PID.c
 
Building target: Motor_Controller.elf
Invoking: MCU GCC Linker
arm-none-eabi-gcc -mcpu=cortex-m4 -mthumb -mfloat-abi=hard -mfpu=fpv4-sp-d16 -u _printf_float -T"/home/simon/Design_3_git/Motor_Controller_SW4STM_Workspace/Motor_Controller/LinkerScript.ld" -Wl,-Map=output.map -Wl,--gc-sections -o "Motor_Controller.elf" @"objects.list"   -lm
Finished building target: Motor_Controller.elf
 
make --no-print-directory post-build
Generating binary and Printing size information:
arm-none-eabi-objcopy -O binary "Motor_Controller.elf" "Motor_Controller.bin"
arm-none-eabi-size "Motor_Controller.elf"
   text	   data	    bss	    dec	    hex	filename
  14264	   1120	   1908	  17292	   438c	Motor_Controller.elf
 
23:03:04 **** Incremental Build of configuration Debug for project Motor_Controller ****
make -j8 all 
make: Nothing to be done for 'all'.
23:03:25 **** Incremental Build of configuration Debug for project Motor_Controller ****
make -j8 all 
Building file: ../src/main.c
Invoking: MCU GCC Compiler
/home/simon/Design_3_git/Motor_Controller_SW4STM_Workspace/Motor_Controller/Debug
arm-none-eabi-gcc -mcpu=cortex-m4 -mthumb -mfloat-abi=hard -mfpu=fpv4-sp-d16 -DSTM32 -DSTM32F4 -DSTM32F407VGTx -DSTM32F407G_DISC1 -DDEBUG -DSTM32F40XX -DSTM32F40_41xxx -DUSE_STDPERIPH_DRIVER -I"/home/simon/Design_3_git/Motor_Controller_SW4STM_Workspace/Motor_Controller/StdPeriph_Driver/inc" -I"/home/simon/Design_3_git/Motor_Controller_SW4STM_Workspace/Motor_Controller/inc" -I"/home/simon/Design_3_git/Motor_Controller_SW4STM_Workspace/Motor_Controller/CMSIS/device" -I"/home/simon/Design_3_git/Motor_Controller_SW4STM_Workspace/Motor_Controller/CMSIS/core" -O0 -g3 -Wall -fmessage-length=0 -ffunction-sections -c -MMD -MP -MF"src/main.d" -MT"src/main.o" -o "src/main.o" "../src/main.c"
Finished building: ../src/main.c
 
Building target: Motor_Controller.elf
Invoking: MCU GCC Linker
arm-none-eabi-gcc -mcpu=cortex-m4 -mthumb -mfloat-abi=hard -mfpu=fpv4-sp-d16 -u _printf_float -T"/home/simon/Design_3_git/Motor_Controller_SW4STM_Workspace/Motor_Controller/LinkerScript.ld" -Wl,-Map=output.map -Wl,--gc-sections -o "Motor_Controller.elf" @"objects.list"   -lm
Finished building target: Motor_Controller.elf
 
make --no-print-directory post-build
Generating binary and Printing size information:
arm-none-eabi-objcopy -O binary "Motor_Controller.elf" "Motor_Controller.bin"
arm-none-eabi-size "Motor_Controller.elf"
   text	   data	    bss	    dec	    hex	filename
  14264	   1120	   1908	  17292	   438c	Motor_Controller.elf
 
23:20:41 **** Incremental Build of configuration Debug for project Motor_Controller ****
make -j8 all 
Building file: ../src/main.c
Invoking: MCU GCC Compiler
/home/simon/Design_3_git/Motor_Controller_SW4STM_Workspace/Motor_Controller/Debug
arm-none-eabi-gcc -mcpu=cortex-m4 -mthumb -mfloat-abi=hard -mfpu=fpv4-sp-d16 -DSTM32 -DSTM32F4 -DSTM32F407VGTx -DSTM32F407G_DISC1 -DDEBUG -DSTM32F40XX -DSTM32F40_41xxx -DUSE_STDPERIPH_DRIVER -I"/home/simon/Design_3_git/Motor_Controller_SW4STM_Workspace/Motor_Controller/StdPeriph_Driver/inc" -I"/home/simon/Design_3_git/Motor_Controller_SW4STM_Workspace/Motor_Controller/inc" -I"/home/simon/Design_3_git/Motor_Controller_SW4STM_Workspace/Motor_Controller/CMSIS/device" -I"/home/simon/Design_3_git/Motor_Controller_SW4STM_Workspace/Motor_Controller/CMSIS/core" -O0 -g3 -Wall -fmessage-length=0 -ffunction-sections -c -MMD -MP -MF"src/main.d" -MT"src/main.o" -o "src/main.o" "../src/main.c"
Finished building: ../src/main.c
 
Building target: Motor_Controller.elf
Invoking: MCU GCC Linker
arm-none-eabi-gcc -mcpu=cortex-m4 -mthumb -mfloat-abi=hard -mfpu=fpv4-sp-d16 -u _printf_float -T"/home/simon/Design_3_git/Motor_Controller_SW4STM_Workspace/Motor_Controller/LinkerScript.ld" -Wl,-Map=output.map -Wl,--gc-sections -o "Motor_Controller.elf" @"objects.list"   -lm
Finished building target: Motor_Controller.elf
 
make --no-print-directory post-build
Generating binary and Printing size information:
arm-none-eabi-objcopy -O binary "Motor_Controller.elf" "Motor_Controller.bin"
arm-none-eabi-size "Motor_Controller.elf"
   text	   data	    bss	    dec	    hex	filename
  14280	   1120	   1908	  17308	   439c	Motor_Controller.elf
 
23:22:38 **** Incremental Build of configuration Debug for project Motor_Controller ****
make -j8 all 
Building file: ../src/main.c
Invoking: MCU GCC Compiler
/home/simon/Design_3_git/Motor_Controller_SW4STM_Workspace/Motor_Controller/Debug
arm-none-eabi-gcc -mcpu=cortex-m4 -mthumb -mfloat-abi=hard -mfpu=fpv4-sp-d16 -DSTM32 -DSTM32F4 -DSTM32F407VGTx -DSTM32F407G_DISC1 -DDEBUG -DSTM32F40XX -DSTM32F40_41xxx -DUSE_STDPERIPH_DRIVER -I"/home/simon/Design_3_git/Motor_Controller_SW4STM_Workspace/Motor_Controller/StdPeriph_Driver/inc" -I"/home/simon/Design_3_git/Motor_Controller_SW4STM_Workspace/Motor_Controller/inc" -I"/home/simon/Design_3_git/Motor_Controller_SW4STM_Workspace/Motor_Controller/CMSIS/device" -I"/home/simon/Design_3_git/Motor_Controller_SW4STM_Workspace/Motor_Controller/CMSIS/core" -O0 -g3 -Wall -fmessage-length=0 -ffunction-sections -c -MMD -MP -MF"src/main.d" -MT"src/main.o" -o "src/main.o" "../src/main.c"
Finished building: ../src/main.c
 
Building target: Motor_Controller.elf
Invoking: MCU GCC Linker
arm-none-eabi-gcc -mcpu=cortex-m4 -mthumb -mfloat-abi=hard -mfpu=fpv4-sp-d16 -u _printf_float -T"/home/simon/Design_3_git/Motor_Controller_SW4STM_Workspace/Motor_Controller/LinkerScript.ld" -Wl,-Map=output.map -Wl,--gc-sections -o "Motor_Controller.elf" @"objects.list"   -lm
Finished building target: Motor_Controller.elf
 
make --no-print-directory post-build
Generating binary and Printing size information:
arm-none-eabi-objcopy -O binary "Motor_Controller.elf" "Motor_Controller.bin"
arm-none-eabi-size "Motor_Controller.elf"
   text	   data	    bss	    dec	    hex	filename
  14280	   1120	   1908	  17308	   439c	Motor_Controller.elf
 
23:29:45 **** Incremental Build of configuration Debug for project Motor_Controller ****
make -j8 all 
Building file: ../src/main.c
Invoking: MCU GCC Compiler
/home/simon/Design_3_git/Motor_Controller_SW4STM_Workspace/Motor_Controller/Debug
arm-none-eabi-gcc -mcpu=cortex-m4 -mthumb -mfloat-abi=hard -mfpu=fpv4-sp-d16 -DSTM32 -DSTM32F4 -DSTM32F407VGTx -DSTM32F407G_DISC1 -DDEBUG -DSTM32F40XX -DSTM32F40_41xxx -DUSE_STDPERIPH_DRIVER -I"/home/simon/Design_3_git/Motor_Controller_SW4STM_Workspace/Motor_Controller/StdPeriph_Driver/inc" -I"/home/simon/Design_3_git/Motor_Controller_SW4STM_Workspace/Motor_Controller/inc" -I"/home/simon/Design_3_git/Motor_Controller_SW4STM_Workspace/Motor_Controller/CMSIS/device" -I"/home/simon/Design_3_git/Motor_Controller_SW4STM_Workspace/Motor_Controller/CMSIS/core" -O0 -g3 -Wall -fmessage-length=0 -ffunction-sections -c -MMD -MP -MF"src/main.d" -MT"src/main.o" -o "src/main.o" "../src/main.c"
Finished building: ../src/main.c
 
Building target: Motor_Controller.elf
Invoking: MCU GCC Linker
arm-none-eabi-gcc -mcpu=cortex-m4 -mthumb -mfloat-abi=hard -mfpu=fpv4-sp-d16 -u _printf_float -T"/home/simon/Design_3_git/Motor_Controller_SW4STM_Workspace/Motor_Controller/LinkerScript.ld" -Wl,-Map=output.map -Wl,--gc-sections -o "Motor_Controller.elf" @"objects.list"   -lm
Finished building target: Motor_Controller.elf
 
make --no-print-directory post-build
Generating binary and Printing size information:
arm-none-eabi-objcopy -O binary "Motor_Controller.elf" "Motor_Controller.bin"
arm-none-eabi-size "Motor_Controller.elf"
   text	   data	    bss	    dec	    hex	filename
  14356	   1120	   1908	  17384	   43e8	Motor_Controller.elf
 
23:31:37 **** Incremental Build of configuration Debug for project Motor_Controller ****
make -j8 all 
Building file: ../src/main.c
Invoking: MCU GCC Compiler
/home/simon/Design_3_git/Motor_Controller_SW4STM_Workspace/Motor_Controller/Debug
arm-none-eabi-gcc -mcpu=cortex-m4 -mthumb -mfloat-abi=hard -mfpu=fpv4-sp-d16 -DSTM32 -DSTM32F4 -DSTM32F407VGTx -DSTM32F407G_DISC1 -DDEBUG -DSTM32F40XX -DSTM32F40_41xxx -DUSE_STDPERIPH_DRIVER -I"/home/simon/Design_3_git/Motor_Controller_SW4STM_Workspace/Motor_Controller/StdPeriph_Driver/inc" -I"/home/simon/Design_3_git/Motor_Controller_SW4STM_Workspace/Motor_Controller/inc" -I"/home/simon/Design_3_git/Motor_Controller_SW4STM_Workspace/Motor_Controller/CMSIS/device" -I"/home/simon/Design_3_git/Motor_Controller_SW4STM_Workspace/Motor_Controller/CMSIS/core" -O0 -g3 -Wall -fmessage-length=0 -ffunction-sections -c -MMD -MP -MF"src/main.d" -MT"src/main.o" -o "src/main.o" "../src/main.c"
Finished building: ../src/main.c
 
Building target: Motor_Controller.elf
Invoking: MCU GCC Linker
arm-none-eabi-gcc -mcpu=cortex-m4 -mthumb -mfloat-abi=hard -mfpu=fpv4-sp-d16 -u _printf_float -T"/home/simon/Design_3_git/Motor_Controller_SW4STM_Workspace/Motor_Controller/LinkerScript.ld" -Wl,-Map=output.map -Wl,--gc-sections -o "Motor_Controller.elf" @"objects.list"   -lm
Finished building target: Motor_Controller.elf
 
make --no-print-directory post-build
Generating binary and Printing size information:
arm-none-eabi-objcopy -O binary "Motor_Controller.elf" "Motor_Controller.bin"
arm-none-eabi-size "Motor_Controller.elf"
   text	   data	    bss	    dec	    hex	filename
  14400	   1120	   1908	  17428	   4414	Motor_Controller.elf
 
23:40:13 **** Incremental Build of configuration Debug for project Motor_Controller ****
make -j8 all 
Building file: ../src/main.c
Invoking: MCU GCC Compiler
/home/simon/Design_3_git/Motor_Controller_SW4STM_Workspace/Motor_Controller/Debug
arm-none-eabi-gcc -mcpu=cortex-m4 -mthumb -mfloat-abi=hard -mfpu=fpv4-sp-d16 -DSTM32 -DSTM32F4 -DSTM32F407VGTx -DSTM32F407G_DISC1 -DDEBUG -DSTM32F40XX -DSTM32F40_41xxx -DUSE_STDPERIPH_DRIVER -I"/home/simon/Design_3_git/Motor_Controller_SW4STM_Workspace/Motor_Controller/StdPeriph_Driver/inc" -I"/home/simon/Design_3_git/Motor_Controller_SW4STM_Workspace/Motor_Controller/inc" -I"/home/simon/Design_3_git/Motor_Controller_SW4STM_Workspace/Motor_Controller/CMSIS/device" -I"/home/simon/Design_3_git/Motor_Controller_SW4STM_Workspace/Motor_Controller/CMSIS/core" -O0 -g3 -Wall -fmessage-length=0 -ffunction-sections -c -MMD -MP -MF"src/main.d" -MT"src/main.o" -o "src/main.o" "../src/main.c"
Finished building: ../src/main.c
 
Building target: Motor_Controller.elf
Invoking: MCU GCC Linker
arm-none-eabi-gcc -mcpu=cortex-m4 -mthumb -mfloat-abi=hard -mfpu=fpv4-sp-d16 -u _printf_float -T"/home/simon/Design_3_git/Motor_Controller_SW4STM_Workspace/Motor_Controller/LinkerScript.ld" -Wl,-Map=output.map -Wl,--gc-sections -o "Motor_Controller.elf" @"objects.list"   -lm
Finished building target: Motor_Controller.elf
 
make --no-print-directory post-build
Generating binary and Printing size information:
arm-none-eabi-objcopy -O binary "Motor_Controller.elf" "Motor_Controller.bin"
arm-none-eabi-size "Motor_Controller.elf"
   text	   data	    bss	    dec	    hex	filename
  14400	   1120	   1908	  17428	   4414	Motor_Controller.elf
 
23:44:47 **** Incremental Build of configuration Debug for project Motor_Controller ****
make -j8 all 
Building file: ../src/main.c
Invoking: MCU GCC Compiler
/home/simon/Design_3_git/Motor_Controller_SW4STM_Workspace/Motor_Controller/Debug
arm-none-eabi-gcc -mcpu=cortex-m4 -mthumb -mfloat-abi=hard -mfpu=fpv4-sp-d16 -DSTM32 -DSTM32F4 -DSTM32F407VGTx -DSTM32F407G_DISC1 -DDEBUG -DSTM32F40XX -DSTM32F40_41xxx -DUSE_STDPERIPH_DRIVER -I"/home/simon/Design_3_git/Motor_Controller_SW4STM_Workspace/Motor_Controller/StdPeriph_Driver/inc" -I"/home/simon/Design_3_git/Motor_Controller_SW4STM_Workspace/Motor_Controller/inc" -I"/home/simon/Design_3_git/Motor_Controller_SW4STM_Workspace/Motor_Controller/CMSIS/device" -I"/home/simon/Design_3_git/Motor_Controller_SW4STM_Workspace/Motor_Controller/CMSIS/core" -O0 -g3 -Wall -fmessage-length=0 -ffunction-sections -c -MMD -MP -MF"src/main.d" -MT"src/main.o" -o "src/main.o" "../src/main.c"
Finished building: ../src/main.c
 
Building target: Motor_Controller.elf
Invoking: MCU GCC Linker
arm-none-eabi-gcc -mcpu=cortex-m4 -mthumb -mfloat-abi=hard -mfpu=fpv4-sp-d16 -u _printf_float -T"/home/simon/Design_3_git/Motor_Controller_SW4STM_Workspace/Motor_Controller/LinkerScript.ld" -Wl,-Map=output.map -Wl,--gc-sections -o "Motor_Controller.elf" @"objects.list"   -lm
Finished building target: Motor_Controller.elf
 
make --no-print-directory post-build
Generating binary and Printing size information:
arm-none-eabi-objcopy -O binary "Motor_Controller.elf" "Motor_Controller.bin"
arm-none-eabi-size "Motor_Controller.elf"
   text	   data	    bss	    dec	    hex	filename
  14400	   1120	   1908	  17428	   4414	Motor_Controller.elf
 
